Archive member included to satisfy reference by file (symbol)

C:/ST/STM32CubeIDE/STM32CubeIDE/plugins/com.st.stm32cube.ide.mcu.externaltools.gnu-tools-for-stm32.11.3.rel1.win32_1.1.0.202305231506/tools/bin/../lib/gcc/arm-none-eabi/11.3.1/../../../../arm-none-eabi/lib/thumb/v8-m.main+fp/hard\libc_nano.a(libc_a-exit.o)
                              C:/ST/STM32CubeIDE/STM32CubeIDE/plugins/com.st.stm32cube.ide.mcu.externaltools.gnu-tools-for-stm32.11.3.rel1.win32_1.1.0.202305231506/tools/bin/../lib/gcc/arm-none-eabi/11.3.1/../../../../arm-none-eabi/lib/thumb/v8-m.main+fp/hard/crt0.o (exit)
C:/ST/STM32CubeIDE/STM32CubeIDE/plugins/com.st.stm32cube.ide.mcu.externaltools.gnu-tools-for-stm32.11.3.rel1.win32_1.1.0.202305231506/tools/bin/../lib/gcc/arm-none-eabi/11.3.1/../../../../arm-none-eabi/lib/thumb/v8-m.main+fp/hard\libc_nano.a(libc_a-strtoul.o)
                              ./Core/Src/main.o (strtoul)
C:/ST/STM32CubeIDE/STM32CubeIDE/plugins/com.st.stm32cube.ide.mcu.externaltools.gnu-tools-for-stm32.11.3.rel1.win32_1.1.0.202305231506/tools/bin/../lib/gcc/arm-none-eabi/11.3.1/../../../../arm-none-eabi/lib/thumb/v8-m.main+fp/hard\libc_nano.a(libc_a-ctype_.o)
                              C:/ST/STM32CubeIDE/STM32CubeIDE/plugins/com.st.stm32cube.ide.mcu.externaltools.gnu-tools-for-stm32.11.3.rel1.win32_1.1.0.202305231506/tools/bin/../lib/gcc/arm-none-eabi/11.3.1/../../../../arm-none-eabi/lib/thumb/v8-m.main+fp/hard\libc_nano.a(libc_a-strtoul.o) (_ctype_)
C:/ST/STM32CubeIDE/STM32CubeIDE/plugins/com.st.stm32cube.ide.mcu.externaltools.gnu-tools-for-stm32.11.3.rel1.win32_1.1.0.202305231506/tools/bin/../lib/gcc/arm-none-eabi/11.3.1/../../../../arm-none-eabi/lib/thumb/v8-m.main+fp/hard\libc_nano.a(libc_a-findfp.o)
                              ./Middlewares/Third_Party/FreeRTOS/Source/tasks.o (__sf)
C:/ST/STM32CubeIDE/STM32CubeIDE/plugins/com.st.stm32cube.ide.mcu.externaltools.gnu-tools-for-stm32.11.3.rel1.win32_1.1.0.202305231506/tools/bin/../lib/gcc/arm-none-eabi/11.3.1/../../../../arm-none-eabi/lib/thumb/v8-m.main+fp/hard\libc_nano.a(libc_a-fwalk.o)
                              C:/ST/STM32CubeIDE/STM32CubeIDE/plugins/com.st.stm32cube.ide.mcu.externaltools.gnu-tools-for-stm32.11.3.rel1.win32_1.1.0.202305231506/tools/bin/../lib/gcc/arm-none-eabi/11.3.1/../../../../arm-none-eabi/lib/thumb/v8-m.main+fp/hard\libc_nano.a(libc_a-findfp.o) (_fwalk_sglue)
C:/ST/STM32CubeIDE/STM32CubeIDE/plugins/com.st.stm32cube.ide.mcu.externaltools.gnu-tools-for-stm32.11.3.rel1.win32_1.1.0.202305231506/tools/bin/../lib/gcc/arm-none-eabi/11.3.1/../../../../arm-none-eabi/lib/thumb/v8-m.main+fp/hard\libc_nano.a(libc_a-sprintf.o)
                              ./Core/Src/dbg.o (sprintf)
C:/ST/STM32CubeIDE/STM32CubeIDE/plugins/com.st.stm32cube.ide.mcu.externaltools.gnu-tools-for-stm32.11.3.rel1.win32_1.1.0.202305231506/tools/bin/../lib/gcc/arm-none-eabi/11.3.1/../../../../arm-none-eabi/lib/thumb/v8-m.main+fp/hard\libc_nano.a(libc_a-stdio.o)
                              C:/ST/STM32CubeIDE/STM32CubeIDE/plugins/com.st.stm32cube.ide.mcu.externaltools.gnu-tools-for-stm32.11.3.rel1.win32_1.1.0.202305231506/tools/bin/../lib/gcc/arm-none-eabi/11.3.1/../../../../arm-none-eabi/lib/thumb/v8-m.main+fp/hard\libc_nano.a(libc_a-findfp.o) (__sread)
C:/ST/STM32CubeIDE/STM32CubeIDE/plugins/com.st.stm32cube.ide.mcu.externaltools.gnu-tools-for-stm32.11.3.rel1.win32_1.1.0.202305231506/tools/bin/../lib/gcc/arm-none-eabi/11.3.1/../../../../arm-none-eabi/lib/thumb/v8-m.main+fp/hard\libc_nano.a(libc_a-memset.o)
                              C:/ST/STM32CubeIDE/STM32CubeIDE/plugins/com.st.stm32cube.ide.mcu.externaltools.gnu-tools-for-stm32.11.3.rel1.win32_1.1.0.202305231506/tools/bin/../lib/gcc/arm-none-eabi/11.3.1/../../../../arm-none-eabi/lib/thumb/v8-m.main+fp/hard/crt0.o (memset)
C:/ST/STM32CubeIDE/STM32CubeIDE/plugins/com.st.stm32cube.ide.mcu.externaltools.gnu-tools-for-stm32.11.3.rel1.win32_1.1.0.202305231506/tools/bin/../lib/gcc/arm-none-eabi/11.3.1/../../../../arm-none-eabi/lib/thumb/v8-m.main+fp/hard\libc_nano.a(libc_a-strtok.o)
                              ./Core/Src/main.o (strtok)
C:/ST/STM32CubeIDE/STM32CubeIDE/plugins/com.st.stm32cube.ide.mcu.externaltools.gnu-tools-for-stm32.11.3.rel1.win32_1.1.0.202305231506/tools/bin/../lib/gcc/arm-none-eabi/11.3.1/../../../../arm-none-eabi/lib/thumb/v8-m.main+fp/hard\libc_nano.a(libc_a-strtok_r.o)
                              C:/ST/STM32CubeIDE/STM32CubeIDE/plugins/com.st.stm32cube.ide.mcu.externaltools.gnu-tools-for-stm32.11.3.rel1.win32_1.1.0.202305231506/tools/bin/../lib/gcc/arm-none-eabi/11.3.1/../../../../arm-none-eabi/lib/thumb/v8-m.main+fp/hard\libc_nano.a(libc_a-strtok.o) (__strtok_r)
C:/ST/STM32CubeIDE/STM32CubeIDE/plugins/com.st.stm32cube.ide.mcu.externaltools.gnu-tools-for-stm32.11.3.rel1.win32_1.1.0.202305231506/tools/bin/../lib/gcc/arm-none-eabi/11.3.1/../../../../arm-none-eabi/lib/thumb/v8-m.main+fp/hard\libc_nano.a(libc_a-closer.o)
[...]
Memory Configuration

Name             Origin             Length             Attributes
RAM              0x0000000020000000 0x0000000000030000 xrw
RAM2             0x0000000020030000 0x0000000000010000 xrw
FLASH            0x0000000008000000 0x0000000000080000 xr
*default*        0x0000000000000000 0xffffffffffffffff

Linker script and memory map

LOAD C:/ST/STM32CubeIDE/STM32CubeIDE/plugins/com.st.stm32cube.ide.mcu.externaltools.gnu-tools-for-stm32.11.3.rel1.win32_1.1.0.202305231506/tools/bin/../lib/gcc/arm-none-eabi/11.3.1/thumb/v8-m.main+fp/hard/crti.o
LOAD C:/ST/STM32CubeIDE/STM32CubeIDE/plugins/com.st.stm32cube.ide.mcu.externaltools.gnu-tools-for-stm32.11.3.rel1.win32_1.1.0.202305231506/tools/bin/../lib/gcc/arm-none-eabi/11.3.1/thumb/v8-m.main+fp/hard/crtbegin.o
LOAD C:/ST/STM32CubeIDE/STM32CubeIDE/plugins/com.st.stm32cube.ide.mcu.externaltools.gnu-tools-for-stm32.11.3.rel1.win32_1.1.0.202305231506/tools/bin/../lib/gcc/arm-none-eabi/11.3.1/../../../../arm-none-eabi/lib/thumb/v8-m.main+fp/hard/crt0.o
LOAD ./Core/Src/app_freertos.o
LOAD ./Core/Src/base64.o
LOAD ./Core/Src/dbg.o
LOAD ./Core/Src/main.o
LOAD ./Core/Src/mbcrc.o
LOAD ./Core/Src/stm32l5xx_hal_msp.o
LOAD ./Core/Src/stm32l5xx_hal_timebase_tim.o
LOAD ./Core/Src/stm32l5xx_it.o
LOAD ./Core/Src/syscalls.o
LOAD ./Core/Src/sysmem.o
LOAD ./Core/Src/system_stm32l5xx.o
LOAD ./Core/Startup/startup_stm32l552vetx.o
LOAD ./Drivers/STM32L5xx_HAL_Driver/Src/stm32l5xx_hal.o
LOAD ./Drivers/STM32L5xx_HAL_Driver/Src/stm32l5xx_hal_cortex.o
LOAD ./Drivers/STM32L5xx_HAL_Driver/Src/stm32l5xx_hal_dma.o
LOAD ./Drivers/STM32L5xx_HAL_Driver/Src/stm32l5xx_hal_dma_ex.o
LOAD ./Drivers/STM32L5xx_HAL_Driver/Src/stm32l5xx_hal_exti.o
LOAD ./Drivers/STM32L5xx_HAL_Driver/Src/stm32l5xx_hal_flash.o
LOAD ./Drivers/STM32L5xx_HAL_Driver/Src/stm32l5xx_hal_flash_ex.o
LOAD ./Drivers/STM32L5xx_HAL_Driver/Src/stm32l5xx_hal_flash_ramfunc.o
LOAD ./Drivers/STM32L5xx_HAL_Driver/Src/stm32l5xx_hal_gpio.o
LOAD ./Drivers/STM32L5xx_HAL_Driver/Src/stm32l5xx_hal_i2c.o
LOAD ./Drivers/STM32L5xx_HAL_Driver/Src/stm32l5xx_hal_i2c_ex.o
LOAD ./Drivers/STM32L5xx_HAL_Driver/Src/stm32l5xx_hal_icache.o
LOAD ./Drivers/STM32L5xx_HAL_Driver/Src/stm32l5xx_hal_ospi.o
LOAD ./Drivers/STM32L5xx_HAL_Driver/Src/stm32l5xx_hal_pwr.o
LOAD ./Drivers/STM32L5xx_HAL_Driver/Src/stm32l5xx_hal_pwr_ex.o
LOAD ./Drivers/STM32L5xx_HAL_Driver/Src/stm32l5xx_hal_rcc.o
LOAD ./Drivers/STM32L5xx_HAL_Driver/Src/stm32l5xx_hal_rcc_ex.o
LOAD ./Drivers/STM32L5xx_HAL_Driver/Src/stm32l5xx_hal_rtc.o
LOAD ./Drivers/STM32L5xx_HAL_Driver/Src/stm32l5xx_hal_rtc_ex.o
LOAD ./Drivers/STM32L5xx_HAL_Driver/Src/stm32l5xx_hal_sd.o
LOAD ./Drivers/STM32L5xx_HAL_Driver/Src/stm32l5xx_hal_sd_ex.o
LOAD ./Drivers/STM32L5xx_HAL_Driver/Src/stm32l5xx_hal_tim.o
LOAD ./Drivers/STM32L5xx_HAL_Driver/Src/stm32l5xx_hal_tim_ex.o
LOAD ./Drivers/STM32L5xx_HAL_Driver/Src/stm32l5xx_hal_uart.o
LOAD ./Drivers/STM32L5xx_HAL_Driver/Src/stm32l5xx_hal_uart_ex.o
LOAD ./Drivers/STM32L5xx_HAL_Driver/Src/stm32l5xx_ll_sdmmc.o
LOAD ./FATFS/App/app_fatfs.o
LOAD ./FATFS/Target/sd_diskio.o
LOAD ./Middlewares/Third_Party/FatFs/src/diskio.o
LOAD ./Middlewares/Third_Party/FatFs/src/ff.o
LOAD ./Middlewares/Third_Party/FatFs/src/ff_gen_drv.o
LOAD ./Middlewares/Third_Party/FatFs/src/option/ccsbcs.o
LOAD ./Middlewares/Third_Party/FatFs/src/option/syscall.o
LOAD ./Middlewares/Third_Party/FreeRTOS/Source/CMSIS_RTOS_V2/cmsis_os2.o
LOAD ./Middlewares/Third_Party/FreeRTOS/Source/croutine.o
LOAD ./Middlewares/Third_Party/FreeRTOS/Source/event_groups.o
LOAD ./Middlewares/Third_Party/FreeRTOS/Source/list.o
LOAD ./Middlewares/Third_Party/FreeRTOS/Source/queue.o
LOAD ./Middlewares/Third_Party/FreeRTOS/Source/stream_buffer.o
LOAD ./Middlewares/Third_Party/FreeRTOS/Source/tasks.o
LOAD ./Middlewares/Third_Party/FreeRTOS/Source/timers.o
LOAD ./Middlewares/Third_Party/FreeRTOS/Source/portable/GCC/ARM_CM33_NTZ/non_secure/port.o
LOAD ./Middlewares/Third_Party/FreeRTOS/Source/portable/GCC/ARM_CM33_NTZ/non_secure/portasm.o
LOAD ./Middlewares/Third_Party/FreeRTOS/Source/portable/MemMang/heap_4.o
START GROUP
LOAD C:/ST/STM32CubeIDE/STM32CubeIDE/plugins/com.st.stm32cube.ide.mcu.externaltools.gnu-tools-for-stm32.11.3.rel1.win32_1.1.0.202305231506/tools/bin/../lib/gcc/arm-none-eabi/11.3.1/../../../../arm-none-eabi/lib/thumb/v8-m.main+fp/hard\libc_nano.a
LOAD C:/ST/STM32CubeIDE/STM32CubeIDE/plugins/com.st.stm32cube.ide.mcu.externaltools.gnu-tools-for-stm32.11.3.rel1.win32_1.1.0.202305231506/tools/bin/../lib/gcc/arm-none-eabi/11.3.1/../../../../arm-none-eabi/lib/thumb/v8-m.main+fp/hard\libm.a
END GROUP
START GROUP
LOAD C:/ST/STM32CubeIDE/STM32CubeIDE/plugins/com.st.stm32cube.ide.mcu.externaltools.gnu-tools-for-stm32.11.3.rel1.win32_1.1.0.202305231506/tools/bin/../lib/gcc/arm-none-eabi/11.3.1/thumb/v8-m.main+fp/hard\libgcc.a
LOAD C:/ST/STM32CubeIDE/STM32CubeIDE/plugins/com.st.stm32cube.ide.mcu.externaltools.gnu-tools-for-stm32.11.3.rel1.win32_1.1.0.202305231506/tools/bin/../lib/gcc/arm-none-eabi/11.3.1/../../../../arm-none-eabi/lib/thumb/v8-m.main+fp/hard\libc_nano.a
END GROUP
START GROUP
LOAD C:/ST/STM32CubeIDE/STM32CubeIDE/plugins/com.st.stm32cube.ide.mcu.externaltools.gnu-tools-for-stm32.11.3.rel1.win32_1.1.0.202305231506/tools/bin/../lib/gcc/arm-none-eabi/11.3.1/thumb/v8-m.main+fp/hard\libgcc.a
LOAD C:/ST/STM32CubeIDE/STM32CubeIDE/plugins/com.st.stm32cube.ide.mcu.externaltools.gnu-tools-for-stm32.11.3.rel1.win32_1.1.0.202305231506/tools/bin/../lib/gcc/arm-none-eabi/11.3.1/../../../../arm-none-eabi/lib/thumb/v8-m.main+fp/hard\libc_nano.a
LOAD C:/ST/STM32CubeIDE/STM32CubeIDE/plugins/com.st.stm32cube.ide.mcu.externaltools.gnu-tools-for-stm32.11.3.rel1.win32_1.1.0.202305231506/tools/bin/../lib/gcc/arm-none-eabi/11.3.1/../../../../arm-none-eabi/lib/thumb/v8-m.main+fp/hard\libnosys.a
END GROUP
START GROUP
LOAD C:/ST/STM32CubeIDE/STM32CubeIDE/plugins/com.st.stm32cube.ide.mcu.externaltools.gnu-tools-for-stm32.11.3.rel1.win32_1.1.0.202305231506/tools/bin/../lib/gcc/arm-none-eabi/11.3.1/thumb/v8-m.main+fp/hard\libgcc.a
LOAD C:/ST/STM32CubeIDE/STM32CubeIDE/plugins/com.st.stm32cube.ide.mcu.externaltools.gnu-tools-for-stm32.11.3.rel1.win32_1.1.0.202305231506/tools/bin/../lib/gcc/arm-none-eabi/11.3.1/../../../../arm-none-eabi/lib/thumb/v8-m.main+fp/hard\libc_nano.a
LOAD C:/ST/STM32CubeIDE/STM32CubeIDE/plugins/com.st.stm32cube.ide.mcu.externaltools.gnu-tools-for-stm32.11.3.rel1.win32_1.1.0.202305231506/tools/bin/../lib/gcc/arm-none-eabi/11.3.1/../../../../arm-none-eabi/lib/thumb/v8-m.main+fp/hard\libnosys.a
END GROUP
LOAD C:/ST/STM32CubeIDE/STM32CubeIDE/plugins/com.st.stm32cube.ide.mcu.externaltools.gnu-tools-for-stm32.11.3.rel1.win32_1.1.0.202305231506/tools/bin/../lib/gcc/arm-none-eabi/11.3.1/thumb/v8-m.main+fp/hard/crtend.o
LOAD C:/ST/STM32CubeIDE/STM32CubeIDE/plugins/com.st.stm32cube.ide.mcu.externaltools.gnu-tools-for-stm32.11.3.rel1.win32_1.1.0.202305231506/tools/bin/../lib/gcc/arm-none-eabi/11.3.1/thumb/v8-m.main+fp/hard/crtn.o
                0x0000000020030000                _estack = (ORIGIN (RAM) + LENGTH (RAM))
                0x0000000000000400                _Min_Heap_Size = 0x400
                0x0000000000001000                _Min_Stack_Size = 0x1000

.isr_vector     0x0000000008000000      0x1f4
                0x0000000008000000                . = ALIGN (0x4)
 *(.isr_vector)
 .isr_vector    0x0000000008000000      0x1f4 ./Core/Startup/startup_stm32l552vetx.o
                0x0000000008000000                g_pfnVectors
                0x00000000080001f4                . = ALIGN (0x4)

.text           0x0000000008000200    0x161f4
                0x0000000008000200                . = ALIGN (0x4)
 *(.text)
 .text          0x0000000008000200       0x40 C:/ST/STM32CubeIDE/STM32CubeIDE/plugins/com.st.stm32cube.ide.mcu.externaltools.gnu-tools-for-stm32.11.3.rel1.win32_1.1.0.202305231506/tools/bin/../lib/gcc/arm-none-eabi/11.3.1/thumb/v8-m.main+fp/hard/crtbegin.o
 .text          0x0000000008000240       0x10 C:/ST/STM32CubeIDE/STM32CubeIDE/plugins/com.st.stm32cube.ide.mcu.externaltools.gnu-tools-for-stm32.11.3.rel1.win32_1.1.0.202305231506/tools/bin/../lib/gcc/arm-none-eabi/11.3.1/../../../../arm-none-eabi/lib/thumb/v8-m.main+fp/hard\libc_nano.a(libc_a-strlen.o)
                0x0000000008000240                strlen
 .text          0x0000000008000250       0x30 C:/ST/STM32CubeIDE/STM32CubeIDE/plugins/com.st.stm32cube.ide.mcu.externaltools.gnu-tools-for-stm32.11.3.rel1.win32_1.1.0.202305231506/tools/bin/../lib/gcc/arm-none-eabi/11.3.1/thumb/v8-m.main+fp/hard\libgcc.a(_aeabi_uldivmod.o)
                0x0000000008000250                __aeabi_uldivmod
 .text          0x0000000008000280      0x2ec C:/ST/STM32CubeIDE/STM32CubeIDE/plugins/com.st.stm32cube.ide.mcu.externaltools.gnu-tools-for-stm32.11.3.rel1.win32_1.1.0.202305231506/tools/bin/../lib/gcc/arm-none-eabi/11.3.1/thumb/v8-m.main+fp/hard\libgcc.a(_udivmoddi4.o)
                0x0000000008000280                __udivmoddi4
 .text          0x000000000800056c        0x4 C:/ST/STM32CubeIDE/STM32CubeIDE/plugins/com.st.stm32cube.ide.mcu.externaltools.gnu-tools-for-stm32.11.3.rel1.win32_1.1.0.202305231506/tools/bin/../lib/gcc/arm-none-eabi/11.3.1/thumb/v8-m.main+fp/hard\libgcc.a(_dvmd_tls.o)
                0x000000000800056c                __aeabi_idiv0
                0x000000000800056c                __aeabi_ldiv0
 *(.text*)
 .text.print_param
                0x0000000008000570       0x40 ./Core/Src/dbg.o
                0x0000000008000570                print_param
 .text.print_str
                0x00000000080005b0       0x3c ./Core/Src/dbg.o
                0x00000000080005b0                print_str
 .text.main     0x00000000080005ec       0xb4 ./Core/Src/main.o
                0x00000000080005ec                main
 .text.SystemClock_Config
                0x00000000080006a0       0xa8 ./Core/Src/main.o
                0x00000000080006a0                SystemClock_Config
 .text.MX_I2C1_Init
                0x0000000008000748       0x80 ./Core/Src/main.o
 .text.MX_I2C4_Init
                0x00000000080007c8       0x80 ./Core/Src/main.o
 .text.MX_ICACHE_Init
                0x0000000008000848       0x16 ./Core/Src/main.o
 *fill*         0x000000000800085e        0x2 
 .text.MX_OCTOSPI1_Init
                0x0000000008000860       0x80 ./Core/Src/main.o
 .text.MX_RTC_Init
                0x00000000080008e0       0x94 ./Core/Src/main.o
 .text.MX_SDMMC1_SD_Init
                0x0000000008000974       0x3c ./Core/Src/main.o
 .text.MX_USART1_UART_Init
                0x00000000080009b0       0x98 ./Core/Src/main.o
 .text.MX_USART2_UART_Init
                0x0000000008000a48       0x98 ./Core/Src/main.o
 .text.MX_DMA_Init
                0x0000000008000ae0       0xb4 ./Core/Src/main.o
 .text.MX_GPIO_Init
                0x0000000008000b94       0xec ./Core/Src/main.o
 .text.HAL_SD_TxCpltCallback
                0x0000000008000c80       0x20 ./Core/Src/main.o
                0x0000000008000c80                HAL_SD_TxCpltCallback
 .text.HAL_SD_RxCpltCallback
                0x0000000008000ca0       0x20 ./Core/Src/main.o
                0x0000000008000ca0                HAL_SD_RxCpltCallback
 .text.HAL_SD_ErrorCallback
                0x0000000008000cc0       0x48 ./Core/Src/main.o
                0x0000000008000cc0                HAL_SD_ErrorCallback
 .text.HAL_UART_RxCpltCallback
                0x0000000008000d08       0x9c ./Core/Src/main.o
                0x0000000008000d08                HAL_UART_RxCpltCallback
 .text.EnableMemMappedQuadMode
                0x0000000008000da4       0xb8 ./Core/Src/main.o
                0x0000000008000da4                EnableMemMappedQuadMode
 .text.EnterQuadMode
                0x0000000008000e5c       0x5c ./Core/Src/main.o
                0x0000000008000e5c                EnterQuadMode
 .text.StartDefaultTask
                0x0000000008000eb8       0x40 ./Core/Src/main.o
                0x0000000008000eb8                StartDefaultTask
 .text.sensors_f
                0x0000000008000ef8      0x6fc ./Core/Src/main.o
                0x0000000008000ef8                sensors_f
 .text.sensors_tmr_cb
                0x00000000080015f4       0x28 ./Core/Src/main.o
                0x00000000080015f4                sensors_tmr_cb
 .text.HAL_TIM_PeriodElapsedCallback
                0x000000000800161c       0x24 ./Core/Src/main.o
                0x000000000800161c                HAL_TIM_PeriodElapsedCallback
 .text.Error_Handler
                0x0000000008001640       0x28 ./Core/Src/main.o
                0x0000000008001640                Error_Handler
 .text.HAL_MspInit
                0x0000000008001668       0x54 ./Core/Src/stm32l5xx_hal_msp.o
                0x0000000008001668                HAL_MspInit
 .text.HAL_I2C_MspInit
                0x00000000080016bc      0x168 ./Core/Src/stm32l5xx_hal_msp.o
                0x00000000080016bc                HAL_I2C_MspInit
 .text.HAL_OSPI_MspInit
                0x0000000008001824       0xd4 ./Core/Src/stm32l5xx_hal_msp.o
                0x0000000008001824                HAL_OSPI_MspInit
 .text.HAL_RTC_MspInit
                0x00000000080018f8       0x7c ./Core/Src/stm32l5xx_hal_msp.o
                0x00000000080018f8                HAL_RTC_MspInit
 .text.HAL_SD_MspInit
                0x0000000008001974      0x118 ./Core/Src/stm32l5xx_hal_msp.o
                0x0000000008001974                HAL_SD_MspInit
 .text.HAL_UART_MspInit
                0x0000000008001a8c      0x1d0 ./Core/Src/stm32l5xx_hal_msp.o
                0x0000000008001a8c                HAL_UART_MspInit
 .text.HAL_InitTick
                0x0000000008001c5c       0xac ./Core/Src/stm32l5xx_hal_timebase_tim.o
                0x0000000008001c5c                HAL_InitTick
 .text.NMI_Handler
                0x0000000008001d08        0x6 ./Core/Src/stm32l5xx_it.o
                0x0000000008001d08                NMI_Handler
 .text.HardFault_Handler
                0x0000000008001d0e        0x6 ./Core/Src/stm32l5xx_it.o
                0x0000000008001d0e                HardFault_Handler
 .text.MemManage_Handler
                0x0000000008001d14        0x6 ./Core/Src/stm32l5xx_it.o
                0x0000000008001d14                MemManage_Handler
 .text.BusFault_Handler
                0x0000000008001d1a        0x6 ./Core/Src/stm32l5xx_it.o
                0x0000000008001d1a                BusFault_Handler
 .text.UsageFault_Handler
                0x0000000008001d20        0x6 ./Core/Src/stm32l5xx_it.o
                0x0000000008001d20                UsageFault_Handler
 .text.DebugMon_Handler
                0x0000000008001d26        0xe ./Core/Src/stm32l5xx_it.o
                0x0000000008001d26                DebugMon_Handler
 .text.DMA1_Channel1_IRQHandler
                0x0000000008001d34       0x14 ./Core/Src/stm32l5xx_it.o
                0x0000000008001d34                DMA1_Channel1_IRQHandler
 .text.TIM1_UP_IRQHandler
                0x0000000008001d48       0x14 ./Core/Src/stm32l5xx_it.o
                0x0000000008001d48                TIM1_UP_IRQHandler
 .text.I2C1_EV_IRQHandler
                0x0000000008001d5c       0x14 ./Core/Src/stm32l5xx_it.o
                0x0000000008001d5c                I2C1_EV_IRQHandler
 .text.I2C1_ER_IRQHandler
                0x0000000008001d70       0x14 ./Core/Src/stm32l5xx_it.o
                0x0000000008001d70                I2C1_ER_IRQHandler
 .text.USART1_IRQHandler
                0x0000000008001d84       0x14 ./Core/Src/stm32l5xx_it.o
                0x0000000008001d84                USART1_IRQHandler
 .text.USART2_IRQHandler
                0x0000000008001d98       0x14 ./Core/Src/stm32l5xx_it.o
                0x0000000008001d98                USART2_IRQHandler
 .text.OCTOSPI1_IRQHandler
                0x0000000008001dac       0x14 ./Core/Src/stm32l5xx_it.o
                0x0000000008001dac                OCTOSPI1_IRQHandler
 .text.SDMMC1_IRQHandler
                0x0000000008001dc0       0x14 ./Core/Src/stm32l5xx_it.o
                0x0000000008001dc0                SDMMC1_IRQHandler
 .text._getpid  0x0000000008001dd4       0x10 ./Core/Src/syscalls.o
                0x0000000008001dd4                _getpid
 .text._kill    0x0000000008001de4       0x20 ./Core/Src/syscalls.o
                0x0000000008001de4                _kill
 .text._exit    0x0000000008001e04       0x14 ./Core/Src/syscalls.o
                0x0000000008001e04                _exit
 .text._read    0x0000000008001e18       0x3a ./Core/Src/syscalls.o
                0x0000000008001e18                _read
 .text._write   0x0000000008001e52       0x38 ./Core/Src/syscalls.o
                0x0000000008001e52                _write
 .text._close   0x0000000008001e8a       0x18 ./Core/Src/syscalls.o
                0x0000000008001e8a                _close
 .text._fstat   0x0000000008001ea2       0x20 ./Core/Src/syscalls.o
                0x0000000008001ea2                _fstat
 .text._isatty  0x0000000008001ec2       0x16 ./Core/Src/syscalls.o
                0x0000000008001ec2                _isatty
 .text._lseek   0x0000000008001ed8       0x1a ./Core/Src/syscalls.o
                0x0000000008001ed8                _lseek
 *fill*         0x0000000008001ef2        0x2 
 .text._sbrk    0x0000000008001ef4       0x6c ./Core/Src/sysmem.o
                0x0000000008001ef4                _sbrk
 .text.SystemInit
                0x0000000008001f60       0x24 ./Core/Src/system_stm32l5xx.o
                0x0000000008001f60                SystemInit
 .text.SystemCoreClockUpdate
                0x0000000008001f84      0x15c ./Core/Src/system_stm32l5xx.o
                0x0000000008001f84                SystemCoreClockUpdate
 .text.Reset_Handler
                0x00000000080020e0       0x50 ./Core/Startup/startup_stm32l552vetx.o
                0x00000000080020e0                Reset_Handler
 .text.Default_Handler
                0x0000000008002130        0x2 ./Core/Startup/startup_stm32l552vetx.o
                0x0000000008002130                EXTI2_IRQHandler
                0x0000000008002130                TIM8_TRG_COM_IRQHandler
                0x0000000008002130                TIM8_CC_IRQHandler
                0x0000000008002130                EXTI5_IRQHandler
                0x0000000008002130                FLASH_S_IRQHandler
                0x0000000008002130                EXTI13_IRQHandler
                0x0000000008002130                TIM1_CC_IRQHandler
                0x0000000008002130                TSC_IRQHandler
                0x0000000008002130                TAMP_IRQHandler
                0x0000000008002130                TIM6_IRQHandler
                0x0000000008002130                EXTI12_IRQHandler
                0x0000000008002130                DMA2_Channel8_IRQHandler
                0x0000000008002130                EXTI3_IRQHandler
                0x0000000008002130                EXTI8_IRQHandler
                0x0000000008002130                LPTIM2_IRQHandler
                0x0000000008002130                DFSDM1_FLT1_IRQHandler
                0x0000000008002130                USB_FS_IRQHandler
                0x0000000008002130                I2C3_ER_IRQHandler
                0x0000000008002130                DFSDM1_FLT2_IRQHandler
                0x0000000008002130                DMAMUX1_IRQHandler
                0x0000000008002130                LPTIM3_IRQHandler
                0x0000000008002130                EXTI0_IRQHandler
                0x0000000008002130                I2C2_EV_IRQHandler
                0x0000000008002130                FPU_IRQHandler
                0x0000000008002130                FDCAN1_IT1_IRQHandler
                0x0000000008002130                ADC1_2_IRQHandler
                0x0000000008002130                SPI1_IRQHandler
                0x0000000008002130                TIM8_UP_IRQHandler
                0x0000000008002130                RCC_S_IRQHandler
                0x0000000008002130                DMA2_Channel2_IRQHandler
                0x0000000008002130                DMA1_Channel4_IRQHandler
                0x0000000008002130                SAI2_IRQHandler
                0x0000000008002130                DFSDM1_FLT3_IRQHandler
                0x0000000008002130                EXTI15_IRQHandler
                0x0000000008002130                TIM17_IRQHandler
                0x0000000008002130                USART3_IRQHandler
                0x0000000008002130                RTC_IRQHandler
                0x0000000008002130                EXTI9_IRQHandler
                0x0000000008002130                DMA1_Channel7_IRQHandler
                0x0000000008002130                UART5_IRQHandler
                0x0000000008002130                TIM4_IRQHandler
                0x0000000008002130                DMA2_Channel1_IRQHandler
                0x0000000008002130                DMA1_Channel6_IRQHandler
                0x0000000008002130                TIM16_IRQHandler
                0x0000000008002130                UART4_IRQHandler
                0x0000000008002130                DMA2_Channel4_IRQHandler
                0x0000000008002130                SecureFault_Handler
                0x0000000008002130                TIM3_IRQHandler
                0x0000000008002130                RCC_IRQHandler
                0x0000000008002130                TIM1_TRG_COM_IRQHandler
                0x0000000008002130                Default_Handler
                0x0000000008002130                DMA2_Channel7_IRQHandler
                0x0000000008002130                DMA1_Channel8_IRQHandler
                0x0000000008002130                TIM7_IRQHandler
                0x0000000008002130                TIM5_IRQHandler
                0x0000000008002130                UCPD1_IRQHandler
                0x0000000008002130                TIM15_IRQHandler
                0x0000000008002130                I2C3_EV_IRQHandler
                0x0000000008002130                PVD_PVM_IRQHandler
                0x0000000008002130                SPI2_IRQHandler
                0x0000000008002130                EXTI14_IRQHandler
                0x0000000008002130                EXTI11_IRQHandler
                0x0000000008002130                DMA2_Channel5_IRQHandler
                0x0000000008002130                CRS_IRQHandler
                0x0000000008002130                DMA1_Channel5_IRQHandler
                0x0000000008002130                EXTI4_IRQHandler
                0x0000000008002130                RTC_S_IRQHandler
                0x0000000008002130                RNG_IRQHandler
                0x0000000008002130                DMAMUX1_S_IRQHandler
                0x0000000008002130                DMA1_Channel3_IRQHandler
                0x0000000008002130                COMP_IRQHandler
                0x0000000008002130                WWDG_IRQHandler
                0x0000000008002130                I2C4_EV_IRQHandler
                0x0000000008002130                LPUART1_IRQHandler
                0x0000000008002130                DMA2_Channel6_IRQHandler
                0x0000000008002130                FDCAN1_IT0_IRQHandler
                0x0000000008002130                TIM2_IRQHandler
                0x0000000008002130                TAMP_S_IRQHandler
                0x0000000008002130                EXTI7_IRQHandler
                0x0000000008002130                TIM1_BRK_IRQHandler
                0x0000000008002130                DAC_IRQHandler
                0x0000000008002130                EXTI1_IRQHandler
                0x0000000008002130                GTZC_IRQHandler
                0x0000000008002130                DFSDM1_FLT0_IRQHandler
                0x0000000008002130                I2C2_ER_IRQHandler
                0x0000000008002130                DMA1_Channel2_IRQHandler
                0x0000000008002130                TIM8_BRK_IRQHandler
                0x0000000008002130                FLASH_IRQHandler
                0x0000000008002130                EXTI10_IRQHandler
                0x0000000008002130                SPI3_IRQHandler
                0x0000000008002130                FMC_IRQHandler
                0x0000000008002130                EXTI6_IRQHandler
                0x0000000008002130                LPTIM1_IRQHandler
                0x0000000008002130                I2C4_ER_IRQHandler
                0x0000000008002130                ICACHE_IRQHandler
                0x0000000008002130                SAI1_IRQHandler
                0x0000000008002130                HASH_IRQHandler
                0x0000000008002130                DMA2_Channel3_IRQHandler
 .text.HAL_Init
                0x0000000008002132       0x34 ./Drivers/STM32L5xx_HAL_Driver/Src/stm32l5xx_hal.o
                0x0000000008002132                HAL_Init
 *fill*         0x0000000008002166        0x2 
 .text.HAL_IncTick
                0x0000000008002168       0x28 ./Drivers/STM32L5xx_HAL_Driver/Src/stm32l5xx_hal.o
                0x0000000008002168                HAL_IncTick
 .text.HAL_GetTick
                0x0000000008002190       0x18 ./Drivers/STM32L5xx_HAL_Driver/Src/stm32l5xx_hal.o
                0x0000000008002190                HAL_GetTick
 .text.HAL_Delay
                0x00000000080021a8       0x48 ./Drivers/STM32L5xx_HAL_Driver/Src/stm32l5xx_hal.o
                0x00000000080021a8                HAL_Delay
 .text.__NVIC_SetPriorityGrouping
                0x00000000080021f0       0x48 ./Drivers/STM32L5xx_HAL_Driver/Src/stm32l5xx_hal_cortex.o
 .text.__NVIC_GetPriorityGrouping
                0x0000000008002238       0x1c ./Drivers/STM32L5xx_HAL_Driver/Src/stm32l5xx_hal_cortex.o
 .text.__NVIC_EnableIRQ
                0x0000000008002254       0x3c ./Drivers/STM32L5xx_HAL_Driver/Src/stm32l5xx_hal_cortex.o
 .text.__NVIC_SetPriority
                0x0000000008002290       0x54 ./Drivers/STM32L5xx_HAL_Driver/Src/stm32l5xx_hal_cortex.o
 .text.NVIC_EncodePriority
                0x00000000080022e4       0x66 ./Drivers/STM32L5xx_HAL_Driver/Src/stm32l5xx_hal_cortex.o
 .text.HAL_NVIC_SetPriorityGrouping
                0x000000000800234a       0x16 ./Drivers/STM32L5xx_HAL_Driver/Src/stm32l5xx_hal_cortex.o
                0x000000000800234a                HAL_NVIC_SetPriorityGrouping
 .text.HAL_NVIC_SetPriority
                0x0000000008002360       0x34 ./Drivers/STM32L5xx_HAL_Driver/Src/stm32l5xx_hal_cortex.o
                0x0000000008002360                HAL_NVIC_SetPriority
 .text.HAL_NVIC_EnableIRQ
                0x0000000008002394       0x1c ./Drivers/STM32L5xx_HAL_Driver/Src/stm32l5xx_hal_cortex.o
                0x0000000008002394                HAL_NVIC_EnableIRQ
 .text.HAL_DMA_Init
                0x00000000080023b0      0x150 ./Drivers/STM32L5xx_HAL_Driver/Src/stm32l5xx_hal_dma.o
                0x00000000080023b0                HAL_DMA_Init
 .text.HAL_DMA_Abort
                0x0000000008002500       0xb8 ./Drivers/STM32L5xx_HAL_Driver/Src/stm32l5xx_hal_dma.o
                0x0000000008002500                HAL_DMA_Abort
 .text.HAL_DMA_Abort_IT
                0x00000000080025b8       0xbe ./Drivers/STM32L5xx_HAL_Driver/Src/stm32l5xx_hal_dma.o
                0x00000000080025b8                HAL_DMA_Abort_IT
 .text.HAL_DMA_IRQHandler
                0x0000000008002676      0x200 ./Drivers/STM32L5xx_HAL_Driver/Src/stm32l5xx_hal_dma.o
                0x0000000008002676                HAL_DMA_IRQHandler
 .text.HAL_DMA_GetState
                0x0000000008002876       0x1c ./Drivers/STM32L5xx_HAL_Driver/Src/stm32l5xx_hal_dma.o
                0x0000000008002876                HAL_DMA_GetState
 .text.HAL_DMA_ConfigChannelAttributes
                0x0000000008002892       0x60 ./Drivers/STM32L5xx_HAL_Driver/Src/stm32l5xx_hal_dma.o
                0x0000000008002892                HAL_DMA_ConfigChannelAttributes
 *fill*         0x00000000080028f2        0x2 
 .text.DMA_CalcDMAMUXChannelBaseAndMask
                0x00000000080028f4       0x7c ./Drivers/STM32L5xx_HAL_Driver/Src/stm32l5xx_hal_dma.o
 .text.DMA_CalcDMAMUXRequestGenBaseAndMask
                0x0000000008002970       0x48 ./Drivers/STM32L5xx_HAL_Driver/Src/stm32l5xx_hal_dma.o
 .text.HAL_GPIO_Init
                0x00000000080029b8      0x300 ./Drivers/STM32L5xx_HAL_Driver/Src/stm32l5xx_hal_gpio.o
                0x00000000080029b8                HAL_GPIO_Init
 .text.HAL_GPIO_WritePin
                0x0000000008002cb8       0x30 ./Drivers/STM32L5xx_HAL_Driver/Src/stm32l5xx_hal_gpio.o
                0x0000000008002cb8                HAL_GPIO_WritePin
 .text.HAL_I2C_Init
                0x0000000008002ce8      0x11e ./Drivers/STM32L5xx_HAL_Driver/Src/stm32l5xx_hal_i2c.o
                0x0000000008002ce8                HAL_I2C_Init
 *fill*         0x0000000008002e06        0x2 
 .text.HAL_I2C_Master_Transmit
                0x0000000008002e08      0x1e8 ./Drivers/STM32L5xx_HAL_Driver/Src/stm32l5xx_hal_i2c.o
                0x0000000008002e08                HAL_I2C_Master_Transmit
 .text.HAL_I2C_Master_Receive
                0x0000000008002ff0      0x1ec ./Drivers/STM32L5xx_HAL_Driver/Src/stm32l5xx_hal_i2c.o
                0x0000000008002ff0                HAL_I2C_Master_Receive
 .text.HAL_I2C_EV_IRQHandler
                0x00000000080031dc       0x34 ./Drivers/STM32L5xx_HAL_Driver/Src/stm32l5xx_hal_i2c.o
                0x00000000080031dc                HAL_I2C_EV_IRQHandler
 .text.HAL_I2C_ER_IRQHandler
                0x0000000008003210       0xb6 ./Drivers/STM32L5xx_HAL_Driver/Src/stm32l5xx_hal_i2c.o
                0x0000000008003210                HAL_I2C_ER_IRQHandler
 .text.HAL_I2C_SlaveTxCpltCallback
                0x00000000080032c6       0x14 ./Drivers/STM32L5xx_HAL_Driver/Src/stm32l5xx_hal_i2c.o
                0x00000000080032c6                HAL_I2C_SlaveTxCpltCallback
 .text.HAL_I2C_SlaveRxCpltCallback
                0x00000000080032da       0x14 ./Drivers/STM32L5xx_HAL_Driver/Src/stm32l5xx_hal_i2c.o
                0x00000000080032da                HAL_I2C_SlaveRxCpltCallback
 .text.HAL_I2C_AddrCallback
                0x00000000080032ee       0x1c ./Drivers/STM32L5xx_HAL_Driver/Src/stm32l5xx_hal_i2c.o
                0x00000000080032ee                HAL_I2C_AddrCallback
 .text.HAL_I2C_ListenCpltCallback
                0x000000000800330a       0x14 ./Drivers/STM32L5xx_HAL_Driver/Src/stm32l5xx_hal_i2c.o
                0x000000000800330a                HAL_I2C_ListenCpltCallback
 .text.HAL_I2C_ErrorCallback
                0x000000000800331e       0x14 ./Drivers/STM32L5xx_HAL_Driver/Src/stm32l5xx_hal_i2c.o
                0x000000000800331e                HAL_I2C_ErrorCallback
 .text.HAL_I2C_AbortCpltCallback
                0x0000000008003332       0x14 ./Drivers/STM32L5xx_HAL_Driver/Src/stm32l5xx_hal_i2c.o
                0x0000000008003332                HAL_I2C_AbortCpltCallback
 .text.I2C_Slave_ISR_IT
                0x0000000008003346      0x1f0 ./Drivers/STM32L5xx_HAL_Driver/Src/stm32l5xx_hal_i2c.o
 .text.I2C_ITAddrCplt
                0x0000000008003536      0x108 ./Drivers/STM32L5xx_HAL_Driver/Src/stm32l5xx_hal_i2c.o
 .text.I2C_ITSlaveSeqCplt
                0x000000000800363e       0xb8 ./Drivers/STM32L5xx_HAL_Driver/Src/stm32l5xx_hal_i2c.o
 *fill*         0x00000000080036f6        0x2 
 .text.I2C_ITSlaveCplt
                0x00000000080036f8      0x20c ./Drivers/STM32L5xx_HAL_Driver/Src/stm32l5xx_hal_i2c.o
 .text.I2C_ITListenCplt
                0x0000000008003904       0xa8 ./Drivers/STM32L5xx_HAL_Driver/Src/stm32l5xx_hal_i2c.o
 .text.I2C_ITError
                0x00000000080039ac      0x1e0 ./Drivers/STM32L5xx_HAL_Driver/Src/stm32l5xx_hal_i2c.o
 .text.I2C_TreatErrorCallback
                0x0000000008003b8c       0x4e ./Drivers/STM32L5xx_HAL_Driver/Src/stm32l5xx_hal_i2c.o
 .text.I2C_Flush_TXDR
                0x0000000008003bda       0x48 ./Drivers/STM32L5xx_HAL_Driver/Src/stm32l5xx_hal_i2c.o
 .text.I2C_DMAAbort
                0x0000000008003c22       0x3c ./Drivers/STM32L5xx_HAL_Driver/Src/stm32l5xx_hal_i2c.o
 .text.I2C_WaitOnFlagUntilTimeout
                0x0000000008003c5e       0x9e ./Drivers/STM32L5xx_HAL_Driver/Src/stm32l5xx_hal_i2c.o
 .text.I2C_WaitOnTXISFlagUntilTimeout
                0x0000000008003cfc       0x8e ./Drivers/STM32L5xx_HAL_Driver/Src/stm32l5xx_hal_i2c.o
 .text.I2C_WaitOnSTOPFlagUntilTimeout
                0x0000000008003d8a       0x86 ./Drivers/STM32L5xx_HAL_Driver/Src/stm32l5xx_hal_i2c.o
 .text.I2C_WaitOnRXNEFlagUntilTimeout
                0x0000000008003e10      0x104 ./Drivers/STM32L5xx_HAL_Driver/Src/stm32l5xx_hal_i2c.o
 .text.I2C_IsErrorOccurred
                0x0000000008003f14      0x1c0 ./Drivers/STM32L5xx_HAL_Driver/Src/stm32l5xx_hal_i2c.o
 .text.I2C_TransferConfig
                0x00000000080040d4       0x64 ./Drivers/STM32L5xx_HAL_Driver/Src/stm32l5xx_hal_i2c.o
 .text.I2C_Disable_IRQ
                0x0000000008004138       0xbc ./Drivers/STM32L5xx_HAL_Driver/Src/stm32l5xx_hal_i2c.o
 .text.HAL_I2CEx_ConfigAnalogFilter
                0x00000000080041f4       0x96 ./Drivers/STM32L5xx_HAL_Driver/Src/stm32l5xx_hal_i2c_ex.o
                0x00000000080041f4                HAL_I2CEx_ConfigAnalogFilter
 .text.HAL_I2CEx_ConfigDigitalFilter
                0x000000000800428a       0x98 ./Drivers/STM32L5xx_HAL_Driver/Src/stm32l5xx_hal_i2c_ex.o
                0x000000000800428a                HAL_I2CEx_ConfigDigitalFilter
 *fill*         0x0000000008004322        0x2 
 .text.HAL_ICACHE_Enable
                0x0000000008004324       0x20 ./Drivers/STM32L5xx_HAL_Driver/Src/stm32l5xx_hal_icache.o
                0x0000000008004324                HAL_ICACHE_Enable
 .text.HAL_OSPI_Init
                0x0000000008004344      0x174 ./Drivers/STM32L5xx_HAL_Driver/Src/stm32l5xx_hal_ospi.o
                0x0000000008004344                HAL_OSPI_Init
 .text.HAL_OSPI_IRQHandler
                0x00000000080044b8      0x284 ./Drivers/STM32L5xx_HAL_Driver/Src/stm32l5xx_hal_ospi.o
                0x00000000080044b8                HAL_OSPI_IRQHandler
 .text.HAL_OSPI_Command
                0x000000000800473c      0x11a ./Drivers/STM32L5xx_HAL_Driver/Src/stm32l5xx_hal_ospi.o
                0x000000000800473c                HAL_OSPI_Command
 .text.HAL_OSPI_MemoryMapped
                0x0000000008004856       0x9a ./Drivers/STM32L5xx_HAL_Driver/Src/stm32l5xx_hal_ospi.o
                0x0000000008004856                HAL_OSPI_MemoryMapped
 .text.HAL_OSPI_ErrorCallback
                0x00000000080048f0       0x14 ./Drivers/STM32L5xx_HAL_Driver/Src/stm32l5xx_hal_ospi.o
                0x00000000080048f0                HAL_OSPI_ErrorCallback
 .text.HAL_OSPI_AbortCpltCallback
                0x0000000008004904       0x14 ./Drivers/STM32L5xx_HAL_Driver/Src/stm32l5xx_hal_ospi.o
                0x0000000008004904                HAL_OSPI_AbortCpltCallback
 .text.HAL_OSPI_FifoThresholdCallback
                0x0000000008004918       0x14 ./Drivers/STM32L5xx_HAL_Driver/Src/stm32l5xx_hal_ospi.o
                0x0000000008004918                HAL_OSPI_FifoThresholdCallback
 .text.HAL_OSPI_CmdCpltCallback
                0x000000000800492c       0x14 ./Drivers/STM32L5xx_HAL_Driver/Src/stm32l5xx_hal_ospi.o
                0x000000000800492c                HAL_OSPI_CmdCpltCallback
 .text.HAL_OSPI_RxCpltCallback
                0x0000000008004940       0x14 ./Drivers/STM32L5xx_HAL_Driver/Src/stm32l5xx_hal_ospi.o
                0x0000000008004940                HAL_OSPI_RxCpltCallback
 .text.HAL_OSPI_TxCpltCallback
                0x0000000008004954       0x14 ./Drivers/STM32L5xx_HAL_Driver/Src/stm32l5xx_hal_ospi.o
                0x0000000008004954                HAL_OSPI_TxCpltCallback
 .text.HAL_OSPI_StatusMatchCallback
                0x0000000008004968       0x14 ./Drivers/STM32L5xx_HAL_Driver/Src/stm32l5xx_hal_ospi.o
                0x0000000008004968                HAL_OSPI_StatusMatchCallback
 .text.HAL_OSPI_TimeOutCallback
                0x000000000800497c       0x14 ./Drivers/STM32L5xx_HAL_Driver/Src/stm32l5xx_hal_ospi.o
                0x000000000800497c                HAL_OSPI_TimeOutCallback
 .text.HAL_OSPI_SetTimeout
                0x0000000008004990       0x1e ./Drivers/STM32L5xx_HAL_Driver/Src/stm32l5xx_hal_ospi.o
                0x0000000008004990                HAL_OSPI_SetTimeout
 .text.OSPI_DMAAbortCplt
                0x00000000080049ae       0x78 ./Drivers/STM32L5xx_HAL_Driver/Src/stm32l5xx_hal_ospi.o
 .text.OSPI_WaitFlagStateUntilTimeout
                0x0000000008004a26       0x6e ./Drivers/STM32L5xx_HAL_Driver/Src/stm32l5xx_hal_ospi.o
 .text.OSPI_ConfigCmd
                0x0000000008004a94      0x2f4 ./Drivers/STM32L5xx_HAL_Driver/Src/stm32l5xx_hal_ospi.o
 .text.HAL_PWREx_GetVoltageRange
                0x0000000008004d88       0x1c ./Drivers/STM32L5xx_HAL_Driver/Src/stm32l5xx_hal_pwr_ex.o
                0x0000000008004d88                HAL_PWREx_GetVoltageRange
 .text.HAL_PWREx_ControlVoltageScaling
                0x0000000008004da4       0xb8 ./Drivers/STM32L5xx_HAL_Driver/Src/stm32l5xx_hal_pwr_ex.o
                0x0000000008004da4                HAL_PWREx_ControlVoltageScaling
 .text.HAL_PWREx_DisableUCPDDeadBattery
                0x0000000008004e5c       0x20 ./Drivers/STM32L5xx_HAL_Driver/Src/stm32l5xx_hal_pwr_ex.o
                0x0000000008004e5c                HAL_PWREx_DisableUCPDDeadBattery
 .text.HAL_PWREx_SMPS_GetEffectiveMode
                0x0000000008004e7c       0x48 ./Drivers/STM32L5xx_HAL_Driver/Src/stm32l5xx_hal_pwr_ex.o
                0x0000000008004e7c                HAL_PWREx_SMPS_GetEffectiveMode
 .text.HAL_RCC_OscConfig
                0x0000000008004ec4      0x9ac ./Drivers/STM32L5xx_HAL_Driver/Src/stm32l5xx_hal_rcc.o
                0x0000000008004ec4                HAL_RCC_OscConfig
 .text.HAL_RCC_ClockConfig
                0x0000000008005870      0x270 ./Drivers/STM32L5xx_HAL_Driver/Src/stm32l5xx_hal_rcc.o
                0x0000000008005870                HAL_RCC_ClockConfig
 .text.HAL_RCC_GetSysClockFreq
                0x0000000008005ae0      0x13c ./Drivers/STM32L5xx_HAL_Driver/Src/stm32l5xx_hal_rcc.o
                0x0000000008005ae0                HAL_RCC_GetSysClockFreq
 .text.HAL_RCC_GetHCLKFreq
                0x0000000008005c1c       0x28 ./Drivers/STM32L5xx_HAL_Driver/Src/stm32l5xx_hal_rcc.o
                0x0000000008005c1c                HAL_RCC_GetHCLKFreq
 .text.HAL_RCC_GetPCLK1Freq
                0x0000000008005c44       0x28 ./Drivers/STM32L5xx_HAL_Driver/Src/stm32l5xx_hal_rcc.o
                0x0000000008005c44                HAL_RCC_GetPCLK1Freq
 .text.HAL_RCC_GetPCLK2Freq
                0x0000000008005c6c       0x28 ./Drivers/STM32L5xx_HAL_Driver/Src/stm32l5xx_hal_rcc.o
                0x0000000008005c6c                HAL_RCC_GetPCLK2Freq
 .text.HAL_RCC_GetClockConfig
                0x0000000008005c94       0x64 ./Drivers/STM32L5xx_HAL_Driver/Src/stm32l5xx_hal_rcc.o
                0x0000000008005c94                HAL_RCC_GetClockConfig
 .text.RCC_SetFlashLatencyFromMSIRange
                0x0000000008005cf8       0xc8 ./Drivers/STM32L5xx_HAL_Driver/Src/stm32l5xx_hal_rcc.o
 .text.RCC_GetSysClockFreqFromPLLSource
                0x0000000008005dc0       0xdc ./Drivers/STM32L5xx_HAL_Driver/Src/stm32l5xx_hal_rcc.o
 .text.HAL_RCCEx_PeriphCLKConfig
                0x0000000008005e9c      0x708 ./Drivers/STM32L5xx_HAL_Driver/Src/stm32l5xx_hal_rcc_ex.o
                0x0000000008005e9c                HAL_RCCEx_PeriphCLKConfig
 .text.HAL_RCCEx_GetPeriphCLKFreq
                0x00000000080065a4      0xf44 ./Drivers/STM32L5xx_HAL_Driver/Src/stm32l5xx_hal_rcc_ex.o
                0x00000000080065a4                HAL_RCCEx_GetPeriphCLKFreq
 .text.RCCEx_PLLSAI1_Config
                0x00000000080074e8      0x1cc ./Drivers/STM32L5xx_HAL_Driver/Src/stm32l5xx_hal_rcc_ex.o
 .text.RCCEx_PLLSAI2_Config
                0x00000000080076b4      0x158 ./Drivers/STM32L5xx_HAL_Driver/Src/stm32l5xx_hal_rcc_ex.o
 .text.RCCEx_PLLSAI1_GetVCOFreq
                0x000000000800780c       0xb4 ./Drivers/STM32L5xx_HAL_Driver/Src/stm32l5xx_hal_rcc_ex.o
 .text.RCCEx_PLLSAI2_GetVCOFreq
                0x00000000080078c0       0xb4 ./Drivers/STM32L5xx_HAL_Driver/Src/stm32l5xx_hal_rcc_ex.o
 .text.RCCEx_GetSAIxPeriphCLKFreq
                0x0000000008007974      0x200 ./Drivers/STM32L5xx_HAL_Driver/Src/stm32l5xx_hal_rcc_ex.o
 .text.HAL_RTC_Init
                0x0000000008007b74       0xf0 ./Drivers/STM32L5xx_HAL_Driver/Src/stm32l5xx_hal_rtc.o
                0x0000000008007b74                HAL_RTC_Init
 .text.HAL_RTC_SetTime
                0x0000000008007c64      0x12c ./Drivers/STM32L5xx_HAL_Driver/Src/stm32l5xx_hal_rtc.o
                0x0000000008007c64                HAL_RTC_SetTime
 .text.HAL_RTC_GetTime
                0x0000000008007d90       0xb8 ./Drivers/STM32L5xx_HAL_Driver/Src/stm32l5xx_hal_rtc.o
                0x0000000008007d90                HAL_RTC_GetTime
 .text.HAL_RTC_SetDate
                0x0000000008007e48      0x10c ./Drivers/STM32L5xx_HAL_Driver/Src/stm32l5xx_hal_rtc.o
                0x0000000008007e48                HAL_RTC_SetDate
 .text.HAL_RTC_GetDate
                0x0000000008007f54       0x9c ./Drivers/STM32L5xx_HAL_Driver/Src/stm32l5xx_hal_rtc.o
                0x0000000008007f54                HAL_RTC_GetDate
 .text.HAL_RTC_WaitForSynchro
                0x0000000008007ff0       0x48 ./Drivers/STM32L5xx_HAL_Driver/Src/stm32l5xx_hal_rtc.o
                0x0000000008007ff0                HAL_RTC_WaitForSynchro
 .text.RTC_EnterInitMode
                0x0000000008008038       0x68 ./Drivers/STM32L5xx_HAL_Driver/Src/stm32l5xx_hal_rtc.o
                0x0000000008008038                RTC_EnterInitMode
 .text.RTC_ExitInitMode
                0x00000000080080a0       0x7c ./Drivers/STM32L5xx_HAL_Driver/Src/stm32l5xx_hal_rtc.o
                0x00000000080080a0                RTC_ExitInitMode
 .text.RTC_ByteToBcd2
                0x000000000800811c       0x40 ./Drivers/STM32L5xx_HAL_Driver/Src/stm32l5xx_hal_rtc.o
                0x000000000800811c                RTC_ByteToBcd2
 .text.RTC_Bcd2ToByte
                0x000000000800815c       0x38 ./Drivers/STM32L5xx_HAL_Driver/Src/stm32l5xx_hal_rtc.o
                0x000000000800815c                RTC_Bcd2ToByte
 .text.HAL_RTCEx_PrivilegeModeSet
                0x0000000008008194       0x58 ./Drivers/STM32L5xx_HAL_Driver/Src/stm32l5xx_hal_rtc_ex.o
                0x0000000008008194                HAL_RTCEx_PrivilegeModeSet
 .text.HAL_SD_Init
                0x00000000080081ec      0x106 ./Drivers/STM32L5xx_HAL_Driver/Src/stm32l5xx_hal_sd.o
                0x00000000080081ec                HAL_SD_Init
 *fill*         0x00000000080082f2        0x2 
 .text.HAL_SD_InitCard
                0x00000000080082f4      0x128 ./Drivers/STM32L5xx_HAL_Driver/Src/stm32l5xx_hal_sd.o
                0x00000000080082f4                HAL_SD_InitCard
 .text.HAL_SD_ReadBlocks_DMA
                0x000000000800841c      0x150 ./Drivers/STM32L5xx_HAL_Driver/Src/stm32l5xx_hal_sd.o
                0x000000000800841c                HAL_SD_ReadBlocks_DMA
 .text.HAL_SD_WriteBlocks_DMA
                0x000000000800856c      0x150 ./Drivers/STM32L5xx_HAL_Driver/Src/stm32l5xx_hal_sd.o
                0x000000000800856c                HAL_SD_WriteBlocks_DMA
 .text.HAL_SD_IRQHandler
                0x00000000080086bc      0x36c ./Drivers/STM32L5xx_HAL_Driver/Src/stm32l5xx_hal_sd.o
                0x00000000080086bc                HAL_SD_IRQHandler
 .text.HAL_SD_GetCardCSD
                0x0000000008008a28      0x348 ./Drivers/STM32L5xx_HAL_Driver/Src/stm32l5xx_hal_sd.o
                0x0000000008008a28                HAL_SD_GetCardCSD
 .text.HAL_SD_GetCardStatus
                0x0000000008008d70      0x17c ./Drivers/STM32L5xx_HAL_Driver/Src/stm32l5xx_hal_sd.o
                0x0000000008008d70                HAL_SD_GetCardStatus
 .text.HAL_SD_GetCardInfo
                0x0000000008008eec       0x58 ./Drivers/STM32L5xx_HAL_Driver/Src/stm32l5xx_hal_sd.o
                0x0000000008008eec                HAL_SD_GetCardInfo
 .text.HAL_SD_ConfigWideBusOperation
                0x0000000008008f44      0x220 ./Drivers/STM32L5xx_HAL_Driver/Src/stm32l5xx_hal_sd.o
                0x0000000008008f44                HAL_SD_ConfigWideBusOperation
 .text.HAL_SD_GetCardState
                0x0000000008009164       0x40 ./Drivers/STM32L5xx_HAL_Driver/Src/stm32l5xx_hal_sd.o
                0x0000000008009164                HAL_SD_GetCardState
 .text.SD_InitCard
                0x00000000080091a4      0x19c ./Drivers/STM32L5xx_HAL_Driver/Src/stm32l5xx_hal_sd.o
 .text.SD_PowerON
                0x0000000008009340      0x11c ./Drivers/STM32L5xx_HAL_Driver/Src/stm32l5xx_hal_sd.o
 .text.SD_SendSDStatus
                0x000000000800945c      0x1a0 ./Drivers/STM32L5xx_HAL_Driver/Src/stm32l5xx_hal_sd.o
 .text.SD_SendStatus
                0x00000000080095fc       0x50 ./Drivers/STM32L5xx_HAL_Driver/Src/stm32l5xx_hal_sd.o
 .text.SD_WideBus_Enable
                0x000000000800964c       0x96 ./Drivers/STM32L5xx_HAL_Driver/Src/stm32l5xx_hal_sd.o
 .text.SD_WideBus_Disable
                0x00000000080096e2       0x96 ./Drivers/STM32L5xx_HAL_Driver/Src/stm32l5xx_hal_sd.o
 .text.SD_FindSCR
                0x0000000008009778      0x1a0 ./Drivers/STM32L5xx_HAL_Driver/Src/stm32l5xx_hal_sd.o
 .text.SD_Read_IT
                0x0000000008009918       0x8c ./Drivers/STM32L5xx_HAL_Driver/Src/stm32l5xx_hal_sd.o
 .text.SD_Write_IT
                0x00000000080099a4       0x94 ./Drivers/STM32L5xx_HAL_Driver/Src/stm32l5xx_hal_sd.o
 .text.HAL_SDEx_Read_DMADoubleBuf0CpltCallback
                0x0000000008009a38       0x14 ./Drivers/STM32L5xx_HAL_Driver/Src/stm32l5xx_hal_sd.o
                0x0000000008009a38                HAL_SDEx_Read_DMADoubleBuf0CpltCallback
 .text.HAL_SDEx_Read_DMADoubleBuf1CpltCallback
                0x0000000008009a4c       0x14 ./Drivers/STM32L5xx_HAL_Driver/Src/stm32l5xx_hal_sd.o
                0x0000000008009a4c                HAL_SDEx_Read_DMADoubleBuf1CpltCallback
 .text.HAL_SDEx_Write_DMADoubleBuf0CpltCallback
                0x0000000008009a60       0x14 ./Drivers/STM32L5xx_HAL_Driver/Src/stm32l5xx_hal_sd.o
                0x0000000008009a60                HAL_SDEx_Write_DMADoubleBuf0CpltCallback
 .text.HAL_SDEx_Write_DMADoubleBuf1CpltCallback
                0x0000000008009a74       0x14 ./Drivers/STM32L5xx_HAL_Driver/Src/stm32l5xx_hal_sd.o
                0x0000000008009a74                HAL_SDEx_Write_DMADoubleBuf1CpltCallback
 .text.HAL_TIM_Base_Init
                0x0000000008009a88       0xae ./Drivers/STM32L5xx_HAL_Driver/Src/stm32l5xx_hal_tim.o
                0x0000000008009a88                HAL_TIM_Base_Init
 .text.HAL_TIM_Base_MspInit
                0x0000000008009b36       0x14 ./Drivers/STM32L5xx_HAL_Driver/Src/stm32l5xx_hal_tim.o
                0x0000000008009b36                HAL_TIM_Base_MspInit
 *fill*         0x0000000008009b4a        0x2 
 .text.HAL_TIM_Base_Start_IT
                0x0000000008009b4c       0xe0 ./Drivers/STM32L5xx_HAL_Driver/Src/stm32l5xx_hal_tim.o
                0x0000000008009b4c                HAL_TIM_Base_Start_IT
 .text.HAL_TIM_IRQHandler
                0x0000000008009c2c      0x23e ./Drivers/STM32L5xx_HAL_Driver/Src/stm32l5xx_hal_tim.o
                0x0000000008009c2c                HAL_TIM_IRQHandler
 .text.HAL_TIM_OC_DelayElapsedCallback
                0x0000000008009e6a       0x14 ./Drivers/STM32L5xx_HAL_Driver/Src/stm32l5xx_hal_tim.o
                0x0000000008009e6a                HAL_TIM_OC_DelayElapsedCallback
 .text.HAL_TIM_IC_CaptureCallback
                0x0000000008009e7e       0x14 ./Drivers/STM32L5xx_HAL_Driver/Src/stm32l5xx_hal_tim.o
                0x0000000008009e7e                HAL_TIM_IC_CaptureCallback
 .text.HAL_TIM_PWM_PulseFinishedCallback
                0x0000000008009e92       0x14 ./Drivers/STM32L5xx_HAL_Driver/Src/stm32l5xx_hal_tim.o
                0x0000000008009e92                HAL_TIM_PWM_PulseFinishedCallback
 .text.HAL_TIM_TriggerCallback
                0x0000000008009ea6       0x14 ./Drivers/STM32L5xx_HAL_Driver/Src/stm32l5xx_hal_tim.o
                0x0000000008009ea6                HAL_TIM_TriggerCallback
 *fill*         0x0000000008009eba        0x2 
 .text.TIM_Base_SetConfig
                0x0000000008009ebc      0x134 ./Drivers/STM32L5xx_HAL_Driver/Src/stm32l5xx_hal_tim.o
                0x0000000008009ebc                TIM_Base_SetConfig
 .text.HAL_TIMEx_CommutCallback
                0x0000000008009ff0       0x14 ./Drivers/STM32L5xx_HAL_Driver/Src/stm32l5xx_hal_tim_ex.o
                0x0000000008009ff0                HAL_TIMEx_CommutCallback
 .text.HAL_TIMEx_BreakCallback
                0x000000000800a004       0x14 ./Drivers/STM32L5xx_HAL_Driver/Src/stm32l5xx_hal_tim_ex.o
                0x000000000800a004                HAL_TIMEx_BreakCallback
 .text.HAL_TIMEx_Break2Callback
                0x000000000800a018       0x14 ./Drivers/STM32L5xx_HAL_Driver/Src/stm32l5xx_hal_tim_ex.o
                0x000000000800a018                HAL_TIMEx_Break2Callback
 .text.HAL_UART_Init
                0x000000000800a02c       0xa0 ./Drivers/STM32L5xx_HAL_Driver/Src/stm32l5xx_hal_uart.o
                0x000000000800a02c                HAL_UART_Init
 .text.HAL_UART_Transmit
                0x000000000800a0cc      0x11c ./Drivers/STM32L5xx_HAL_Driver/Src/stm32l5xx_hal_uart.o
                0x000000000800a0cc                HAL_UART_Transmit
 .text.HAL_UART_Receive_IT
                0x000000000800a1e8       0x98 ./Drivers/STM32L5xx_HAL_Driver/Src/stm32l5xx_hal_uart.o
                0x000000000800a1e8                HAL_UART_Receive_IT
 .text.HAL_UART_IRQHandler
                0x000000000800a280      0x648 ./Drivers/STM32L5xx_HAL_Driver/Src/stm32l5xx_hal_uart.o
                0x000000000800a280                HAL_UART_IRQHandler
 .text.HAL_UART_TxCpltCallback
                0x000000000800a8c8       0x14 ./Drivers/STM32L5xx_HAL_Driver/Src/stm32l5xx_hal_uart.o
                0x000000000800a8c8                HAL_UART_TxCpltCallback
 .text.HAL_UART_ErrorCallback
                0x000000000800a8dc       0x14 ./Drivers/STM32L5xx_HAL_Driver/Src/stm32l5xx_hal_uart.o
                0x000000000800a8dc                HAL_UART_ErrorCallback
 .text.HAL_UARTEx_RxEventCallback
                0x000000000800a8f0       0x18 ./Drivers/STM32L5xx_HAL_Driver/Src/stm32l5xx_hal_uart.o
                0x000000000800a8f0                HAL_UARTEx_RxEventCallback
 .text.UART_SetConfig
                0x000000000800a908      0x600 ./Drivers/STM32L5xx_HAL_Driver/Src/stm32l5xx_hal_uart.o
                0x000000000800a908                UART_SetConfig
 .text.UART_AdvFeatureConfig
                0x000000000800af08      0x144 ./Drivers/STM32L5xx_HAL_Driver/Src/stm32l5xx_hal_uart.o
                0x000000000800af08                UART_AdvFeatureConfig
 .text.UART_CheckIdleState
                0x000000000800b04c      0x154 ./Drivers/STM32L5xx_HAL_Driver/Src/stm32l5xx_hal_uart.o
                0x000000000800b04c                UART_CheckIdleState
 .text.UART_WaitOnFlagUntilTimeout
                0x000000000800b1a0       0xce ./Drivers/STM32L5xx_HAL_Driver/Src/stm32l5xx_hal_uart.o
                0x000000000800b1a0                UART_WaitOnFlagUntilTimeout
 *fill*         0x000000000800b26e        0x2 
 .text.UART_Start_Receive_IT
                0x000000000800b270      0x244 ./Drivers/STM32L5xx_HAL_Driver/Src/stm32l5xx_hal_uart.o
                0x000000000800b270                UART_Start_Receive_IT
 .text.UART_EndRxTransfer
                0x000000000800b4b4       0xcc ./Drivers/STM32L5xx_HAL_Driver/Src/stm32l5xx_hal_uart.o
 .text.UART_DMAAbortOnError
                0x000000000800b580       0x2c ./Drivers/STM32L5xx_HAL_Driver/Src/stm32l5xx_hal_uart.o
 .text.UART_EndTransmit_IT
                0x000000000800b5ac       0x56 ./Drivers/STM32L5xx_HAL_Driver/Src/stm32l5xx_hal_uart.o
 *fill*         0x000000000800b602        0x2 
 .text.UART_RxISR_8BIT
                0x000000000800b604      0x1b8 ./Drivers/STM32L5xx_HAL_Driver/Src/stm32l5xx_hal_uart.o
 .text.UART_RxISR_16BIT
                0x000000000800b7bc      0x1b8 ./Drivers/STM32L5xx_HAL_Driver/Src/stm32l5xx_hal_uart.o
 .text.UART_RxISR_8BIT_FIFOEN
                0x000000000800b974      0x360 ./Drivers/STM32L5xx_HAL_Driver/Src/stm32l5xx_hal_uart.o
 .text.UART_RxISR_16BIT_FIFOEN
                0x000000000800bcd4      0x368 ./Drivers/STM32L5xx_HAL_Driver/Src/stm32l5xx_hal_uart.o
 .text.HAL_UARTEx_WakeupCallback
                0x000000000800c03c       0x14 ./Drivers/STM32L5xx_HAL_Driver/Src/stm32l5xx_hal_uart_ex.o
                0x000000000800c03c                HAL_UARTEx_WakeupCallback
 .text.HAL_UARTEx_RxFifoFullCallback
                0x000000000800c050       0x14 ./Drivers/STM32L5xx_HAL_Driver/Src/stm32l5xx_hal_uart_ex.o
                0x000000000800c050                HAL_UARTEx_RxFifoFullCallback
 .text.HAL_UARTEx_TxFifoEmptyCallback
                0x000000000800c064       0x14 ./Drivers/STM32L5xx_HAL_Driver/Src/stm32l5xx_hal_uart_ex.o
                0x000000000800c064                HAL_UARTEx_TxFifoEmptyCallback
 .text.HAL_UARTEx_DisableFifoMode
                0x000000000800c078       0x72 ./Drivers/STM32L5xx_HAL_Driver/Src/stm32l5xx_hal_uart_ex.o
                0x000000000800c078                HAL_UARTEx_DisableFifoMode
 .text.HAL_UARTEx_SetTxFifoThreshold
                0x000000000800c0ea       0x7c ./Drivers/STM32L5xx_HAL_Driver/Src/stm32l5xx_hal_uart_ex.o
                0x000000000800c0ea                HAL_UARTEx_SetTxFifoThreshold
 .text.HAL_UARTEx_SetRxFifoThreshold
                0x000000000800c166       0x7c ./Drivers/STM32L5xx_HAL_Driver/Src/stm32l5xx_hal_uart_ex.o
                0x000000000800c166                HAL_UARTEx_SetRxFifoThreshold
 *fill*         0x000000000800c1e2        0x2 
 .text.UARTEx_SetNbDataToProcess
                0x000000000800c1e4       0x9c ./Drivers/STM32L5xx_HAL_Driver/Src/stm32l5xx_hal_uart_ex.o
 .text.SDMMC_Init
                0x000000000800c280       0x54 ./Drivers/STM32L5xx_HAL_Driver/Src/stm32l5xx_ll_sdmmc.o
                0x000000000800c280                SDMMC_Init
 .text.SDMMC_ReadFIFO
                0x000000000800c2d4       0x1a ./Drivers/STM32L5xx_HAL_Driver/Src/stm32l5xx_ll_sdmmc.o
                0x000000000800c2d4                SDMMC_ReadFIFO
 .text.SDMMC_WriteFIFO
                0x000000000800c2ee       0x22 ./Drivers/STM32L5xx_HAL_Driver/Src/stm32l5xx_ll_sdmmc.o
                0x000000000800c2ee                SDMMC_WriteFIFO
 .text.SDMMC_PowerState_ON
                0x000000000800c310       0x22 ./Drivers/STM32L5xx_HAL_Driver/Src/stm32l5xx_ll_sdmmc.o
                0x000000000800c310                SDMMC_PowerState_ON
 .text.SDMMC_GetPowerState
                0x000000000800c332       0x1c ./Drivers/STM32L5xx_HAL_Driver/Src/stm32l5xx_ll_sdmmc.o
                0x000000000800c332                SDMMC_GetPowerState
 *fill*         0x000000000800c34e        0x2 
 .text.SDMMC_SendCommand
                0x000000000800c350       0x54 ./Drivers/STM32L5xx_HAL_Driver/Src/stm32l5xx_ll_sdmmc.o
                0x000000000800c350                SDMMC_SendCommand
 .text.SDMMC_GetCommandResponse
                0x000000000800c3a4       0x1a ./Drivers/STM32L5xx_HAL_Driver/Src/stm32l5xx_ll_sdmmc.o
                0x000000000800c3a4                SDMMC_GetCommandResponse
 .text.SDMMC_GetResponse
                0x000000000800c3be       0x26 ./Drivers/STM32L5xx_HAL_Driver/Src/stm32l5xx_ll_sdmmc.o
                0x000000000800c3be                SDMMC_GetResponse
 .text.SDMMC_ConfigData
                0x000000000800c3e4       0x58 ./Drivers/STM32L5xx_HAL_Driver/Src/stm32l5xx_ll_sdmmc.o
                0x000000000800c3e4                SDMMC_ConfigData
 .text.SDMMC_CmdBlockLength
                0x000000000800c43c       0x46 ./Drivers/STM32L5xx_HAL_Driver/Src/stm32l5xx_ll_sdmmc.o
                0x000000000800c43c                SDMMC_CmdBlockLength
 .text.SDMMC_CmdReadSingleBlock
                0x000000000800c482       0x46 ./Drivers/STM32L5xx_HAL_Driver/Src/stm32l5xx_ll_sdmmc.o
                0x000000000800c482                SDMMC_CmdReadSingleBlock
 .text.SDMMC_CmdReadMultiBlock
                0x000000000800c4c8       0x46 ./Drivers/STM32L5xx_HAL_Driver/Src/stm32l5xx_ll_sdmmc.o
                0x000000000800c4c8                SDMMC_CmdReadMultiBlock
 .text.SDMMC_CmdWriteSingleBlock
                0x000000000800c50e       0x46 ./Drivers/STM32L5xx_HAL_Driver/Src/stm32l5xx_ll_sdmmc.o
                0x000000000800c50e                SDMMC_CmdWriteSingleBlock
 .text.SDMMC_CmdWriteMultiBlock
                0x000000000800c554       0x46 ./Drivers/STM32L5xx_HAL_Driver/Src/stm32l5xx_ll_sdmmc.o
                0x000000000800c554                SDMMC_CmdWriteMultiBlock
 *fill*         0x000000000800c59a        0x2 
 .text.SDMMC_CmdStopTransfer
                0x000000000800c59c       0x78 ./Drivers/STM32L5xx_HAL_Driver/Src/stm32l5xx_ll_sdmmc.o
                0x000000000800c59c                SDMMC_CmdStopTransfer
 .text.SDMMC_CmdSelDesel
                0x000000000800c614       0x46 ./Drivers/STM32L5xx_HAL_Driver/Src/stm32l5xx_ll_sdmmc.o
                0x000000000800c614                SDMMC_CmdSelDesel
 .text.SDMMC_CmdGoIdleState
                0x000000000800c65a       0x3c ./Drivers/STM32L5xx_HAL_Driver/Src/stm32l5xx_ll_sdmmc.o
                0x000000000800c65a                SDMMC_CmdGoIdleState
 .text.SDMMC_CmdOperCond
                0x000000000800c696       0x40 ./Drivers/STM32L5xx_HAL_Driver/Src/stm32l5xx_ll_sdmmc.o
                0x000000000800c696                SDMMC_CmdOperCond
 .text.SDMMC_CmdAppCommand
                0x000000000800c6d6       0x46 ./Drivers/STM32L5xx_HAL_Driver/Src/stm32l5xx_ll_sdmmc.o
                0x000000000800c6d6                SDMMC_CmdAppCommand
 .text.SDMMC_CmdAppOperCommand
                0x000000000800c71c       0x40 ./Drivers/STM32L5xx_HAL_Driver/Src/stm32l5xx_ll_sdmmc.o
                0x000000000800c71c                SDMMC_CmdAppOperCommand
 .text.SDMMC_CmdBusWidth
                0x000000000800c75c       0x46 ./Drivers/STM32L5xx_HAL_Driver/Src/stm32l5xx_ll_sdmmc.o
                0x000000000800c75c                SDMMC_CmdBusWidth
 .text.SDMMC_CmdSendSCR
                0x000000000800c7a2       0x44 ./Drivers/STM32L5xx_HAL_Driver/Src/stm32l5xx_ll_sdmmc.o
                0x000000000800c7a2                SDMMC_CmdSendSCR
 .text.SDMMC_CmdSendCID
                0x000000000800c7e6       0x3e ./Drivers/STM32L5xx_HAL_Driver/Src/stm32l5xx_ll_sdmmc.o
                0x000000000800c7e6                SDMMC_CmdSendCID
 .text.SDMMC_CmdSendCSD
                0x000000000800c824       0x40 ./Drivers/STM32L5xx_HAL_Driver/Src/stm32l5xx_ll_sdmmc.o
                0x000000000800c824                SDMMC_CmdSendCSD
 .text.SDMMC_CmdSetRelAdd
                0x000000000800c864       0x44 ./Drivers/STM32L5xx_HAL_Driver/Src/stm32l5xx_ll_sdmmc.o
                0x000000000800c864                SDMMC_CmdSetRelAdd
 .text.SDMMC_CmdSendStatus
                0x000000000800c8a8       0x46 ./Drivers/STM32L5xx_HAL_Driver/Src/stm32l5xx_ll_sdmmc.o
                0x000000000800c8a8                SDMMC_CmdSendStatus
 .text.SDMMC_CmdStatusRegister
                0x000000000800c8ee       0x44 ./Drivers/STM32L5xx_HAL_Driver/Src/stm32l5xx_ll_sdmmc.o
                0x000000000800c8ee                SDMMC_CmdStatusRegister
 *fill*         0x000000000800c932        0x2 
 .text.SDMMC_GetCmdResp1
                0x000000000800c934      0x1e4 ./Drivers/STM32L5xx_HAL_Driver/Src/stm32l5xx_ll_sdmmc.o
                0x000000000800c934                SDMMC_GetCmdResp1
 .text.SDMMC_GetCmdResp2
                0x000000000800cb18       0x94 ./Drivers/STM32L5xx_HAL_Driver/Src/stm32l5xx_ll_sdmmc.o
                0x000000000800cb18                SDMMC_GetCmdResp2
 .text.SDMMC_GetCmdResp3
                0x000000000800cbac       0x80 ./Drivers/STM32L5xx_HAL_Driver/Src/stm32l5xx_ll_sdmmc.o
                0x000000000800cbac                SDMMC_GetCmdResp3
 .text.SDMMC_GetCmdResp6
                0x000000000800cc2c       0xf0 ./Drivers/STM32L5xx_HAL_Driver/Src/stm32l5xx_ll_sdmmc.o
                0x000000000800cc2c                SDMMC_GetCmdResp6
 .text.SDMMC_GetCmdResp7
                0x000000000800cd1c       0x9c ./Drivers/STM32L5xx_HAL_Driver/Src/stm32l5xx_ll_sdmmc.o
                0x000000000800cd1c                SDMMC_GetCmdResp7
 .text.SDMMC_GetCmdError
                0x000000000800cdb8       0x5c ./Drivers/STM32L5xx_HAL_Driver/Src/stm32l5xx_ll_sdmmc.o
 .text.MX_FATFS_Init
                0x000000000800ce14       0x30 ./FATFS/App/app_fatfs.o
                0x000000000800ce14                MX_FATFS_Init
 .text.get_fattime
                0x000000000800ce44       0x10 ./FATFS/App/app_fatfs.o
                0x000000000800ce44                get_fattime
 .text.SD_initialize
                0x000000000800ce54       0xcc ./FATFS/Target/sd_diskio.o
                0x000000000800ce54                SD_initialize
 .text.SD_status
                0x000000000800cf20       0x24 ./FATFS/Target/sd_diskio.o
                0x000000000800cf20                SD_status
 .text.SD_read  0x000000000800cf44       0x80 ./FATFS/Target/sd_diskio.o
                0x000000000800cf44                SD_read
 .text.SD_write
                0x000000000800cfc4       0x90 ./FATFS/Target/sd_diskio.o
                0x000000000800cfc4                SD_write
 .text.SD_ioctl
                0x000000000800d054       0xb8 ./FATFS/Target/sd_diskio.o
                0x000000000800d054                SD_ioctl
 .text.disk_status
                0x000000000800d10c       0x34 ./Middlewares/Third_Party/FatFs/src/diskio.o
                0x000000000800d10c                disk_status
 .text.disk_initialize
                0x000000000800d140       0x4c ./Middlewares/Third_Party/FatFs/src/diskio.o
                0x000000000800d140                disk_initialize
 .text.disk_read
                0x000000000800d18c       0x40 ./Middlewares/Third_Party/FatFs/src/diskio.o
                0x000000000800d18c                disk_read
 .text.disk_write
                0x000000000800d1cc       0x40 ./Middlewares/Third_Party/FatFs/src/diskio.o
                0x000000000800d1cc                disk_write
 .text.disk_ioctl
                0x000000000800d20c       0x3c ./Middlewares/Third_Party/FatFs/src/diskio.o
                0x000000000800d20c                disk_ioctl
 .text.ld_word  0x000000000800d248       0x30 ./Middlewares/Third_Party/FatFs/src/ff.o
 .text.ld_dword
                0x000000000800d278       0x46 ./Middlewares/Third_Party/FatFs/src/ff.o
 .text.ld_qword
                0x000000000800d2be      0x1b6 ./Middlewares/Third_Party/FatFs/src/ff.o
 .text.st_word  0x000000000800d474       0x36 ./Middlewares/Third_Party/FatFs/src/ff.o
 .text.st_dword
                0x000000000800d4aa       0x58 ./Middlewares/Third_Party/FatFs/src/ff.o
 .text.st_qword
                0x000000000800d502      0x110 ./Middlewares/Third_Party/FatFs/src/ff.o
 .text.mem_cpy  0x000000000800d612       0x42 ./Middlewares/Third_Party/FatFs/src/ff.o
 .text.mem_set  0x000000000800d654       0x36 ./Middlewares/Third_Party/FatFs/src/ff.o
 .text.mem_cmp  0x000000000800d68a       0x4e ./Middlewares/Third_Party/FatFs/src/ff.o
 .text.chk_chr  0x000000000800d6d8       0x36 ./Middlewares/Third_Party/FatFs/src/ff.o
 .text.lock_fs  0x000000000800d70e       0x2c ./Middlewares/Third_Party/FatFs/src/ff.o
 .text.unlock_fs
                0x000000000800d73a       0x36 ./Middlewares/Third_Party/FatFs/src/ff.o
 .text.chk_lock
                0x000000000800d770       0xb8 ./Middlewares/Third_Party/FatFs/src/ff.o
 .text.enq_lock
                0x000000000800d828       0x44 ./Middlewares/Third_Party/FatFs/src/ff.o
 .text.inc_lock
                0x000000000800d86c      0x11c ./Middlewares/Third_Party/FatFs/src/ff.o
 .text.dec_lock
                0x000000000800d988       0x78 ./Middlewares/Third_Party/FatFs/src/ff.o
 .text.clear_lock
                0x000000000800da00       0x48 ./Middlewares/Third_Party/FatFs/src/ff.o
 .text.sync_window
                0x000000000800da48       0x88 ./Middlewares/Third_Party/FatFs/src/ff.o
 .text.move_window
                0x000000000800dad0       0x5a ./Middlewares/Third_Party/FatFs/src/ff.o
 *fill*         0x000000000800db2a        0x2 
 .text.sync_fs  0x000000000800db2c       0xdc ./Middlewares/Third_Party/FatFs/src/ff.o
 .text.clust2sect
                0x000000000800dc08       0x3e ./Middlewares/Third_Party/FatFs/src/ff.o
 *fill*         0x000000000800dc46        0x2 
 .text.get_fat  0x000000000800dc48      0x234 ./Middlewares/Third_Party/FatFs/src/ff.o
 .text.put_fat  0x000000000800de7c      0x1dc ./Middlewares/Third_Party/FatFs/src/ff.o
 .text.find_bitmap
                0x000000000800e058       0xf8 ./Middlewares/Third_Party/FatFs/src/ff.o
 .text.change_bitmap
                0x000000000800e150       0xd4 ./Middlewares/Third_Party/FatFs/src/ff.o
 .text.fill_first_frag
                0x000000000800e224       0x5e ./Middlewares/Third_Party/FatFs/src/ff.o
 .text.fill_last_frag
                0x000000000800e282       0x62 ./Middlewares/Third_Party/FatFs/src/ff.o
 .text.remove_chain
                0x000000000800e2e4      0x168 ./Middlewares/Third_Party/FatFs/src/ff.o
 .text.create_chain
                0x000000000800e44c      0x202 ./Middlewares/Third_Party/FatFs/src/ff.o
 .text.clmt_clust
                0x000000000800e64e       0x88 ./Middlewares/Third_Party/FatFs/src/ff.o
 .text.dir_sdi  0x000000000800e6d6      0x10c ./Middlewares/Third_Party/FatFs/src/ff.o
 .text.dir_next
                0x000000000800e7e2      0x1aa ./Middlewares/Third_Party/FatFs/src/ff.o
 .text.dir_alloc
                0x000000000800e98c       0xb8 ./Middlewares/Third_Party/FatFs/src/ff.o
 .text.ld_clust
                0x000000000800ea44       0x3e ./Middlewares/Third_Party/FatFs/src/ff.o
 .text.st_clust
                0x000000000800ea82       0x40 ./Middlewares/Third_Party/FatFs/src/ff.o
 *fill*         0x000000000800eac2        0x2 
 .text.cmp_lfn  0x000000000800eac4       0xe0 ./Middlewares/Third_Party/FatFs/src/ff.o
 .text.pick_lfn
                0x000000000800eba4       0xc8 ./Middlewares/Third_Party/FatFs/src/ff.o
 .text.put_lfn  0x000000000800ec6c       0xd0 ./Middlewares/Third_Party/FatFs/src/ff.o
 .text.gen_numname
                0x000000000800ed3c      0x11c ./Middlewares/Third_Party/FatFs/src/ff.o
 .text.sum_sfn  0x000000000800ee58       0x42 ./Middlewares/Third_Party/FatFs/src/ff.o
 .text.xdir_sum
                0x000000000800ee9a       0x66 ./Middlewares/Third_Party/FatFs/src/ff.o
 .text.xname_sum
                0x000000000800ef00       0x68 ./Middlewares/Third_Party/FatFs/src/ff.o
 .text.load_xdir
                0x000000000800ef68      0x17c ./Middlewares/Third_Party/FatFs/src/ff.o
 .text.load_obj_dir
                0x000000000800f0e4       0x6c ./Middlewares/Third_Party/FatFs/src/ff.o
 .text.store_xdir
                0x000000000800f150       0xb6 ./Middlewares/Third_Party/FatFs/src/ff.o
 .text.create_xdir
                0x000000000800f206       0xce ./Middlewares/Third_Party/FatFs/src/ff.o
 .text.dir_read
                0x000000000800f2d4      0x18e ./Middlewares/Third_Party/FatFs/src/ff.o
 .text.dir_find
                0x000000000800f462      0x252 ./Middlewares/Third_Party/FatFs/src/ff.o
 .text.dir_register
                0x000000000800f6b4      0x34c ./Middlewares/Third_Party/FatFs/src/ff.o
 .text.create_name
                0x000000000800fa00      0x370 ./Middlewares/Third_Party/FatFs/src/ff.o
 .text.follow_path
                0x000000000800fd70      0x152 ./Middlewares/Third_Party/FatFs/src/ff.o
 .text.get_ldnumber
                0x000000000800fec2       0x88 ./Middlewares/Third_Party/FatFs/src/ff.o
 *fill*         0x000000000800ff4a        0x2 
 .text.check_fs
                0x000000000800ff4c       0xc8 ./Middlewares/Third_Party/FatFs/src/ff.o
 .text.find_volume
                0x0000000008010014      0x6b4 ./Middlewares/Third_Party/FatFs/src/ff.o
 .text.validate
                0x00000000080106c8       0x8e ./Middlewares/Third_Party/FatFs/src/ff.o
 *fill*         0x0000000008010756        0x2 
 .text.f_mount  0x0000000008010758       0xc8 ./Middlewares/Third_Party/FatFs/src/ff.o
                0x0000000008010758                f_mount
 .text.f_open   0x0000000008010820      0x5d4 ./Middlewares/Third_Party/FatFs/src/ff.o
                0x0000000008010820                f_open
 .text.f_read   0x0000000008010df4      0x34e ./Middlewares/Third_Party/FatFs/src/ff.o
                0x0000000008010df4                f_read
 .text.f_write  0x0000000008011142      0x3c6 ./Middlewares/Third_Party/FatFs/src/ff.o
                0x0000000008011142                f_write
 .text.f_sync   0x0000000008011508      0x286 ./Middlewares/Third_Party/FatFs/src/ff.o
                0x0000000008011508                f_sync
 .text.f_close  0x000000000801178e       0x5e ./Middlewares/Third_Party/FatFs/src/ff.o
                0x000000000801178e                f_close
 .text.FATFS_LinkDriverEx
                0x00000000080117ec       0x98 ./Middlewares/Third_Party/FatFs/src/ff_gen_drv.o
                0x00000000080117ec                FATFS_LinkDriverEx
 .text.FATFS_LinkDriver
                0x0000000008011884       0x1e ./Middlewares/Third_Party/FatFs/src/ff_gen_drv.o
                0x0000000008011884                FATFS_LinkDriver
 *fill*         0x00000000080118a2        0x2 
 .text.ff_convert
                0x00000000080118a4       0x78 ./Middlewares/Third_Party/FatFs/src/option/ccsbcs.o
                0x00000000080118a4                ff_convert
 .text.ff_wtoupper
                0x000000000801191c      0x114 ./Middlewares/Third_Party/FatFs/src/option/ccsbcs.o
                0x000000000801191c                ff_wtoupper
 .text.ff_cre_syncobj
                0x0000000008011a30       0x36 ./Middlewares/Third_Party/FatFs/src/option/syscall.o
                0x0000000008011a30                ff_cre_syncobj
 .text.ff_del_syncobj
                0x0000000008011a66       0x18 ./Middlewares/Third_Party/FatFs/src/option/syscall.o
                0x0000000008011a66                ff_del_syncobj
 .text.ff_req_grant
                0x0000000008011a7e       0x2a ./Middlewares/Third_Party/FatFs/src/option/syscall.o
                0x0000000008011a7e                ff_req_grant
 .text.ff_rel_grant
                0x0000000008011aa8       0x16 ./Middlewares/Third_Party/FatFs/src/option/syscall.o
                0x0000000008011aa8                ff_rel_grant
 .text.ff_memalloc
                0x0000000008011abe       0x18 ./Middlewares/Third_Party/FatFs/src/option/syscall.o
                0x0000000008011abe                ff_memalloc
 .text.ff_memfree
                0x0000000008011ad6       0x16 ./Middlewares/Third_Party/FatFs/src/option/syscall.o
                0x0000000008011ad6                ff_memfree
 .text.__NVIC_SetPriority
                0x0000000008011aec       0x54 ./Middlewares/Third_Party/FreeRTOS/Source/CMSIS_RTOS_V2/cmsis_os2.o
 .text.SysTick_Handler
                0x0000000008011b40       0x20 ./Middlewares/Third_Party/FreeRTOS/Source/CMSIS_RTOS_V2/cmsis_os2.o
                0x0000000008011b40                SysTick_Handler
 .text.SVC_Setup
                0x0000000008011b60       0x12 ./Middlewares/Third_Party/FreeRTOS/Source/CMSIS_RTOS_V2/cmsis_os2.o
 *fill*         0x0000000008011b72        0x2 
 .text.osKernelInitialize
                0x0000000008011b74       0x48 ./Middlewares/Third_Party/FreeRTOS/Source/CMSIS_RTOS_V2/cmsis_os2.o
                0x0000000008011b74                osKernelInitialize
 .text.osKernelStart
                0x0000000008011bbc       0x4c ./Middlewares/Third_Party/FreeRTOS/Source/CMSIS_RTOS_V2/cmsis_os2.o
                0x0000000008011bbc                osKernelStart
 .text.osThreadNew
                0x0000000008011c08      0x124 ./Middlewares/Third_Party/FreeRTOS/Source/CMSIS_RTOS_V2/cmsis_os2.o
                0x0000000008011c08                osThreadNew
 .text.osDelay  0x0000000008011d2c       0x36 ./Middlewares/Third_Party/FreeRTOS/Source/CMSIS_RTOS_V2/cmsis_os2.o
                0x0000000008011d2c                osDelay
 .text.TimerCallback
                0x0000000008011d62       0x2a ./Middlewares/Third_Party/FreeRTOS/Source/CMSIS_RTOS_V2/cmsis_os2.o
 .text.osTimerNew
                0x0000000008011d8c       0xf8 ./Middlewares/Third_Party/FreeRTOS/Source/CMSIS_RTOS_V2/cmsis_os2.o
                0x0000000008011d8c                osTimerNew
 .text.osTimerStart
                0x0000000008011e84       0x5c ./Middlewares/Third_Party/FreeRTOS/Source/CMSIS_RTOS_V2/cmsis_os2.o
                0x0000000008011e84                osTimerStart
 .text.osTimerStop
                0x0000000008011ee0       0x6e ./Middlewares/Third_Party/FreeRTOS/Source/CMSIS_RTOS_V2/cmsis_os2.o
                0x0000000008011ee0                osTimerStop
 .text.osSemaphoreNew
                0x0000000008011f4e      0x112 ./Middlewares/Third_Party/FreeRTOS/Source/CMSIS_RTOS_V2/cmsis_os2.o
                0x0000000008011f4e                osSemaphoreNew
 .text.osSemaphoreAcquire
                0x0000000008012060       0x9c ./Middlewares/Third_Party/FreeRTOS/Source/CMSIS_RTOS_V2/cmsis_os2.o
                0x0000000008012060                osSemaphoreAcquire
 .text.osSemaphoreRelease
                0x00000000080120fc       0x80 ./Middlewares/Third_Party/FreeRTOS/Source/CMSIS_RTOS_V2/cmsis_os2.o
                0x00000000080120fc                osSemaphoreRelease
 .text.osSemaphoreDelete
                0x000000000801217c       0x48 ./Middlewares/Third_Party/FreeRTOS/Source/CMSIS_RTOS_V2/cmsis_os2.o
                0x000000000801217c                osSemaphoreDelete
 .text.vApplicationGetIdleTaskMemory
                0x00000000080121c4       0x34 ./Middlewares/Third_Party/FreeRTOS/Source/CMSIS_RTOS_V2/cmsis_os2.o
                0x00000000080121c4                vApplicationGetIdleTaskMemory
 .text.vApplicationGetTimerTaskMemory
                0x00000000080121f8       0x34 ./Middlewares/Third_Party/FreeRTOS/Source/CMSIS_RTOS_V2/cmsis_os2.o
                0x00000000080121f8                vApplicationGetTimerTaskMemory
 .text.vListInitialise
                0x000000000801222c       0x40 ./Middlewares/Third_Party/FreeRTOS/Source/list.o
                0x000000000801222c                vListInitialise
 .text.vListInitialiseItem
                0x000000000801226c       0x1a ./Middlewares/Third_Party/FreeRTOS/Source/list.o
                0x000000000801226c                vListInitialiseItem
 .text.vListInsertEnd
                0x0000000008012286       0x48 ./Middlewares/Third_Party/FreeRTOS/Source/list.o
                0x0000000008012286                vListInsertEnd
 .text.vListInsert
                0x00000000080122ce       0x72 ./Middlewares/Third_Party/FreeRTOS/Source/list.o
                0x00000000080122ce                vListInsert
 .text.uxListRemove
                0x0000000008012340       0x54 ./Middlewares/Third_Party/FreeRTOS/Source/list.o
                0x0000000008012340                uxListRemove
 .text.xQueueGenericReset
                0x0000000008012394       0xb0 ./Middlewares/Third_Party/FreeRTOS/Source/queue.o
                0x0000000008012394                xQueueGenericReset
 .text.xQueueGenericCreateStatic
                0x0000000008012444       0xa0 ./Middlewares/Third_Party/FreeRTOS/Source/queue.o
                0x0000000008012444                xQueueGenericCreateStatic
 .text.xQueueGenericCreate
                0x00000000080124e4       0x64 ./Middlewares/Third_Party/FreeRTOS/Source/queue.o
                0x00000000080124e4                xQueueGenericCreate
 .text.prvInitialiseNewQueue
                0x0000000008012548       0x46 ./Middlewares/Third_Party/FreeRTOS/Source/queue.o
 .text.xQueueCreateCountingSemaphoreStatic
                0x000000000801258e       0x4e ./Middlewares/Third_Party/FreeRTOS/Source/queue.o
                0x000000000801258e                xQueueCreateCountingSemaphoreStatic
 .text.xQueueCreateCountingSemaphore
                0x00000000080125dc       0x46 ./Middlewares/Third_Party/FreeRTOS/Source/queue.o
                0x00000000080125dc                xQueueCreateCountingSemaphore
 .text.xQueueGenericSend
                0x0000000008012622      0x192 ./Middlewares/Third_Party/FreeRTOS/Source/queue.o
                0x0000000008012622                xQueueGenericSend
 .text.xQueueGenericSendFromISR
                0x00000000080127b4       0xe2 ./Middlewares/Third_Party/FreeRTOS/Source/queue.o
                0x00000000080127b4                xQueueGenericSendFromISR
 .text.xQueueGiveFromISR
                0x0000000008012896       0xc6 ./Middlewares/Third_Party/FreeRTOS/Source/queue.o
                0x0000000008012896                xQueueGiveFromISR
 .text.xQueueReceive
                0x000000000801295c      0x172 ./Middlewares/Third_Party/FreeRTOS/Source/queue.o
                0x000000000801295c                xQueueReceive
 .text.xQueueSemaphoreTake
                0x0000000008012ace      0x1ba ./Middlewares/Third_Party/FreeRTOS/Source/queue.o
                0x0000000008012ace                xQueueSemaphoreTake
 .text.xQueueReceiveFromISR
                0x0000000008012c88       0xbc ./Middlewares/Third_Party/FreeRTOS/Source/queue.o
                0x0000000008012c88                xQueueReceiveFromISR
 .text.vQueueDelete
                0x0000000008012d44       0x36 ./Middlewares/Third_Party/FreeRTOS/Source/queue.o
                0x0000000008012d44                vQueueDelete
 .text.prvGetDisinheritPriorityAfterTimeout
                0x0000000008012d7a       0x30 ./Middlewares/Third_Party/FreeRTOS/Source/queue.o
 .text.prvCopyDataToQueue
                0x0000000008012daa       0xd4 ./Middlewares/Third_Party/FreeRTOS/Source/queue.o
 .text.prvCopyDataFromQueue
                0x0000000008012e7e       0x4c ./Middlewares/Third_Party/FreeRTOS/Source/queue.o
 .text.prvUnlockQueue
                0x0000000008012eca       0xa4 ./Middlewares/Third_Party/FreeRTOS/Source/queue.o
 .text.prvIsQueueEmpty
                0x0000000008012f6e       0x2c ./Middlewares/Third_Party/FreeRTOS/Source/queue.o
 .text.prvIsQueueFull
                0x0000000008012f9a       0x30 ./Middlewares/Third_Party/FreeRTOS/Source/queue.o
 *fill*         0x0000000008012fca        0x2 
 .text.vQueueAddToRegistry
                0x0000000008012fcc       0x54 ./Middlewares/Third_Party/FreeRTOS/Source/queue.o
                0x0000000008012fcc                vQueueAddToRegistry
 .text.vQueueUnregisterQueue
                0x0000000008013020       0x54 ./Middlewares/Third_Party/FreeRTOS/Source/queue.o
                0x0000000008013020                vQueueUnregisterQueue
 .text.vQueueWaitForMessageRestricted
                0x0000000008013074       0x68 ./Middlewares/Third_Party/FreeRTOS/Source/queue.o
                0x0000000008013074                vQueueWaitForMessageRestricted
 .text.xTaskCreateStatic
                0x00000000080130dc       0x8a ./Middlewares/Third_Party/FreeRTOS/Source/tasks.o
                0x00000000080130dc                xTaskCreateStatic
 .text.xTaskCreate
                0x0000000008013166       0x8a ./Middlewares/Third_Party/FreeRTOS/Source/tasks.o
                0x0000000008013166                xTaskCreate
 .text.prvInitialiseNewTask
                0x00000000080131f0      0x140 ./Middlewares/Third_Party/FreeRTOS/Source/tasks.o
 .text.prvAddNewTaskToReadyList
                0x0000000008013330       0xd0 ./Middlewares/Third_Party/FreeRTOS/Source/tasks.o
 .text.vTaskDelay
                0x0000000008013400       0x48 ./Middlewares/Third_Party/FreeRTOS/Source/tasks.o
                0x0000000008013400                vTaskDelay
 .text.vTaskStartScheduler
                0x0000000008013448       0xc0 ./Middlewares/Third_Party/FreeRTOS/Source/tasks.o
                0x0000000008013448                vTaskStartScheduler
 .text.vTaskSuspendAll
                0x0000000008013508       0x1c ./Middlewares/Third_Party/FreeRTOS/Source/tasks.o
                0x0000000008013508                vTaskSuspendAll
 .text.xTaskResumeAll
                0x0000000008013524      0x11c ./Middlewares/Third_Party/FreeRTOS/Source/tasks.o
                0x0000000008013524                xTaskResumeAll
 .text.xTaskGetTickCount
                0x0000000008013640       0x20 ./Middlewares/Third_Party/FreeRTOS/Source/tasks.o
                0x0000000008013640                xTaskGetTickCount
 .text.xTaskIncrementTick
                0x0000000008013660      0x164 ./Middlewares/Third_Party/FreeRTOS/Source/tasks.o
                0x0000000008013660                xTaskIncrementTick
 .text.vTaskSwitchContext
                0x00000000080137c4       0xb4 ./Middlewares/Third_Party/FreeRTOS/Source/tasks.o
                0x00000000080137c4                vTaskSwitchContext
 .text.vTaskPlaceOnEventList
                0x0000000008013878       0x38 ./Middlewares/Third_Party/FreeRTOS/Source/tasks.o
                0x0000000008013878                vTaskPlaceOnEventList
 .text.vTaskPlaceOnEventListRestricted
                0x00000000080138b0       0x48 ./Middlewares/Third_Party/FreeRTOS/Source/tasks.o
                0x00000000080138b0                vTaskPlaceOnEventListRestricted
 .text.xTaskRemoveFromEventList
                0x00000000080138f8       0xb8 ./Middlewares/Third_Party/FreeRTOS/Source/tasks.o
                0x00000000080138f8                xTaskRemoveFromEventList
 .text.vTaskInternalSetTimeOutState
                0x00000000080139b0       0x2c ./Middlewares/Third_Party/FreeRTOS/Source/tasks.o
                0x00000000080139b0                vTaskInternalSetTimeOutState
 .text.xTaskCheckForTimeOut
                0x00000000080139dc       0xa4 ./Middlewares/Third_Party/FreeRTOS/Source/tasks.o
                0x00000000080139dc                xTaskCheckForTimeOut
 .text.vTaskMissedYield
                0x0000000008013a80       0x18 ./Middlewares/Third_Party/FreeRTOS/Source/tasks.o
                0x0000000008013a80                vTaskMissedYield
 .text.prvIdleTask
                0x0000000008013a98       0x20 ./Middlewares/Third_Party/FreeRTOS/Source/tasks.o
 .text.prvInitialiseTaskLists
                0x0000000008013ab8       0x80 ./Middlewares/Third_Party/FreeRTOS/Source/tasks.o
 .text.prvCheckTasksWaitingTermination
                0x0000000008013b38       0x5c ./Middlewares/Third_Party/FreeRTOS/Source/tasks.o
 .text.prvDeleteTCB
                0x0000000008013b94       0x58 ./Middlewares/Third_Party/FreeRTOS/Source/tasks.o
 .text.prvResetNextTaskUnblockTime
                0x0000000008013bec       0x40 ./Middlewares/Third_Party/FreeRTOS/Source/tasks.o
 .text.xTaskGetSchedulerState
                0x0000000008013c2c       0x3c ./Middlewares/Third_Party/FreeRTOS/Source/tasks.o
                0x0000000008013c2c                xTaskGetSchedulerState
 .text.xTaskPriorityInherit
                0x0000000008013c68       0xd0 ./Middlewares/Third_Party/FreeRTOS/Source/tasks.o
                0x0000000008013c68                xTaskPriorityInherit
 .text.xTaskPriorityDisinherit
                0x0000000008013d38       0xbc ./Middlewares/Third_Party/FreeRTOS/Source/tasks.o
                0x0000000008013d38                xTaskPriorityDisinherit
 .text.vTaskPriorityDisinheritAfterTimeout
                0x0000000008013df4       0xe4 ./Middlewares/Third_Party/FreeRTOS/Source/tasks.o
                0x0000000008013df4                vTaskPriorityDisinheritAfterTimeout
 .text.pvTaskIncrementMutexHeldCount
                0x0000000008013ed8       0x28 ./Middlewares/Third_Party/FreeRTOS/Source/tasks.o
                0x0000000008013ed8                pvTaskIncrementMutexHeldCount
 .text.prvAddCurrentTaskToDelayedList
                0x0000000008013f00       0xa8 ./Middlewares/Third_Party/FreeRTOS/Source/tasks.o
 .text.xTimerCreateTimerTask
                0x0000000008013fa8       0x80 ./Middlewares/Third_Party/FreeRTOS/Source/timers.o
                0x0000000008013fa8                xTimerCreateTimerTask
 .text.xTimerCreate
                0x0000000008014028       0x42 ./Middlewares/Third_Party/FreeRTOS/Source/timers.o
                0x0000000008014028                xTimerCreate
 .text.xTimerCreateStatic
                0x000000000801406a       0x5c ./Middlewares/Third_Party/FreeRTOS/Source/timers.o
                0x000000000801406a                xTimerCreateStatic
 .text.prvInitialiseNewTimer
                0x00000000080140c6       0x66 ./Middlewares/Third_Party/FreeRTOS/Source/timers.o
 .text.xTimerGenericCommand
                0x000000000801412c       0x8c ./Middlewares/Third_Party/FreeRTOS/Source/timers.o
                0x000000000801412c                xTimerGenericCommand
 .text.prvProcessExpiredTimer
                0x00000000080141b8       0x88 ./Middlewares/Third_Party/FreeRTOS/Source/timers.o
 .text.prvTimerTask
                0x0000000008014240       0x24 ./Middlewares/Third_Party/FreeRTOS/Source/timers.o
 .text.prvProcessTimerOrBlockTask
                0x0000000008014264       0x8c ./Middlewares/Third_Party/FreeRTOS/Source/timers.o
 .text.prvGetNextExpireTime
                0x00000000080142f0       0x48 ./Middlewares/Third_Party/FreeRTOS/Source/timers.o
 .text.prvSampleTimeNow
                0x0000000008014338       0x40 ./Middlewares/Third_Party/FreeRTOS/Source/timers.o
 .text.prvInsertTimerInActiveList
                0x0000000008014378       0x84 ./Middlewares/Third_Party/FreeRTOS/Source/timers.o
 .text.prvProcessReceivedCommands
                0x00000000080143fc      0x194 ./Middlewares/Third_Party/FreeRTOS/Source/timers.o
 .text.prvSwitchTimerLists
                0x0000000008014590       0xb8 ./Middlewares/Third_Party/FreeRTOS/Source/timers.o
 .text.prvCheckForValidListAndQueue
                0x0000000008014648       0x80 ./Middlewares/Third_Party/FreeRTOS/Source/timers.o
 .text.xTimerIsTimerActive
                0x00000000080146c8       0x42 ./Middlewares/Third_Party/FreeRTOS/Source/timers.o
                0x00000000080146c8                xTimerIsTimerActive
 .text.pvTimerGetTimerID
                0x000000000801470a       0x30 ./Middlewares/Third_Party/FreeRTOS/Source/timers.o
                0x000000000801470a                pvTimerGetTimerID
 *fill*         0x000000000801473a        0x2 
 .text.vPortSetupTimerInterrupt
                0x000000000801473c       0x48 ./Middlewares/Third_Party/FreeRTOS/Source/portable/GCC/ARM_CM33_NTZ/non_secure/port.o
                0x000000000801473c                vPortSetupTimerInterrupt
 .text.prvTaskExitError
                0x0000000008014784       0x34 ./Middlewares/Third_Party/FreeRTOS/Source/portable/GCC/ARM_CM33_NTZ/non_secure/port.o
 .text.vPortYield
                0x00000000080147b8       0x24 ./Middlewares/Third_Party/FreeRTOS/Source/portable/GCC/ARM_CM33_NTZ/non_secure/port.o
                0x00000000080147b8                vPortYield
 .text.vPortEnterCritical
                0x00000000080147dc       0x24 ./Middlewares/Third_Party/FreeRTOS/Source/portable/GCC/ARM_CM33_NTZ/non_secure/port.o
                0x00000000080147dc                vPortEnterCritical
 .text.vPortExitCritical
                0x0000000008014800       0x34 ./Middlewares/Third_Party/FreeRTOS/Source/portable/GCC/ARM_CM33_NTZ/non_secure/port.o
                0x0000000008014800                vPortExitCritical
 .text.xPortSysTickHandler
                0x0000000008014834       0x30 ./Middlewares/Third_Party/FreeRTOS/Source/portable/GCC/ARM_CM33_NTZ/non_secure/port.o
                0x0000000008014834                xPortSysTickHandler
 .text.vPortSVCHandler_C
                0x0000000008014864       0x30 ./Middlewares/Third_Party/FreeRTOS/Source/portable/GCC/ARM_CM33_NTZ/non_secure/port.o
                0x0000000008014864                vPortSVCHandler_C
 .text.pxPortInitialiseStack
                0x0000000008014894      0x114 ./Middlewares/Third_Party/FreeRTOS/Source/portable/GCC/ARM_CM33_NTZ/non_secure/port.o
                0x0000000008014894                pxPortInitialiseStack
 .text.xPortStartScheduler
                0x00000000080149a8       0x40 ./Middlewares/Third_Party/FreeRTOS/Source/portable/GCC/ARM_CM33_NTZ/non_secure/port.o
                0x00000000080149a8                xPortStartScheduler
 *fill*         0x00000000080149e8        0x8 
 .text.vRestoreContextOfFirstTask
                0x00000000080149f0       0x28 ./Middlewares/Third_Party/FreeRTOS/Source/portable/GCC/ARM_CM33_NTZ/non_secure/portasm.o
                0x00000000080149f0                vRestoreContextOfFirstTask
 *fill*         0x0000000008014a18        0x8 
 .text.vStartFirstTask
                0x0000000008014a20       0x28 ./Middlewares/Third_Party/FreeRTOS/Source/portable/GCC/ARM_CM33_NTZ/non_secure/portasm.o
                0x0000000008014a20                vStartFirstTask
 .text.ulSetInterruptMask
                0x0000000008014a48       0x1a ./Middlewares/Third_Party/FreeRTOS/Source/portable/GCC/ARM_CM33_NTZ/non_secure/portasm.o
                0x0000000008014a48                ulSetInterruptMask
 .text.vClearInterruptMask
                0x0000000008014a62       0x10 ./Middlewares/Third_Party/FreeRTOS/Source/portable/GCC/ARM_CM33_NTZ/non_secure/portasm.o
                0x0000000008014a62                vClearInterruptMask
 *fill*         0x0000000008014a72        0xe 
 .text.PendSV_Handler
                0x0000000008014a80       0x58 ./Middlewares/Third_Party/FreeRTOS/Source/portable/GCC/ARM_CM33_NTZ/non_secure/portasm.o
                0x0000000008014a80                PendSV_Handler
 *fill*         0x0000000008014ad8        0x8 
 .text.SVC_Handler
                0x0000000008014ae0       0x28 ./Middlewares/Third_Party/FreeRTOS/Source/portable/GCC/ARM_CM33_NTZ/non_secure/portasm.o
                0x0000000008014ae0                SVC_Handler
 .text.pvPortMalloc
                0x0000000008014b08      0x168 ./Middlewares/Third_Party/FreeRTOS/Source/portable/MemMang/heap_4.o
                0x0000000008014b08                pvPortMalloc
 .text.vPortFree
                0x0000000008014c70       0xa4 ./Middlewares/Third_Party/FreeRTOS/Source/portable/MemMang/heap_4.o
                0x0000000008014c70                vPortFree
 .text.prvHeapInit
                0x0000000008014d14       0xc4 ./Middlewares/Third_Party/FreeRTOS/Source/portable/MemMang/heap_4.o
 .text.prvInsertBlockIntoFreeList
                0x0000000008014dd8       0xb4 ./Middlewares/Third_Party/FreeRTOS/Source/portable/MemMang/heap_4.o
 .text._strtoul_l.constprop.0
                0x0000000008014e8c       0xe4 C:/ST/STM32CubeIDE/STM32CubeIDE/plugins/com.st.stm32cube.ide.mcu.externaltools.gnu-tools-for-stm32.11.3.rel1.win32_1.1.0.202305231506/tools/bin/../lib/gcc/arm-none-eabi/11.3.1/../../../../arm-none-eabi/lib/thumb/v8-m.main+fp/hard\libc_nano.a(libc_a-strtoul.o)
 .text.strtoul  0x0000000008014f70       0x14 C:/ST/STM32CubeIDE/STM32CubeIDE/plugins/com.st.stm32cube.ide.mcu.externaltools.gnu-tools-for-stm32.11.3.rel1.win32_1.1.0.202305231506/tools/bin/../lib/gcc/arm-none-eabi/11.3.1/../../../../arm-none-eabi/lib/thumb/v8-m.main+fp/hard\libc_nano.a(libc_a-strtoul.o)
                0x0000000008014f70                strtoul
 .text.std      0x0000000008014f84       0x48 C:/ST/STM32CubeIDE/STM32CubeIDE/plugins/com.st.stm32cube.ide.mcu.externaltools.gnu-tools-for-stm32.11.3.rel1.win32_1.1.0.202305231506/tools/bin/../lib/gcc/arm-none-eabi/11.3.1/../../../../arm-none-eabi/lib/thumb/v8-m.main+fp/hard\libc_nano.a(libc_a-findfp.o)
 .text.stdio_exit_handler
                0x0000000008014fcc       0x18 C:/ST/STM32CubeIDE/STM32CubeIDE/plugins/com.st.stm32cube.ide.mcu.externaltools.gnu-tools-for-stm32.11.3.rel1.win32_1.1.0.202305231506/tools/bin/../lib/gcc/arm-none-eabi/11.3.1/../../../../arm-none-eabi/lib/thumb/v8-m.main+fp/hard\libc_nano.a(libc_a-findfp.o)
 .text.cleanup_stdio
                0x0000000008014fe4       0x40 C:/ST/STM32CubeIDE/STM32CubeIDE/plugins/com.st.stm32cube.ide.mcu.externaltools.gnu-tools-for-stm32.11.3.rel1.win32_1.1.0.202305231506/tools/bin/../lib/gcc/arm-none-eabi/11.3.1/../../../../arm-none-eabi/lib/thumb/v8-m.main+fp/hard\libc_nano.a(libc_a-findfp.o)
 .text.global_stdio_init.part.0
                0x0000000008015024       0x3c C:/ST/STM32CubeIDE/STM32CubeIDE/plugins/com.st.stm32cube.ide.mcu.externaltools.gnu-tools-for-stm32.11.3.rel1.win32_1.1.0.202305231506/tools/bin/../lib/gcc/arm-none-eabi/11.3.1/../../../../arm-none-eabi/lib/thumb/v8-m.main+fp/hard\libc_nano.a(libc_a-findfp.o)
 .text.__sfp_lock_acquire
                0x0000000008015060        0xc C:/ST/STM32CubeIDE/STM32CubeIDE/plugins/com.st.stm32cube.ide.mcu.externaltools.gnu-tools-for-stm32.11.3.rel1.win32_1.1.0.202305231506/tools/bin/../lib/gcc/arm-none-eabi/11.3.1/../../../../arm-none-eabi/lib/thumb/v8-m.main+fp/hard\libc_nano.a(libc_a-findfp.o)
                0x0000000008015060                __sfp_lock_acquire
 .text.__sfp_lock_release
                0x000000000801506c        0xc C:/ST/STM32CubeIDE/STM32CubeIDE/plugins/com.st.stm32cube.ide.mcu.externaltools.gnu-tools-for-stm32.11.3.rel1.win32_1.1.0.202305231506/tools/bin/../lib/gcc/arm-none-eabi/11.3.1/../../../../arm-none-eabi/lib/thumb/v8-m.main+fp/hard\libc_nano.a(libc_a-findfp.o)
                0x000000000801506c                __sfp_lock_release
 .text.__sinit  0x0000000008015078       0x30 C:/ST/STM32CubeIDE/STM32CubeIDE/plugins/com.st.stm32cube.ide.mcu.externaltools.gnu-tools-for-stm32.11.3.rel1.win32_1.1.0.202305231506/tools/bin/../lib/gcc/arm-none-eabi/11.3.1/../../../../arm-none-eabi/lib/thumb/v8-m.main+fp/hard\libc_nano.a(libc_a-findfp.o)
                0x0000000008015078                __sinit
 .text._fwalk_sglue
                0x00000000080150a8       0x3c C:/ST/STM32CubeIDE/STM32CubeIDE/plugins/com.st.stm32cube.ide.mcu.externaltools.gnu-tools-for-stm32.11.3.rel1.win32_1.1.0.202305231506/tools/bin/../lib/gcc/arm-none-eabi/11.3.1/../../../../arm-none-eabi/lib/thumb/v8-m.main+fp/hard\libc_nano.a(libc_a-fwalk.o)
                0x00000000080150a8                _fwalk_sglue
 .text.sprintf  0x00000000080150e4       0x40 C:/ST/STM32CubeIDE/STM32CubeIDE/plugins/com.st.stm32cube.ide.mcu.externaltools.gnu-tools-for-stm32.11.3.rel1.win32_1.1.0.202305231506/tools/bin/../lib/gcc/arm-none-eabi/11.3.1/../../../../arm-none-eabi/lib/thumb/v8-m.main+fp/hard\libc_nano.a(libc_a-sprintf.o)
                0x00000000080150e4                siprintf
                0x00000000080150e4                sprintf