../Core/Src/main.c:93:5:main	1368	static
../Core/Src/main.c:296:6:SystemClock_Config	104	static
../Core/Src/main.c:351:13:MX_I2C1_Init	8	static
../Core/Src/main.c:399:13:MX_I2C4_Init	8	static
../Core/Src/main.c:447:13:MX_ICACHE_Init	8	static
../Core/Src/main.c:475:13:MX_LPUART1_UART_Init	8	static
../Core/Src/main.c:523:13:MX_UART4_Init	8	static
../Core/Src/main.c:571:13:MX_USART1_UART_Init	8	static
../Core/Src/main.c:619:13:MX_USART2_UART_Init	8	static
../Core/Src/main.c:667:13:MX_OCTOSPI1_Init	8	static
../Core/Src/main.c:708:13:MX_RTC_Init	32	static
../Core/Src/main.c:755:13:MX_SDMMC1_SD_Init	4	static
../Core/Src/main.c:781:13:MX_DMA_Init	16	static
../Core/Src/main.c:800:13:MX_GPIO_Init	56	static
../Core/Src/main.c:832:6:HAL_SD_TxCpltCallback	16	static
../Core/Src/main.c:839:6:HAL_SD_RxCpltCallback	16	static
../Core/Src/main.c:845:6:HAL_SD_ErrorCallback	16	static
../Core/Src/main.c:860:6:Error_Handler	8	static,ignoring_inline_asm
