../Core/Src/main.c:83:5:main	1376	static
../Core/Src/main.c:183:6:SystemClock_Config	104	static
../Core/Src/main.c:238:13:MX_ICACHE_Init	8	static
../Core/Src/main.c:266:13:MX_OCTOSPI1_Init	8	static
../Core/Src/main.c:307:13:MX_RTC_Init	56	static
../Core/Src/main.c:381:13:MX_SDMMC1_SD_Init	4	static
../Core/Src/main.c:409:13:MX_USART1_UART_Init	8	static
../Core/Src/main.c:455:13:MX_DMA_Init	16	static
../Core/Src/main.c:474:13:MX_GPIO_Init	32	static
../Core/Src/main.c:494:6:HAL_SD_TxCpltCallback	16	static
../Core/Src/main.c:500:6:HAL_SD_RxCpltCallback	16	static
../Core/Src/main.c:512:6:Error_Handler	8	static,ignoring_inline_asm
