main.c:93:5:main	6
main.c:296:6:SystemClock_Config	4
main.c:351:13:MX_I2C1_Init	4
main.c:399:13:MX_I2C4_Init	4
main.c:447:13:MX_ICACHE_Init	2
main.c:475:13:MX_LPUART1_UART_Init	5
main.c:523:13:MX_UART4_Init	5
main.c:571:13:MX_USART1_UART_Init	5
main.c:619:13:MX_USART2_UART_Init	5
main.c:667:13:MX_OCTOSPI1_Init	2
main.c:708:13:MX_RTC_Init	3
main.c:755:13:MX_SDMMC1_SD_Init	1
main.c:781:13:MX_DMA_Init	1
main.c:800:13:MX_GPIO_Init	1
main.c:832:6:HAL_SD_TxCpltCallback	1
main.c:839:6:HAL_SD_RxCpltCallback	1
main.c:845:6:HAL_SD_ErrorCallback	1
main.c:860:6:Error_Handler	1
