../Core/Src/main.c:171:5:main	2
../Core/Src/main.c:284:6:SystemClock_Config	4
../Core/Src/main.c:336:13:MX_I2C1_Init	4
../Core/Src/main.c:384:13:MX_I2C4_Init	4
../Core/Src/main.c:432:13:MX_ICACHE_Init	2
../Core/Src/main.c:460:13:MX_OCTOSPI1_Init	2
../Core/Src/main.c:501:13:MX_RTC_Init	3
../Core/Src/main.c:548:13:MX_SDMMC1_SD_Init	1
../Core/Src/main.c:576:13:MX_USART1_UART_Init	5
../Core/Src/main.c:624:13:MX_USART2_UART_Init	5
../Core/Src/main.c:672:13:MX_DMA_Init	3
../Core/Src/main.c:712:13:MX_GPIO_Init	1
../Core/Src/main.c:751:6:HAL_SD_TxCpltCallback	1
../Core/Src/main.c:758:6:HAL_SD_RxCpltCallback	1
../Core/Src/main.c:764:6:HAL_SD_ErrorCallback	1
../Core/Src/main.c:772:6:HAL_UART_RxCpltCallback	6
../Core/Src/main.c:796:6:EnableMemMappedQuadMode	4
../Core/Src/main.c:836:6:EnterQuadMode	2
../Core/Src/main.c:869:6:StartDefaultTask	1
../Core/Src/main.c:892:6:sensors_f	11
../Core/Src/main.c:1087:6:sensors_tmr_cb	2
../Core/Src/main.c:1103:6:HAL_TIM_PeriodElapsedCallback	2
../Core/Src/main.c:1120:6:Error_Handler	1
