Archive member included to satisfy reference by file (symbol)

c:/st/stm32cubeide/stm32cubeide/plugins/com.st.stm32cube.ide.mcu.externaltools.gnu-tools-for-stm32.10.3-2021.10.win32_1.0.200.202301161003/tools/bin/../lib/gcc/arm-none-eabi/10.3.1/../../../../arm-none-eabi/lib/thumb/v8-m.main+fp/hard\libc_nano.a(lib_a-errno.o)
                              ./Core/Src/syscalls.o (__errno)
c:/st/stm32cubeide/stm32cubeide/plugins/com.st.stm32cube.ide.mcu.externaltools.gnu-tools-for-stm32.10.3-2021.10.win32_1.0.200.202301161003/tools/bin/../lib/gcc/arm-none-eabi/10.3.1/../../../../arm-none-eabi/lib/thumb/v8-m.main+fp/hard\libc_nano.a(lib_a-exit.o)
                              c:/st/stm32cubeide/stm32cubeide/plugins/com.st.stm32cube.ide.mcu.externaltools.gnu-tools-for-stm32.10.3-2021.10.win32_1.0.200.202301161003/tools/bin/../lib/gcc/arm-none-eabi/10.3.1/../../../../arm-none-eabi/lib/thumb/v8-m.main+fp/hard/crt0.o (exit)
c:/st/stm32cubeide/stm32cubeide/plugins/com.st.stm32cube.ide.mcu.externaltools.gnu-tools-for-stm32.10.3-2021.10.win32_1.0.200.202301161003/tools/bin/../lib/gcc/arm-none-eabi/10.3.1/../../../../arm-none-eabi/lib/thumb/v8-m.main+fp/hard\libc_nano.a(lib_a-findfp.o)
                              ./Middlewares/Third_Party/FreeRTOS/Source/tasks.o (__sf_fake_stderr)
c:/st/stm32cubeide/stm32cubeide/plugins/com.st.stm32cube.ide.mcu.externaltools.gnu-tools-for-stm32.10.3-2021.10.win32_1.0.200.202301161003/tools/bin/../lib/gcc/arm-none-eabi/10.3.1/../../../../arm-none-eabi/lib/thumb/v8-m.main+fp/hard\libc_nano.a(lib_a-fwalk.o)
                              c:/st/stm32cubeide/stm32cubeide/plugins/com.st.stm32cube.ide.mcu.externaltools.gnu-tools-for-stm32.10.3-2021.10.win32_1.0.200.202301161003/tools/bin/../lib/gcc/arm-none-eabi/10.3.1/../../../../arm-none-eabi/lib/thumb/v8-m.main+fp/hard\libc_nano.a(lib_a-findfp.o) (_fwalk)
c:/st/stm32cubeide/stm32cubeide/plugins/com.st.stm32cube.ide.mcu.externaltools.gnu-tools-for-stm32.10.3-2021.10.win32_1.0.200.202301161003/tools/bin/../lib/gcc/arm-none-eabi/10.3.1/../../../../arm-none-eabi/lib/thumb/v8-m.main+fp/hard\libc_nano.a(lib_a-impure.o)
                              c:/st/stm32cubeide/stm32cubeide/plugins/com.st.stm32cube.ide.mcu.externaltools.gnu-tools-for-stm32.10.3-2021.10.win32_1.0.200.202301161003/tools/bin/../lib/gcc/arm-none-eabi/10.3.1/../../../../arm-none-eabi/lib/thumb/v8-m.main+fp/hard\libc_nano.a(lib_a-exit.o) (_global_impure_ptr)
c:/st/stm32cubeide/stm32cubeide/plugins/com.st.stm32cube.ide.mcu.externaltools.gnu-tools-for-stm32.10.3-2021.10.win32_1.0.200.202301161003/tools/bin/../lib/gcc/arm-none-eabi/10.3.1/../../../../arm-none-eabi/lib/thumb/v8-m.main+fp/hard\libc_nano.a(lib_a-init.o)
                              c:/st/stm32cubeide/stm32cubeide/plugins/com.st.stm32cube.ide.mcu.externaltools.gnu-tools-for-stm32.10.3-2021.10.win32_1.0.200.202301161003/tools/bin/../lib/gcc/arm-none-eabi/10.3.1/../../../../arm-none-eabi/lib/thumb/v8-m.main+fp/hard/crt0.o (__libc_init_array)
c:/st/stm32cubeide/stm32cubeide/plugins/com.st.stm32cube.ide.mcu.externaltools.gnu-tools-for-stm32.10.3-2021.10.win32_1.0.200.202301161003/tools/bin/../lib/gcc/arm-none-eabi/10.3.1/../../../../arm-none-eabi/lib/thumb/v8-m.main+fp/hard\libc_nano.a(lib_a-lock.o)
                              c:/st/stm32cubeide/stm32cubeide/plugins/com.st.stm32cube.ide.mcu.externaltools.gnu-tools-for-stm32.10.3-2021.10.win32_1.0.200.202301161003/tools/bin/../lib/gcc/arm-none-eabi/10.3.1/../../../../arm-none-eabi/lib/thumb/v8-m.main+fp/hard\libc_nano.a(lib_a-findfp.o) (__retarget_lock_init_recursive)
c:/st/stm32cubeide/stm32cubeide/plugins/com.st.stm32cube.ide.mcu.externaltools.gnu-tools-for-stm32.10.3-2021.10.win32_1.0.200.202301161003/tools/bin/../lib/gcc/arm-none-eabi/10.3.1/../../../../arm-none-eabi/lib/thumb/v8-m.main+fp/hard\libc_nano.a(lib_a-memcpy-stub.o)
                              ./Core/Src/base64.o (memcpy)
c:/st/stm32cubeide/stm32cubeide/plugins/com.st.stm32cube.ide.mcu.externaltools.gnu-tools-for-stm32.10.3-2021.10.win32_1.0.200.202301161003/tools/bin/../lib/gcc/arm-none-eabi/10.3.1/../../../../arm-none-eabi/lib/thumb/v8-m.main+fp/hard\libc_nano.a(lib_a-memset.o)
                              c:/st/stm32cubeide/stm32cubeide/plugins/com.st.stm32cube.ide.mcu.externaltools.gnu-tools-for-stm32.10.3-2021.10.win32_1.0.200.202301161003/tools/bin/../lib/gcc/arm-none-eabi/10.3.1/../../../../arm-none-eabi/lib/thumb/v8-m.main+fp/hard/crt0.o (memset)
c:/st/stm32cubeide/stm32cubeide/plugins/com.st.stm32cube.ide.mcu.externaltools.gnu-tools-for-stm32.10.3-2021.10.win32_1.0.200.202301161003/tools/bin/../lib/gcc/arm-none-eabi/10.3.1/../../../../arm-none-eabi/lib/thumb/v8-m.main+fp/hard\libc_nano.a(lib_a-nano-mallocr.o)
[...]
Memory Configuration

Name             Origin             Length             Attributes
RAM              0x0000000020000000 0x0000000000030000 xrw
RAM2             0x0000000020030000 0x0000000000010000 xrw
FLASH            0x0000000008000000 0x0000000000080000 xr
*default*        0x0000000000000000 0xffffffffffffffff

Linker script and memory map

LOAD c:/st/stm32cubeide/stm32cubeide/plugins/com.st.stm32cube.ide.mcu.externaltools.gnu-tools-for-stm32.10.3-2021.10.win32_1.0.200.202301161003/tools/bin/../lib/gcc/arm-none-eabi/10.3.1/thumb/v8-m.main+fp/hard/crti.o
LOAD c:/st/stm32cubeide/stm32cubeide/plugins/com.st.stm32cube.ide.mcu.externaltools.gnu-tools-for-stm32.10.3-2021.10.win32_1.0.200.202301161003/tools/bin/../lib/gcc/arm-none-eabi/10.3.1/thumb/v8-m.main+fp/hard/crtbegin.o
LOAD c:/st/stm32cubeide/stm32cubeide/plugins/com.st.stm32cube.ide.mcu.externaltools.gnu-tools-for-stm32.10.3-2021.10.win32_1.0.200.202301161003/tools/bin/../lib/gcc/arm-none-eabi/10.3.1/../../../../arm-none-eabi/lib/thumb/v8-m.main+fp/hard/crt0.o
LOAD ./Core/Src/app_freertos.o
LOAD ./Core/Src/base64.o
LOAD ./Core/Src/dbg.o
LOAD ./Core/Src/main.o
LOAD ./Core/Src/mbcrc.o
LOAD ./Core/Src/stm32l5xx_hal_msp.o
LOAD ./Core/Src/stm32l5xx_hal_timebase_tim.o
LOAD ./Core/Src/stm32l5xx_it.o
LOAD ./Core/Src/syscalls.o
LOAD ./Core/Src/sysmem.o
LOAD ./Core/Src/system_stm32l5xx.o
LOAD ./Core/Startup/startup_stm32l552vetx.o
LOAD ./Drivers/STM32L5xx_HAL_Driver/Src/stm32l5xx_hal.o
LOAD ./Drivers/STM32L5xx_HAL_Driver/Src/stm32l5xx_hal_cortex.o
LOAD ./Drivers/STM32L5xx_HAL_Driver/Src/stm32l5xx_hal_dma.o
LOAD ./Drivers/STM32L5xx_HAL_Driver/Src/stm32l5xx_hal_dma_ex.o
LOAD ./Drivers/STM32L5xx_HAL_Driver/Src/stm32l5xx_hal_exti.o
LOAD ./Drivers/STM32L5xx_HAL_Driver/Src/stm32l5xx_hal_flash.o
LOAD ./Drivers/STM32L5xx_HAL_Driver/Src/stm32l5xx_hal_flash_ex.o
LOAD ./Drivers/STM32L5xx_HAL_Driver/Src/stm32l5xx_hal_flash_ramfunc.o
LOAD ./Drivers/STM32L5xx_HAL_Driver/Src/stm32l5xx_hal_gpio.o
LOAD ./Drivers/STM32L5xx_HAL_Driver/Src/stm32l5xx_hal_i2c.o
LOAD ./Drivers/STM32L5xx_HAL_Driver/Src/stm32l5xx_hal_i2c_ex.o
LOAD ./Drivers/STM32L5xx_HAL_Driver/Src/stm32l5xx_hal_icache.o
LOAD ./Drivers/STM32L5xx_HAL_Driver/Src/stm32l5xx_hal_pwr.o
LOAD ./Drivers/STM32L5xx_HAL_Driver/Src/stm32l5xx_hal_pwr_ex.o
LOAD ./Drivers/STM32L5xx_HAL_Driver/Src/stm32l5xx_hal_rcc.o
LOAD ./Drivers/STM32L5xx_HAL_Driver/Src/stm32l5xx_hal_rcc_ex.o
LOAD ./Drivers/STM32L5xx_HAL_Driver/Src/stm32l5xx_hal_rtc.o
LOAD ./Drivers/STM32L5xx_HAL_Driver/Src/stm32l5xx_hal_rtc_ex.o
LOAD ./Drivers/STM32L5xx_HAL_Driver/Src/stm32l5xx_hal_sd.o
LOAD ./Drivers/STM32L5xx_HAL_Driver/Src/stm32l5xx_hal_sd_ex.o
LOAD ./Drivers/STM32L5xx_HAL_Driver/Src/stm32l5xx_hal_tim.o
LOAD ./Drivers/STM32L5xx_HAL_Driver/Src/stm32l5xx_hal_tim_ex.o
LOAD ./Drivers/STM32L5xx_HAL_Driver/Src/stm32l5xx_hal_uart.o
LOAD ./Drivers/STM32L5xx_HAL_Driver/Src/stm32l5xx_hal_uart_ex.o
LOAD ./Drivers/STM32L5xx_HAL_Driver/Src/stm32l5xx_ll_sdmmc.o
LOAD ./FATFS/App/app_fatfs.o
LOAD ./FATFS/Target/sd_diskio.o
LOAD ./Middlewares/Third_Party/FatFs/src/diskio.o
LOAD ./Middlewares/Third_Party/FatFs/src/ff.o
LOAD ./Middlewares/Third_Party/FatFs/src/ff_gen_drv.o
LOAD ./Middlewares/Third_Party/FatFs/src/option/ccsbcs.o
LOAD ./Middlewares/Third_Party/FatFs/src/option/syscall.o
LOAD ./Middlewares/Third_Party/FreeRTOS/Source/CMSIS_RTOS_V2/cmsis_os2.o
LOAD ./Middlewares/Third_Party/FreeRTOS/Source/croutine.o
LOAD ./Middlewares/Third_Party/FreeRTOS/Source/event_groups.o
LOAD ./Middlewares/Third_Party/FreeRTOS/Source/list.o
LOAD ./Middlewares/Third_Party/FreeRTOS/Source/queue.o
LOAD ./Middlewares/Third_Party/FreeRTOS/Source/stream_buffer.o
LOAD ./Middlewares/Third_Party/FreeRTOS/Source/tasks.o
LOAD ./Middlewares/Third_Party/FreeRTOS/Source/timers.o
LOAD ./Middlewares/Third_Party/FreeRTOS/Source/portable/GCC/ARM_CM33_NTZ/non_secure/port.o
LOAD ./Middlewares/Third_Party/FreeRTOS/Source/portable/GCC/ARM_CM33_NTZ/non_secure/portasm.o
LOAD ./Middlewares/Third_Party/FreeRTOS/Source/portable/MemMang/heap_4.o
START GROUP
LOAD c:/st/stm32cubeide/stm32cubeide/plugins/com.st.stm32cube.ide.mcu.externaltools.gnu-tools-for-stm32.10.3-2021.10.win32_1.0.200.202301161003/tools/bin/../lib/gcc/arm-none-eabi/10.3.1/../../../../arm-none-eabi/lib/thumb/v8-m.main+fp/hard\libc_nano.a
LOAD c:/st/stm32cubeide/stm32cubeide/plugins/com.st.stm32cube.ide.mcu.externaltools.gnu-tools-for-stm32.10.3-2021.10.win32_1.0.200.202301161003/tools/bin/../lib/gcc/arm-none-eabi/10.3.1/../../../../arm-none-eabi/lib/thumb/v8-m.main+fp/hard\libm.a
END GROUP
START GROUP
LOAD c:/st/stm32cubeide/stm32cubeide/plugins/com.st.stm32cube.ide.mcu.externaltools.gnu-tools-for-stm32.10.3-2021.10.win32_1.0.200.202301161003/tools/bin/../lib/gcc/arm-none-eabi/10.3.1/thumb/v8-m.main+fp/hard\libgcc.a
LOAD c:/st/stm32cubeide/stm32cubeide/plugins/com.st.stm32cube.ide.mcu.externaltools.gnu-tools-for-stm32.10.3-2021.10.win32_1.0.200.202301161003/tools/bin/../lib/gcc/arm-none-eabi/10.3.1/../../../../arm-none-eabi/lib/thumb/v8-m.main+fp/hard\libc_nano.a
END GROUP
START GROUP
LOAD c:/st/stm32cubeide/stm32cubeide/plugins/com.st.stm32cube.ide.mcu.externaltools.gnu-tools-for-stm32.10.3-2021.10.win32_1.0.200.202301161003/tools/bin/../lib/gcc/arm-none-eabi/10.3.1/thumb/v8-m.main+fp/hard\libgcc.a
LOAD c:/st/stm32cubeide/stm32cubeide/plugins/com.st.stm32cube.ide.mcu.externaltools.gnu-tools-for-stm32.10.3-2021.10.win32_1.0.200.202301161003/tools/bin/../lib/gcc/arm-none-eabi/10.3.1/../../../../arm-none-eabi/lib/thumb/v8-m.main+fp/hard\libc_nano.a
LOAD c:/st/stm32cubeide/stm32cubeide/plugins/com.st.stm32cube.ide.mcu.externaltools.gnu-tools-for-stm32.10.3-2021.10.win32_1.0.200.202301161003/tools/bin/../lib/gcc/arm-none-eabi/10.3.1/../../../../arm-none-eabi/lib/thumb/v8-m.main+fp/hard\libnosys.a
END GROUP
START GROUP
LOAD c:/st/stm32cubeide/stm32cubeide/plugins/com.st.stm32cube.ide.mcu.externaltools.gnu-tools-for-stm32.10.3-2021.10.win32_1.0.200.202301161003/tools/bin/../lib/gcc/arm-none-eabi/10.3.1/thumb/v8-m.main+fp/hard\libgcc.a
LOAD c:/st/stm32cubeide/stm32cubeide/plugins/com.st.stm32cube.ide.mcu.externaltools.gnu-tools-for-stm32.10.3-2021.10.win32_1.0.200.202301161003/tools/bin/../lib/gcc/arm-none-eabi/10.3.1/../../../../arm-none-eabi/lib/thumb/v8-m.main+fp/hard\libc_nano.a
LOAD c:/st/stm32cubeide/stm32cubeide/plugins/com.st.stm32cube.ide.mcu.externaltools.gnu-tools-for-stm32.10.3-2021.10.win32_1.0.200.202301161003/tools/bin/../lib/gcc/arm-none-eabi/10.3.1/../../../../arm-none-eabi/lib/thumb/v8-m.main+fp/hard\libnosys.a
END GROUP
LOAD c:/st/stm32cubeide/stm32cubeide/plugins/com.st.stm32cube.ide.mcu.externaltools.gnu-tools-for-stm32.10.3-2021.10.win32_1.0.200.202301161003/tools/bin/../lib/gcc/arm-none-eabi/10.3.1/thumb/v8-m.main+fp/hard/crtend.o
LOAD c:/st/stm32cubeide/stm32cubeide/plugins/com.st.stm32cube.ide.mcu.externaltools.gnu-tools-for-stm32.10.3-2021.10.win32_1.0.200.202301161003/tools/bin/../lib/gcc/arm-none-eabi/10.3.1/thumb/v8-m.main+fp/hard/crtn.o
                0x0000000020030000                _estack = (ORIGIN (RAM) + LENGTH (RAM))
                0x0000000000000400                _Min_Heap_Size = 0x400
                0x0000000000001000                _Min_Stack_Size = 0x1000

.isr_vector     0x0000000008000000      0x1f4
                0x0000000008000000                . = ALIGN (0x4)
 *(.isr_vector)
 .isr_vector    0x0000000008000000      0x1f4 ./Core/Startup/startup_stm32l552vetx.o
                0x0000000008000000                g_pfnVectors
                0x00000000080001f4                . = ALIGN (0x4)

.text           0x0000000008000200    0x15350
                0x0000000008000200                . = ALIGN (0x4)
 *(.text)
 .text          0x0000000008000200       0x40 c:/st/stm32cubeide/stm32cubeide/plugins/com.st.stm32cube.ide.mcu.externaltools.gnu-tools-for-stm32.10.3-2021.10.win32_1.0.200.202301161003/tools/bin/../lib/gcc/arm-none-eabi/10.3.1/thumb/v8-m.main+fp/hard/crtbegin.o
 .text          0x0000000008000240       0x10 c:/st/stm32cubeide/stm32cubeide/plugins/com.st.stm32cube.ide.mcu.externaltools.gnu-tools-for-stm32.10.3-2021.10.win32_1.0.200.202301161003/tools/bin/../lib/gcc/arm-none-eabi/10.3.1/../../../../arm-none-eabi/lib/thumb/v8-m.main+fp/hard\libc_nano.a(lib_a-strlen.o)
                0x0000000008000240                strlen
 .text          0x0000000008000250       0x30 c:/st/stm32cubeide/stm32cubeide/plugins/com.st.stm32cube.ide.mcu.externaltools.gnu-tools-for-stm32.10.3-2021.10.win32_1.0.200.202301161003/tools/bin/../lib/gcc/arm-none-eabi/10.3.1/thumb/v8-m.main+fp/hard\libgcc.a(_aeabi_uldivmod.o)
                0x0000000008000250                __aeabi_uldivmod
 .text          0x0000000008000280      0x2ec c:/st/stm32cubeide/stm32cubeide/plugins/com.st.stm32cube.ide.mcu.externaltools.gnu-tools-for-stm32.10.3-2021.10.win32_1.0.200.202301161003/tools/bin/../lib/gcc/arm-none-eabi/10.3.1/thumb/v8-m.main+fp/hard\libgcc.a(_udivmoddi4.o)
                0x0000000008000280                __udivmoddi4
 .text          0x000000000800056c        0x4 c:/st/stm32cubeide/stm32cubeide/plugins/com.st.stm32cube.ide.mcu.externaltools.gnu-tools-for-stm32.10.3-2021.10.win32_1.0.200.202301161003/tools/bin/../lib/gcc/arm-none-eabi/10.3.1/thumb/v8-m.main+fp/hard\libgcc.a(_dvmd_tls.o)
                0x000000000800056c                __aeabi_idiv0
                0x000000000800056c                __aeabi_ldiv0
 *(.text*)
 .text.print_param
                0x0000000008000570       0x40 ./Core/Src/dbg.o
                0x0000000008000570                print_param
 .text.print_str
                0x00000000080005b0       0x3c ./Core/Src/dbg.o
                0x00000000080005b0                print_str
 .text.main     0x00000000080005ec       0xa8 ./Core/Src/main.o
                0x00000000080005ec                main
 .text.SystemClock_Config
                0x0000000008000694       0xb8 ./Core/Src/main.o
                0x0000000008000694                SystemClock_Config
 .text.MX_I2C1_Init
                0x000000000800074c       0x80 ./Core/Src/main.o
 .text.MX_I2C4_Init
                0x00000000080007cc       0x80 ./Core/Src/main.o
 .text.MX_ICACHE_Init
                0x000000000800084c       0x16 ./Core/Src/main.o
 *fill*         0x0000000008000862        0x2 
 .text.MX_LPUART1_UART_Init
                0x0000000008000864       0x98 ./Core/Src/main.o
 .text.MX_USART1_UART_Init
                0x00000000080008fc       0x98 ./Core/Src/main.o
 .text.MX_USART2_UART_Init
                0x0000000008000994       0x98 ./Core/Src/main.o
 .text.MX_USART3_UART_Init
                0x0000000008000a2c       0x98 ./Core/Src/main.o
 .text.MX_RTC_Init
                0x0000000008000ac4       0x94 ./Core/Src/main.o
 .text.MX_SDMMC1_SD_Init
                0x0000000008000b58       0x3c ./Core/Src/main.o
 .text.MX_DMA_Init
                0x0000000008000b94       0x54 ./Core/Src/main.o
 .text.MX_GPIO_Init
                0x0000000008000be8      0x100 ./Core/Src/main.o
 .text.HAL_SD_TxCpltCallback
                0x0000000008000ce8       0x20 ./Core/Src/main.o
                0x0000000008000ce8                HAL_SD_TxCpltCallback
 .text.HAL_SD_RxCpltCallback
                0x0000000008000d08       0x20 ./Core/Src/main.o
                0x0000000008000d08                HAL_SD_RxCpltCallback
 .text.HAL_SD_ErrorCallback
                0x0000000008000d28       0x14 ./Core/Src/main.o
                0x0000000008000d28                HAL_SD_ErrorCallback
 .text.HAL_UART_RxCpltCallback
                0x0000000008000d3c       0x9c ./Core/Src/main.o
                0x0000000008000d3c                HAL_UART_RxCpltCallback
 .text.StartDefaultTask
                0x0000000008000dd8       0x40 ./Core/Src/main.o
                0x0000000008000dd8                StartDefaultTask
 .text.sensors_f
                0x0000000008000e18      0x4e8 ./Core/Src/main.o
                0x0000000008000e18                sensors_f
 .text.sensors_tmr_cb
                0x0000000008001300       0x28 ./Core/Src/main.o
                0x0000000008001300                sensors_tmr_cb
 .text.HAL_TIM_PeriodElapsedCallback
                0x0000000008001328       0x24 ./Core/Src/main.o
                0x0000000008001328                HAL_TIM_PeriodElapsedCallback
 .text.Error_Handler
                0x000000000800134c       0x20 ./Core/Src/main.o
                0x000000000800134c                Error_Handler
 .text.HAL_MspInit
                0x000000000800136c       0x54 ./Core/Src/stm32l5xx_hal_msp.o
                0x000000000800136c                HAL_MspInit
 .text.HAL_I2C_MspInit
                0x00000000080013c0      0x168 ./Core/Src/stm32l5xx_hal_msp.o
                0x00000000080013c0                HAL_I2C_MspInit
 .text.HAL_UART_MspInit
                0x0000000008001528      0x2f4 ./Core/Src/stm32l5xx_hal_msp.o
                0x0000000008001528                HAL_UART_MspInit
 .text.HAL_RTC_MspInit
                0x000000000800181c       0x7c ./Core/Src/stm32l5xx_hal_msp.o
                0x000000000800181c                HAL_RTC_MspInit
 .text.HAL_SD_MspInit
                0x0000000008001898      0x138 ./Core/Src/stm32l5xx_hal_msp.o
                0x0000000008001898                HAL_SD_MspInit
 .text.HAL_InitTick
                0x00000000080019d0       0xac ./Core/Src/stm32l5xx_hal_timebase_tim.o
                0x00000000080019d0                HAL_InitTick
 .text.NMI_Handler
                0x0000000008001a7c        0x6 ./Core/Src/stm32l5xx_it.o
                0x0000000008001a7c                NMI_Handler
 .text.HardFault_Handler
                0x0000000008001a82        0x6 ./Core/Src/stm32l5xx_it.o
                0x0000000008001a82                HardFault_Handler
 .text.MemManage_Handler
                0x0000000008001a88        0x6 ./Core/Src/stm32l5xx_it.o
                0x0000000008001a88                MemManage_Handler
 .text.BusFault_Handler
                0x0000000008001a8e        0x6 ./Core/Src/stm32l5xx_it.o
                0x0000000008001a8e                BusFault_Handler
 .text.UsageFault_Handler
                0x0000000008001a94        0x6 ./Core/Src/stm32l5xx_it.o
                0x0000000008001a94                UsageFault_Handler
 .text.DebugMon_Handler
                0x0000000008001a9a        0xe ./Core/Src/stm32l5xx_it.o
                0x0000000008001a9a                DebugMon_Handler
 .text.DMA1_Channel1_IRQHandler
                0x0000000008001aa8       0x14 ./Core/Src/stm32l5xx_it.o
                0x0000000008001aa8                DMA1_Channel1_IRQHandler
 .text.TIM1_UP_IRQHandler
                0x0000000008001abc       0x14 ./Core/Src/stm32l5xx_it.o
                0x0000000008001abc                TIM1_UP_IRQHandler
 .text.I2C1_EV_IRQHandler
                0x0000000008001ad0       0x14 ./Core/Src/stm32l5xx_it.o
                0x0000000008001ad0                I2C1_EV_IRQHandler
 .text.I2C1_ER_IRQHandler
                0x0000000008001ae4       0x14 ./Core/Src/stm32l5xx_it.o
                0x0000000008001ae4                I2C1_ER_IRQHandler
 .text.USART1_IRQHandler
                0x0000000008001af8       0x14 ./Core/Src/stm32l5xx_it.o
                0x0000000008001af8                USART1_IRQHandler
 .text.USART2_IRQHandler
                0x0000000008001b0c       0x14 ./Core/Src/stm32l5xx_it.o
                0x0000000008001b0c                USART2_IRQHandler
 .text.LPUART1_IRQHandler
                0x0000000008001b20       0x14 ./Core/Src/stm32l5xx_it.o
                0x0000000008001b20                LPUART1_IRQHandler
 .text.SDMMC1_IRQHandler
                0x0000000008001b34       0x14 ./Core/Src/stm32l5xx_it.o
                0x0000000008001b34                SDMMC1_IRQHandler
 .text._getpid  0x0000000008001b48       0x10 ./Core/Src/syscalls.o
                0x0000000008001b48                _getpid
 .text._kill    0x0000000008001b58       0x20 ./Core/Src/syscalls.o
                0x0000000008001b58                _kill
 .text._exit    0x0000000008001b78       0x14 ./Core/Src/syscalls.o
                0x0000000008001b78                _exit
 .text._read    0x0000000008001b8c       0x3a ./Core/Src/syscalls.o
                0x0000000008001b8c                _read
 .text._write   0x0000000008001bc6       0x38 ./Core/Src/syscalls.o
                0x0000000008001bc6                _write
 .text._close   0x0000000008001bfe       0x18 ./Core/Src/syscalls.o
                0x0000000008001bfe                _close
 .text._fstat   0x0000000008001c16       0x20 ./Core/Src/syscalls.o
                0x0000000008001c16                _fstat
 .text._isatty  0x0000000008001c36       0x16 ./Core/Src/syscalls.o
                0x0000000008001c36                _isatty
 .text._lseek   0x0000000008001c4c       0x1a ./Core/Src/syscalls.o
                0x0000000008001c4c                _lseek
 *fill*         0x0000000008001c66        0x2 
 .text._sbrk    0x0000000008001c68       0x6c ./Core/Src/sysmem.o
                0x0000000008001c68                _sbrk
 .text.SystemInit
                0x0000000008001cd4       0x24 ./Core/Src/system_stm32l5xx.o
                0x0000000008001cd4                SystemInit
 .text.SystemCoreClockUpdate
                0x0000000008001cf8      0x15c ./Core/Src/system_stm32l5xx.o
                0x0000000008001cf8                SystemCoreClockUpdate
 .text.Reset_Handler
                0x0000000008001e54       0x50 ./Core/Startup/startup_stm32l552vetx.o
                0x0000000008001e54                Reset_Handler
 .text.Default_Handler
                0x0000000008001ea4        0x2 ./Core/Startup/startup_stm32l552vetx.o
                0x0000000008001ea4                EXTI2_IRQHandler
                0x0000000008001ea4                TIM8_TRG_COM_IRQHandler
                0x0000000008001ea4                TIM8_CC_IRQHandler
                0x0000000008001ea4                EXTI5_IRQHandler
                0x0000000008001ea4                FLASH_S_IRQHandler
                0x0000000008001ea4                EXTI13_IRQHandler
                0x0000000008001ea4                TIM1_CC_IRQHandler
                0x0000000008001ea4                TSC_IRQHandler
                0x0000000008001ea4                TAMP_IRQHandler
                0x0000000008001ea4                TIM6_IRQHandler
                0x0000000008001ea4                EXTI12_IRQHandler
                0x0000000008001ea4                DMA2_Channel8_IRQHandler
                0x0000000008001ea4                EXTI3_IRQHandler
                0x0000000008001ea4                EXTI8_IRQHandler
                0x0000000008001ea4                LPTIM2_IRQHandler
                0x0000000008001ea4                DFSDM1_FLT1_IRQHandler
                0x0000000008001ea4                USB_FS_IRQHandler
                0x0000000008001ea4                I2C3_ER_IRQHandler
                0x0000000008001ea4                DFSDM1_FLT2_IRQHandler
                0x0000000008001ea4                DMAMUX1_IRQHandler
                0x0000000008001ea4                LPTIM3_IRQHandler
                0x0000000008001ea4                EXTI0_IRQHandler
                0x0000000008001ea4                I2C2_EV_IRQHandler
                0x0000000008001ea4                FPU_IRQHandler
                0x0000000008001ea4                FDCAN1_IT1_IRQHandler
                0x0000000008001ea4                ADC1_2_IRQHandler
                0x0000000008001ea4                SPI1_IRQHandler
                0x0000000008001ea4                OCTOSPI1_IRQHandler
                0x0000000008001ea4                TIM8_UP_IRQHandler
                0x0000000008001ea4                RCC_S_IRQHandler
                0x0000000008001ea4                DMA2_Channel2_IRQHandler
                0x0000000008001ea4                DMA1_Channel4_IRQHandler
                0x0000000008001ea4                SAI2_IRQHandler
                0x0000000008001ea4                DFSDM1_FLT3_IRQHandler
                0x0000000008001ea4                EXTI15_IRQHandler
                0x0000000008001ea4                TIM17_IRQHandler
                0x0000000008001ea4                USART3_IRQHandler
                0x0000000008001ea4                RTC_IRQHandler
                0x0000000008001ea4                EXTI9_IRQHandler
                0x0000000008001ea4                DMA1_Channel7_IRQHandler
                0x0000000008001ea4                UART5_IRQHandler
                0x0000000008001ea4                TIM4_IRQHandler
                0x0000000008001ea4                DMA2_Channel1_IRQHandler
                0x0000000008001ea4                DMA1_Channel6_IRQHandler
                0x0000000008001ea4                TIM16_IRQHandler
                0x0000000008001ea4                UART4_IRQHandler
                0x0000000008001ea4                DMA2_Channel4_IRQHandler
                0x0000000008001ea4                SecureFault_Handler
                0x0000000008001ea4                TIM3_IRQHandler
                0x0000000008001ea4                RCC_IRQHandler
                0x0000000008001ea4                TIM1_TRG_COM_IRQHandler
                0x0000000008001ea4                Default_Handler
                0x0000000008001ea4                DMA2_Channel7_IRQHandler
                0x0000000008001ea4                DMA1_Channel8_IRQHandler
                0x0000000008001ea4                TIM7_IRQHandler
                0x0000000008001ea4                TIM5_IRQHandler
                0x0000000008001ea4                UCPD1_IRQHandler
                0x0000000008001ea4                TIM15_IRQHandler
                0x0000000008001ea4                I2C3_EV_IRQHandler
                0x0000000008001ea4                PVD_PVM_IRQHandler
                0x0000000008001ea4                SPI2_IRQHandler
                0x0000000008001ea4                EXTI14_IRQHandler
                0x0000000008001ea4                EXTI11_IRQHandler
                0x0000000008001ea4                DMA2_Channel5_IRQHandler
                0x0000000008001ea4                CRS_IRQHandler
                0x0000000008001ea4                DMA1_Channel5_IRQHandler
                0x0000000008001ea4                EXTI4_IRQHandler
                0x0000000008001ea4                RTC_S_IRQHandler
                0x0000000008001ea4                RNG_IRQHandler
                0x0000000008001ea4                DMAMUX1_S_IRQHandler
                0x0000000008001ea4                DMA1_Channel3_IRQHandler
                0x0000000008001ea4                COMP_IRQHandler
                0x0000000008001ea4                WWDG_IRQHandler
                0x0000000008001ea4                I2C4_EV_IRQHandler
                0x0000000008001ea4                DMA2_Channel6_IRQHandler
                0x0000000008001ea4                FDCAN1_IT0_IRQHandler
                0x0000000008001ea4                TIM2_IRQHandler
                0x0000000008001ea4                TAMP_S_IRQHandler
                0x0000000008001ea4                EXTI7_IRQHandler
                0x0000000008001ea4                TIM1_BRK_IRQHandler
                0x0000000008001ea4                DAC_IRQHandler
                0x0000000008001ea4                EXTI1_IRQHandler
                0x0000000008001ea4                GTZC_IRQHandler
                0x0000000008001ea4                DFSDM1_FLT0_IRQHandler
                0x0000000008001ea4                I2C2_ER_IRQHandler
                0x0000000008001ea4                DMA1_Channel2_IRQHandler
                0x0000000008001ea4                TIM8_BRK_IRQHandler
                0x0000000008001ea4                FLASH_IRQHandler
                0x0000000008001ea4                EXTI10_IRQHandler
                0x0000000008001ea4                SPI3_IRQHandler
                0x0000000008001ea4                FMC_IRQHandler
                0x0000000008001ea4                EXTI6_IRQHandler
                0x0000000008001ea4                LPTIM1_IRQHandler
                0x0000000008001ea4                I2C4_ER_IRQHandler
                0x0000000008001ea4                ICACHE_IRQHandler
                0x0000000008001ea4                SAI1_IRQHandler
                0x0000000008001ea4                HASH_IRQHandler
                0x0000000008001ea4                DMA2_Channel3_IRQHandler
 .text.HAL_Init
                0x0000000008001ea6       0x34 ./Drivers/STM32L5xx_HAL_Driver/Src/stm32l5xx_hal.o
                0x0000000008001ea6                HAL_Init
 *fill*         0x0000000008001eda        0x2 
 .text.HAL_IncTick
                0x0000000008001edc       0x28 ./Drivers/STM32L5xx_HAL_Driver/Src/stm32l5xx_hal.o
                0x0000000008001edc                HAL_IncTick
 .text.HAL_GetTick
                0x0000000008001f04       0x18 ./Drivers/STM32L5xx_HAL_Driver/Src/stm32l5xx_hal.o
                0x0000000008001f04                HAL_GetTick
 .text.HAL_Delay
                0x0000000008001f1c       0x48 ./Drivers/STM32L5xx_HAL_Driver/Src/stm32l5xx_hal.o
                0x0000000008001f1c                HAL_Delay
 .text.__NVIC_SetPriorityGrouping
                0x0000000008001f64       0x48 ./Drivers/STM32L5xx_HAL_Driver/Src/stm32l5xx_hal_cortex.o
 .text.__NVIC_GetPriorityGrouping
                0x0000000008001fac       0x1c ./Drivers/STM32L5xx_HAL_Driver/Src/stm32l5xx_hal_cortex.o
 .text.__NVIC_EnableIRQ
                0x0000000008001fc8       0x3c ./Drivers/STM32L5xx_HAL_Driver/Src/stm32l5xx_hal_cortex.o
 .text.__NVIC_SetPriority
                0x0000000008002004       0x54 ./Drivers/STM32L5xx_HAL_Driver/Src/stm32l5xx_hal_cortex.o
 .text.NVIC_EncodePriority
                0x0000000008002058       0x66 ./Drivers/STM32L5xx_HAL_Driver/Src/stm32l5xx_hal_cortex.o
 .text.HAL_NVIC_SetPriorityGrouping
                0x00000000080020be       0x16 ./Drivers/STM32L5xx_HAL_Driver/Src/stm32l5xx_hal_cortex.o
                0x00000000080020be                HAL_NVIC_SetPriorityGrouping
 .text.HAL_NVIC_SetPriority
                0x00000000080020d4       0x34 ./Drivers/STM32L5xx_HAL_Driver/Src/stm32l5xx_hal_cortex.o
                0x00000000080020d4                HAL_NVIC_SetPriority
 .text.HAL_NVIC_EnableIRQ
                0x0000000008002108       0x1c ./Drivers/STM32L5xx_HAL_Driver/Src/stm32l5xx_hal_cortex.o
                0x0000000008002108                HAL_NVIC_EnableIRQ
 .text.HAL_DMA_Init
                0x0000000008002124      0x150 ./Drivers/STM32L5xx_HAL_Driver/Src/stm32l5xx_hal_dma.o
                0x0000000008002124                HAL_DMA_Init
 .text.HAL_DMA_Abort
                0x0000000008002274       0xb8 ./Drivers/STM32L5xx_HAL_Driver/Src/stm32l5xx_hal_dma.o
                0x0000000008002274                HAL_DMA_Abort
 .text.HAL_DMA_Abort_IT
                0x000000000800232c       0xbe ./Drivers/STM32L5xx_HAL_Driver/Src/stm32l5xx_hal_dma.o
                0x000000000800232c                HAL_DMA_Abort_IT
 .text.HAL_DMA_IRQHandler
                0x00000000080023ea      0x200 ./Drivers/STM32L5xx_HAL_Driver/Src/stm32l5xx_hal_dma.o
                0x00000000080023ea                HAL_DMA_IRQHandler
 .text.HAL_DMA_GetState
                0x00000000080025ea       0x1c ./Drivers/STM32L5xx_HAL_Driver/Src/stm32l5xx_hal_dma.o
                0x00000000080025ea                HAL_DMA_GetState
 .text.HAL_DMA_ConfigChannelAttributes
                0x0000000008002606       0x60 ./Drivers/STM32L5xx_HAL_Driver/Src/stm32l5xx_hal_dma.o
                0x0000000008002606                HAL_DMA_ConfigChannelAttributes
 *fill*         0x0000000008002666        0x2 
 .text.DMA_CalcDMAMUXChannelBaseAndMask
                0x0000000008002668       0x7c ./Drivers/STM32L5xx_HAL_Driver/Src/stm32l5xx_hal_dma.o
 .text.DMA_CalcDMAMUXRequestGenBaseAndMask
                0x00000000080026e4       0x48 ./Drivers/STM32L5xx_HAL_Driver/Src/stm32l5xx_hal_dma.o
 .text.HAL_GPIO_Init
                0x000000000800272c      0x300 ./Drivers/STM32L5xx_HAL_Driver/Src/stm32l5xx_hal_gpio.o
                0x000000000800272c                HAL_GPIO_Init
 .text.HAL_GPIO_WritePin
                0x0000000008002a2c       0x30 ./Drivers/STM32L5xx_HAL_Driver/Src/stm32l5xx_hal_gpio.o
                0x0000000008002a2c                HAL_GPIO_WritePin
 .text.HAL_I2C_Init
                0x0000000008002a5c      0x11e ./Drivers/STM32L5xx_HAL_Driver/Src/stm32l5xx_hal_i2c.o
                0x0000000008002a5c                HAL_I2C_Init
 *fill*         0x0000000008002b7a        0x2 
 .text.HAL_I2C_Master_Transmit
                0x0000000008002b7c      0x1e8 ./Drivers/STM32L5xx_HAL_Driver/Src/stm32l5xx_hal_i2c.o
                0x0000000008002b7c                HAL_I2C_Master_Transmit
 .text.HAL_I2C_Master_Receive
                0x0000000008002d64      0x1ec ./Drivers/STM32L5xx_HAL_Driver/Src/stm32l5xx_hal_i2c.o
                0x0000000008002d64                HAL_I2C_Master_Receive
 .text.HAL_I2C_EV_IRQHandler
                0x0000000008002f50       0x34 ./Drivers/STM32L5xx_HAL_Driver/Src/stm32l5xx_hal_i2c.o
                0x0000000008002f50                HAL_I2C_EV_IRQHandler
 .text.HAL_I2C_ER_IRQHandler
                0x0000000008002f84       0xc2 ./Drivers/STM32L5xx_HAL_Driver/Src/stm32l5xx_hal_i2c.o
                0x0000000008002f84                HAL_I2C_ER_IRQHandler
 .text.HAL_I2C_SlaveTxCpltCallback
                0x0000000008003046       0x14 ./Drivers/STM32L5xx_HAL_Driver/Src/stm32l5xx_hal_i2c.o
                0x0000000008003046                HAL_I2C_SlaveTxCpltCallback
 .text.HAL_I2C_SlaveRxCpltCallback
                0x000000000800305a       0x14 ./Drivers/STM32L5xx_HAL_Driver/Src/stm32l5xx_hal_i2c.o
                0x000000000800305a                HAL_I2C_SlaveRxCpltCallback
 .text.HAL_I2C_AddrCallback
                0x000000000800306e       0x1c ./Drivers/STM32L5xx_HAL_Driver/Src/stm32l5xx_hal_i2c.o
                0x000000000800306e                HAL_I2C_AddrCallback
 .text.HAL_I2C_ListenCpltCallback
                0x000000000800308a       0x14 ./Drivers/STM32L5xx_HAL_Driver/Src/stm32l5xx_hal_i2c.o
                0x000000000800308a                HAL_I2C_ListenCpltCallback
 .text.HAL_I2C_ErrorCallback
                0x000000000800309e       0x14 ./Drivers/STM32L5xx_HAL_Driver/Src/stm32l5xx_hal_i2c.o
                0x000000000800309e                HAL_I2C_ErrorCallback
 .text.HAL_I2C_AbortCpltCallback
                0x00000000080030b2       0x14 ./Drivers/STM32L5xx_HAL_Driver/Src/stm32l5xx_hal_i2c.o
                0x00000000080030b2                HAL_I2C_AbortCpltCallback
 .text.I2C_Slave_ISR_IT
                0x00000000080030c6      0x206 ./Drivers/STM32L5xx_HAL_Driver/Src/stm32l5xx_hal_i2c.o
 .text.I2C_ITAddrCplt
                0x00000000080032cc      0x108 ./Drivers/STM32L5xx_HAL_Driver/Src/stm32l5xx_hal_i2c.o
 .text.I2C_ITSlaveSeqCplt
                0x00000000080033d4       0xbc ./Drivers/STM32L5xx_HAL_Driver/Src/stm32l5xx_hal_i2c.o
 .text.I2C_ITSlaveCplt
                0x0000000008003490      0x214 ./Drivers/STM32L5xx_HAL_Driver/Src/stm32l5xx_hal_i2c.o
 .text.I2C_ITListenCplt
                0x00000000080036a4       0xac ./Drivers/STM32L5xx_HAL_Driver/Src/stm32l5xx_hal_i2c.o
 .text.I2C_ITError
                0x0000000008003750      0x1e0 ./Drivers/STM32L5xx_HAL_Driver/Src/stm32l5xx_hal_i2c.o
 .text.I2C_TreatErrorCallback
                0x0000000008003930       0x4e ./Drivers/STM32L5xx_HAL_Driver/Src/stm32l5xx_hal_i2c.o
 .text.I2C_Flush_TXDR
                0x000000000800397e       0x48 ./Drivers/STM32L5xx_HAL_Driver/Src/stm32l5xx_hal_i2c.o
 .text.I2C_DMAAbort
                0x00000000080039c6       0x3c ./Drivers/STM32L5xx_HAL_Driver/Src/stm32l5xx_hal_i2c.o
 .text.I2C_WaitOnFlagUntilTimeout
                0x0000000008003a02       0x9e ./Drivers/STM32L5xx_HAL_Driver/Src/stm32l5xx_hal_i2c.o
 .text.I2C_WaitOnTXISFlagUntilTimeout
                0x0000000008003aa0       0x8e ./Drivers/STM32L5xx_HAL_Driver/Src/stm32l5xx_hal_i2c.o
 .text.I2C_WaitOnSTOPFlagUntilTimeout
                0x0000000008003b2e       0x86 ./Drivers/STM32L5xx_HAL_Driver/Src/stm32l5xx_hal_i2c.o
 .text.I2C_WaitOnRXNEFlagUntilTimeout
                0x0000000008003bb4      0x104 ./Drivers/STM32L5xx_HAL_Driver/Src/stm32l5xx_hal_i2c.o
 .text.I2C_IsErrorOccurred
                0x0000000008003cb8      0x1c0 ./Drivers/STM32L5xx_HAL_Driver/Src/stm32l5xx_hal_i2c.o
 .text.I2C_TransferConfig
                0x0000000008003e78       0x64 ./Drivers/STM32L5xx_HAL_Driver/Src/stm32l5xx_hal_i2c.o
 .text.I2C_Disable_IRQ
                0x0000000008003edc       0xbc ./Drivers/STM32L5xx_HAL_Driver/Src/stm32l5xx_hal_i2c.o
 .text.HAL_I2CEx_ConfigAnalogFilter
                0x0000000008003f98       0x96 ./Drivers/STM32L5xx_HAL_Driver/Src/stm32l5xx_hal_i2c_ex.o
                0x0000000008003f98                HAL_I2CEx_ConfigAnalogFilter
 .text.HAL_I2CEx_ConfigDigitalFilter
                0x000000000800402e       0x98 ./Drivers/STM32L5xx_HAL_Driver/Src/stm32l5xx_hal_i2c_ex.o
                0x000000000800402e                HAL_I2CEx_ConfigDigitalFilter
 *fill*         0x00000000080040c6        0x2 
 .text.HAL_ICACHE_Enable
                0x00000000080040c8       0x20 ./Drivers/STM32L5xx_HAL_Driver/Src/stm32l5xx_hal_icache.o
                0x00000000080040c8                HAL_ICACHE_Enable
 .text.HAL_PWR_EnableBkUpAccess
                0x00000000080040e8       0x20 ./Drivers/STM32L5xx_HAL_Driver/Src/stm32l5xx_hal_pwr.o
                0x00000000080040e8                HAL_PWR_EnableBkUpAccess
 .text.HAL_PWREx_GetVoltageRange
                0x0000000008004108       0x1c ./Drivers/STM32L5xx_HAL_Driver/Src/stm32l5xx_hal_pwr_ex.o
                0x0000000008004108                HAL_PWREx_GetVoltageRange
 .text.HAL_PWREx_ControlVoltageScaling
                0x0000000008004124       0xb8 ./Drivers/STM32L5xx_HAL_Driver/Src/stm32l5xx_hal_pwr_ex.o
                0x0000000008004124                HAL_PWREx_ControlVoltageScaling
 .text.HAL_PWREx_DisableUCPDDeadBattery
                0x00000000080041dc       0x20 ./Drivers/STM32L5xx_HAL_Driver/Src/stm32l5xx_hal_pwr_ex.o
                0x00000000080041dc                HAL_PWREx_DisableUCPDDeadBattery
 .text.HAL_PWREx_SMPS_GetEffectiveMode
                0x00000000080041fc       0x48 ./Drivers/STM32L5xx_HAL_Driver/Src/stm32l5xx_hal_pwr_ex.o
                0x00000000080041fc                HAL_PWREx_SMPS_GetEffectiveMode
 .text.HAL_RCC_OscConfig
                0x0000000008004244      0x9ac ./Drivers/STM32L5xx_HAL_Driver/Src/stm32l5xx_hal_rcc.o
                0x0000000008004244                HAL_RCC_OscConfig
 .text.HAL_RCC_ClockConfig
                0x0000000008004bf0      0x270 ./Drivers/STM32L5xx_HAL_Driver/Src/stm32l5xx_hal_rcc.o
                0x0000000008004bf0                HAL_RCC_ClockConfig
 .text.HAL_RCC_GetSysClockFreq
                0x0000000008004e60      0x13c ./Drivers/STM32L5xx_HAL_Driver/Src/stm32l5xx_hal_rcc.o
                0x0000000008004e60                HAL_RCC_GetSysClockFreq
 .text.HAL_RCC_GetHCLKFreq
                0x0000000008004f9c       0x28 ./Drivers/STM32L5xx_HAL_Driver/Src/stm32l5xx_hal_rcc.o
                0x0000000008004f9c                HAL_RCC_GetHCLKFreq
 .text.HAL_RCC_GetPCLK1Freq
                0x0000000008004fc4       0x28 ./Drivers/STM32L5xx_HAL_Driver/Src/stm32l5xx_hal_rcc.o
                0x0000000008004fc4                HAL_RCC_GetPCLK1Freq
 .text.HAL_RCC_GetPCLK2Freq
                0x0000000008004fec       0x28 ./Drivers/STM32L5xx_HAL_Driver/Src/stm32l5xx_hal_rcc.o
                0x0000000008004fec                HAL_RCC_GetPCLK2Freq
 .text.HAL_RCC_GetClockConfig
                0x0000000008005014       0x64 ./Drivers/STM32L5xx_HAL_Driver/Src/stm32l5xx_hal_rcc.o
                0x0000000008005014                HAL_RCC_GetClockConfig
 .text.RCC_SetFlashLatencyFromMSIRange
                0x0000000008005078       0xc8 ./Drivers/STM32L5xx_HAL_Driver/Src/stm32l5xx_hal_rcc.o
 .text.RCC_GetSysClockFreqFromPLLSource
                0x0000000008005140       0xdc ./Drivers/STM32L5xx_HAL_Driver/Src/stm32l5xx_hal_rcc.o
 .text.HAL_RCCEx_PeriphCLKConfig
                0x000000000800521c      0x708 ./Drivers/STM32L5xx_HAL_Driver/Src/stm32l5xx_hal_rcc_ex.o
                0x000000000800521c                HAL_RCCEx_PeriphCLKConfig
 .text.HAL_RCCEx_GetPeriphCLKFreq
                0x0000000008005924      0xf44 ./Drivers/STM32L5xx_HAL_Driver/Src/stm32l5xx_hal_rcc_ex.o
                0x0000000008005924                HAL_RCCEx_GetPeriphCLKFreq
 .text.RCCEx_PLLSAI1_Config
                0x0000000008006868      0x1cc ./Drivers/STM32L5xx_HAL_Driver/Src/stm32l5xx_hal_rcc_ex.o
 .text.RCCEx_PLLSAI2_Config
                0x0000000008006a34      0x158 ./Drivers/STM32L5xx_HAL_Driver/Src/stm32l5xx_hal_rcc_ex.o
 .text.RCCEx_PLLSAI1_GetVCOFreq
                0x0000000008006b8c       0xb4 ./Drivers/STM32L5xx_HAL_Driver/Src/stm32l5xx_hal_rcc_ex.o
 .text.RCCEx_PLLSAI2_GetVCOFreq
                0x0000000008006c40       0xb4 ./Drivers/STM32L5xx_HAL_Driver/Src/stm32l5xx_hal_rcc_ex.o
 .text.RCCEx_GetSAIxPeriphCLKFreq
                0x0000000008006cf4      0x200 ./Drivers/STM32L5xx_HAL_Driver/Src/stm32l5xx_hal_rcc_ex.o
 .text.HAL_RTC_Init
                0x0000000008006ef4       0xf0 ./Drivers/STM32L5xx_HAL_Driver/Src/stm32l5xx_hal_rtc.o
                0x0000000008006ef4                HAL_RTC_Init
 .text.HAL_RTC_SetTime
                0x0000000008006fe4      0x12c ./Drivers/STM32L5xx_HAL_Driver/Src/stm32l5xx_hal_rtc.o
                0x0000000008006fe4                HAL_RTC_SetTime
 .text.HAL_RTC_GetTime
                0x0000000008007110       0xb8 ./Drivers/STM32L5xx_HAL_Driver/Src/stm32l5xx_hal_rtc.o
                0x0000000008007110                HAL_RTC_GetTime
 .text.HAL_RTC_SetDate
                0x00000000080071c8      0x10c ./Drivers/STM32L5xx_HAL_Driver/Src/stm32l5xx_hal_rtc.o
                0x00000000080071c8                HAL_RTC_SetDate
 .text.HAL_RTC_GetDate
                0x00000000080072d4       0x9c ./Drivers/STM32L5xx_HAL_Driver/Src/stm32l5xx_hal_rtc.o
                0x00000000080072d4                HAL_RTC_GetDate
 .text.HAL_RTC_WaitForSynchro
                0x0000000008007370       0x48 ./Drivers/STM32L5xx_HAL_Driver/Src/stm32l5xx_hal_rtc.o
                0x0000000008007370                HAL_RTC_WaitForSynchro
 .text.RTC_EnterInitMode
                0x00000000080073b8       0x68 ./Drivers/STM32L5xx_HAL_Driver/Src/stm32l5xx_hal_rtc.o
                0x00000000080073b8                RTC_EnterInitMode
 .text.RTC_ExitInitMode
                0x0000000008007420       0x7c ./Drivers/STM32L5xx_HAL_Driver/Src/stm32l5xx_hal_rtc.o
                0x0000000008007420                RTC_ExitInitMode
 .text.RTC_ByteToBcd2
                0x000000000800749c       0x40 ./Drivers/STM32L5xx_HAL_Driver/Src/stm32l5xx_hal_rtc.o
                0x000000000800749c                RTC_ByteToBcd2
 .text.RTC_Bcd2ToByte
                0x00000000080074dc       0x38 ./Drivers/STM32L5xx_HAL_Driver/Src/stm32l5xx_hal_rtc.o
                0x00000000080074dc                RTC_Bcd2ToByte
 .text.HAL_RTCEx_PrivilegeModeSet
                0x0000000008007514       0x58 ./Drivers/STM32L5xx_HAL_Driver/Src/stm32l5xx_hal_rtc_ex.o
                0x0000000008007514                HAL_RTCEx_PrivilegeModeSet
 .text.HAL_SD_Init
                0x000000000800756c      0x106 ./Drivers/STM32L5xx_HAL_Driver/Src/stm32l5xx_hal_sd.o
                0x000000000800756c                HAL_SD_Init
 *fill*         0x0000000008007672        0x2 
 .text.HAL_SD_InitCard
                0x0000000008007674      0x128 ./Drivers/STM32L5xx_HAL_Driver/Src/stm32l5xx_hal_sd.o
                0x0000000008007674                HAL_SD_InitCard
 .text.HAL_SD_ReadBlocks_DMA
                0x000000000800779c      0x150 ./Drivers/STM32L5xx_HAL_Driver/Src/stm32l5xx_hal_sd.o
                0x000000000800779c                HAL_SD_ReadBlocks_DMA
 .text.HAL_SD_WriteBlocks_DMA
                0x00000000080078ec      0x150 ./Drivers/STM32L5xx_HAL_Driver/Src/stm32l5xx_hal_sd.o
                0x00000000080078ec                HAL_SD_WriteBlocks_DMA
 .text.HAL_SD_IRQHandler
                0x0000000008007a3c      0x36c ./Drivers/STM32L5xx_HAL_Driver/Src/stm32l5xx_hal_sd.o
                0x0000000008007a3c                HAL_SD_IRQHandler
 .text.HAL_SD_GetCardCSD
                0x0000000008007da8      0x348 ./Drivers/STM32L5xx_HAL_Driver/Src/stm32l5xx_hal_sd.o
                0x0000000008007da8                HAL_SD_GetCardCSD
 .text.HAL_SD_GetCardStatus
                0x00000000080080f0      0x17c ./Drivers/STM32L5xx_HAL_Driver/Src/stm32l5xx_hal_sd.o
                0x00000000080080f0                HAL_SD_GetCardStatus
 .text.HAL_SD_GetCardInfo
                0x000000000800826c       0x58 ./Drivers/STM32L5xx_HAL_Driver/Src/stm32l5xx_hal_sd.o
                0x000000000800826c                HAL_SD_GetCardInfo
 .text.HAL_SD_ConfigWideBusOperation
                0x00000000080082c4      0x220 ./Drivers/STM32L5xx_HAL_Driver/Src/stm32l5xx_hal_sd.o
                0x00000000080082c4                HAL_SD_ConfigWideBusOperation
 .text.HAL_SD_GetCardState
                0x00000000080084e4       0x40 ./Drivers/STM32L5xx_HAL_Driver/Src/stm32l5xx_hal_sd.o
                0x00000000080084e4                HAL_SD_GetCardState
 .text.SD_InitCard
                0x0000000008008524      0x19c ./Drivers/STM32L5xx_HAL_Driver/Src/stm32l5xx_hal_sd.o
 .text.SD_PowerON
                0x00000000080086c0      0x11c ./Drivers/STM32L5xx_HAL_Driver/Src/stm32l5xx_hal_sd.o
 .text.SD_SendSDStatus
                0x00000000080087dc      0x1a0 ./Drivers/STM32L5xx_HAL_Driver/Src/stm32l5xx_hal_sd.o
 .text.SD_SendStatus
                0x000000000800897c       0x50 ./Drivers/STM32L5xx_HAL_Driver/Src/stm32l5xx_hal_sd.o
 .text.SD_WideBus_Enable
                0x00000000080089cc       0x96 ./Drivers/STM32L5xx_HAL_Driver/Src/stm32l5xx_hal_sd.o
 .text.SD_WideBus_Disable
                0x0000000008008a62       0x96 ./Drivers/STM32L5xx_HAL_Driver/Src/stm32l5xx_hal_sd.o
 .text.SD_FindSCR
                0x0000000008008af8      0x1a0 ./Drivers/STM32L5xx_HAL_Driver/Src/stm32l5xx_hal_sd.o
 .text.SD_Read_IT
                0x0000000008008c98       0x8c ./Drivers/STM32L5xx_HAL_Driver/Src/stm32l5xx_hal_sd.o
 .text.SD_Write_IT
                0x0000000008008d24       0x94 ./Drivers/STM32L5xx_HAL_Driver/Src/stm32l5xx_hal_sd.o
 .text.HAL_SDEx_Read_DMADoubleBuf0CpltCallback
                0x0000000008008db8       0x14 ./Drivers/STM32L5xx_HAL_Driver/Src/stm32l5xx_hal_sd.o
                0x0000000008008db8                HAL_SDEx_Read_DMADoubleBuf0CpltCallback
 .text.HAL_SDEx_Read_DMADoubleBuf1CpltCallback
                0x0000000008008dcc       0x14 ./Drivers/STM32L5xx_HAL_Driver/Src/stm32l5xx_hal_sd.o
                0x0000000008008dcc                HAL_SDEx_Read_DMADoubleBuf1CpltCallback
 .text.HAL_SDEx_Write_DMADoubleBuf0CpltCallback
                0x0000000008008de0       0x14 ./Drivers/STM32L5xx_HAL_Driver/Src/stm32l5xx_hal_sd.o
                0x0000000008008de0                HAL_SDEx_Write_DMADoubleBuf0CpltCallback
 .text.HAL_SDEx_Write_DMADoubleBuf1CpltCallback
                0x0000000008008df4       0x14 ./Drivers/STM32L5xx_HAL_Driver/Src/stm32l5xx_hal_sd.o
                0x0000000008008df4                HAL_SDEx_Write_DMADoubleBuf1CpltCallback
 .text.HAL_TIM_Base_Init
                0x0000000008008e08       0xae ./Drivers/STM32L5xx_HAL_Driver/Src/stm32l5xx_hal_tim.o
                0x0000000008008e08                HAL_TIM_Base_Init
 .text.HAL_TIM_Base_MspInit
                0x0000000008008eb6       0x14 ./Drivers/STM32L5xx_HAL_Driver/Src/stm32l5xx_hal_tim.o
                0x0000000008008eb6                HAL_TIM_Base_MspInit
 *fill*         0x0000000008008eca        0x2 
 .text.HAL_TIM_Base_Start_IT
                0x0000000008008ecc       0xe0 ./Drivers/STM32L5xx_HAL_Driver/Src/stm32l5xx_hal_tim.o
                0x0000000008008ecc                HAL_TIM_Base_Start_IT
 .text.HAL_TIM_IRQHandler
                0x0000000008008fac      0x23e ./Drivers/STM32L5xx_HAL_Driver/Src/stm32l5xx_hal_tim.o
                0x0000000008008fac                HAL_TIM_IRQHandler
 .text.HAL_TIM_OC_DelayElapsedCallback
                0x00000000080091ea       0x14 ./Drivers/STM32L5xx_HAL_Driver/Src/stm32l5xx_hal_tim.o
                0x00000000080091ea                HAL_TIM_OC_DelayElapsedCallback
 .text.HAL_TIM_IC_CaptureCallback
                0x00000000080091fe       0x14 ./Drivers/STM32L5xx_HAL_Driver/Src/stm32l5xx_hal_tim.o
                0x00000000080091fe                HAL_TIM_IC_CaptureCallback
 .text.HAL_TIM_PWM_PulseFinishedCallback
                0x0000000008009212       0x14 ./Drivers/STM32L5xx_HAL_Driver/Src/stm32l5xx_hal_tim.o
                0x0000000008009212                HAL_TIM_PWM_PulseFinishedCallback
 .text.HAL_TIM_TriggerCallback
                0x0000000008009226       0x14 ./Drivers/STM32L5xx_HAL_Driver/Src/stm32l5xx_hal_tim.o
                0x0000000008009226                HAL_TIM_TriggerCallback
 *fill*         0x000000000800923a        0x2 
 .text.TIM_Base_SetConfig
                0x000000000800923c      0x134 ./Drivers/STM32L5xx_HAL_Driver/Src/stm32l5xx_hal_tim.o
                0x000000000800923c                TIM_Base_SetConfig
 .text.HAL_TIMEx_CommutCallback
                0x0000000008009370       0x14 ./Drivers/STM32L5xx_HAL_Driver/Src/stm32l5xx_hal_tim_ex.o
                0x0000000008009370                HAL_TIMEx_CommutCallback
 .text.HAL_TIMEx_BreakCallback
                0x0000000008009384       0x14 ./Drivers/STM32L5xx_HAL_Driver/Src/stm32l5xx_hal_tim_ex.o
                0x0000000008009384                HAL_TIMEx_BreakCallback
 .text.HAL_TIMEx_Break2Callback
                0x0000000008009398       0x14 ./Drivers/STM32L5xx_HAL_Driver/Src/stm32l5xx_hal_tim_ex.o
                0x0000000008009398                HAL_TIMEx_Break2Callback
 .text.HAL_UART_Init
                0x00000000080093ac       0xa0 ./Drivers/STM32L5xx_HAL_Driver/Src/stm32l5xx_hal_uart.o
                0x00000000080093ac                HAL_UART_Init
 .text.HAL_UART_Transmit
                0x000000000800944c      0x11c ./Drivers/STM32L5xx_HAL_Driver/Src/stm32l5xx_hal_uart.o
                0x000000000800944c                HAL_UART_Transmit
 .text.HAL_UART_Receive_IT
                0x0000000008009568       0x98 ./Drivers/STM32L5xx_HAL_Driver/Src/stm32l5xx_hal_uart.o
                0x0000000008009568                HAL_UART_Receive_IT
 .text.HAL_UART_IRQHandler
                0x0000000008009600      0x648 ./Drivers/STM32L5xx_HAL_Driver/Src/stm32l5xx_hal_uart.o
                0x0000000008009600                HAL_UART_IRQHandler
 .text.HAL_UART_TxCpltCallback
                0x0000000008009c48       0x14 ./Drivers/STM32L5xx_HAL_Driver/Src/stm32l5xx_hal_uart.o
                0x0000000008009c48                HAL_UART_TxCpltCallback
 .text.HAL_UART_ErrorCallback
                0x0000000008009c5c       0x14 ./Drivers/STM32L5xx_HAL_Driver/Src/stm32l5xx_hal_uart.o
                0x0000000008009c5c                HAL_UART_ErrorCallback
 .text.HAL_UARTEx_RxEventCallback
                0x0000000008009c70       0x18 ./Drivers/STM32L5xx_HAL_Driver/Src/stm32l5xx_hal_uart.o
                0x0000000008009c70                HAL_UARTEx_RxEventCallback
 .text.UART_SetConfig
                0x0000000008009c88      0x600 ./Drivers/STM32L5xx_HAL_Driver/Src/stm32l5xx_hal_uart.o
                0x0000000008009c88                UART_SetConfig
 .text.UART_AdvFeatureConfig
                0x000000000800a288      0x144 ./Drivers/STM32L5xx_HAL_Driver/Src/stm32l5xx_hal_uart.o
                0x000000000800a288                UART_AdvFeatureConfig
 .text.UART_CheckIdleState
                0x000000000800a3cc      0x154 ./Drivers/STM32L5xx_HAL_Driver/Src/stm32l5xx_hal_uart.o
                0x000000000800a3cc                UART_CheckIdleState
 .text.UART_WaitOnFlagUntilTimeout
                0x000000000800a520       0xce ./Drivers/STM32L5xx_HAL_Driver/Src/stm32l5xx_hal_uart.o
                0x000000000800a520                UART_WaitOnFlagUntilTimeout
 *fill*         0x000000000800a5ee        0x2 
 .text.UART_Start_Receive_IT
                0x000000000800a5f0      0x244 ./Drivers/STM32L5xx_HAL_Driver/Src/stm32l5xx_hal_uart.o
                0x000000000800a5f0                UART_Start_Receive_IT
 .text.UART_EndRxTransfer
                0x000000000800a834       0xcc ./Drivers/STM32L5xx_HAL_Driver/Src/stm32l5xx_hal_uart.o
 .text.UART_DMAAbortOnError
                0x000000000800a900       0x2c ./Drivers/STM32L5xx_HAL_Driver/Src/stm32l5xx_hal_uart.o
 .text.UART_EndTransmit_IT
                0x000000000800a92c       0x56 ./Drivers/STM32L5xx_HAL_Driver/Src/stm32l5xx_hal_uart.o
 *fill*         0x000000000800a982        0x2 
 .text.UART_RxISR_8BIT
                0x000000000800a984      0x1b8 ./Drivers/STM32L5xx_HAL_Driver/Src/stm32l5xx_hal_uart.o
 .text.UART_RxISR_16BIT
                0x000000000800ab3c      0x1b8 ./Drivers/STM32L5xx_HAL_Driver/Src/stm32l5xx_hal_uart.o
 .text.UART_RxISR_8BIT_FIFOEN
                0x000000000800acf4      0x360 ./Drivers/STM32L5xx_HAL_Driver/Src/stm32l5xx_hal_uart.o
 .text.UART_RxISR_16BIT_FIFOEN
                0x000000000800b054      0x368 ./Drivers/STM32L5xx_HAL_Driver/Src/stm32l5xx_hal_uart.o
 .text.HAL_UARTEx_WakeupCallback
                0x000000000800b3bc       0x14 ./Drivers/STM32L5xx_HAL_Driver/Src/stm32l5xx_hal_uart_ex.o
                0x000000000800b3bc                HAL_UARTEx_WakeupCallback
 .text.HAL_UARTEx_RxFifoFullCallback
                0x000000000800b3d0       0x14 ./Drivers/STM32L5xx_HAL_Driver/Src/stm32l5xx_hal_uart_ex.o
                0x000000000800b3d0                HAL_UARTEx_RxFifoFullCallback
 .text.HAL_UARTEx_TxFifoEmptyCallback
                0x000000000800b3e4       0x14 ./Drivers/STM32L5xx_HAL_Driver/Src/stm32l5xx_hal_uart_ex.o
                0x000000000800b3e4                HAL_UARTEx_TxFifoEmptyCallback
 .text.HAL_UARTEx_DisableFifoMode
                0x000000000800b3f8       0x72 ./Drivers/STM32L5xx_HAL_Driver/Src/stm32l5xx_hal_uart_ex.o
                0x000000000800b3f8                HAL_UARTEx_DisableFifoMode
 .text.HAL_UARTEx_SetTxFifoThreshold
                0x000000000800b46a       0x7c ./Drivers/STM32L5xx_HAL_Driver/Src/stm32l5xx_hal_uart_ex.o
                0x000000000800b46a                HAL_UARTEx_SetTxFifoThreshold
 .text.HAL_UARTEx_SetRxFifoThreshold
                0x000000000800b4e6       0x7c ./Drivers/STM32L5xx_HAL_Driver/Src/stm32l5xx_hal_uart_ex.o
                0x000000000800b4e6                HAL_UARTEx_SetRxFifoThreshold
 *fill*         0x000000000800b562        0x2 
 .text.UARTEx_SetNbDataToProcess
                0x000000000800b564       0x9c ./Drivers/STM32L5xx_HAL_Driver/Src/stm32l5xx_hal_uart_ex.o
 .text.SDMMC_Init
                0x000000000800b600       0x54 ./Drivers/STM32L5xx_HAL_Driver/Src/stm32l5xx_ll_sdmmc.o
                0x000000000800b600                SDMMC_Init
 .text.SDMMC_ReadFIFO
                0x000000000800b654       0x1a ./Drivers/STM32L5xx_HAL_Driver/Src/stm32l5xx_ll_sdmmc.o
                0x000000000800b654                SDMMC_ReadFIFO
 .text.SDMMC_WriteFIFO
                0x000000000800b66e       0x22 ./Drivers/STM32L5xx_HAL_Driver/Src/stm32l5xx_ll_sdmmc.o
                0x000000000800b66e                SDMMC_WriteFIFO
 .text.SDMMC_PowerState_ON
                0x000000000800b690       0x22 ./Drivers/STM32L5xx_HAL_Driver/Src/stm32l5xx_ll_sdmmc.o
                0x000000000800b690                SDMMC_PowerState_ON
 .text.SDMMC_GetPowerState
                0x000000000800b6b2       0x1c ./Drivers/STM32L5xx_HAL_Driver/Src/stm32l5xx_ll_sdmmc.o
                0x000000000800b6b2                SDMMC_GetPowerState
 *fill*         0x000000000800b6ce        0x2 
 .text.SDMMC_SendCommand
                0x000000000800b6d0       0x54 ./Drivers/STM32L5xx_HAL_Driver/Src/stm32l5xx_ll_sdmmc.o
                0x000000000800b6d0                SDMMC_SendCommand
 .text.SDMMC_GetCommandResponse
                0x000000000800b724       0x1a ./Drivers/STM32L5xx_HAL_Driver/Src/stm32l5xx_ll_sdmmc.o
                0x000000000800b724                SDMMC_GetCommandResponse
 .text.SDMMC_GetResponse
                0x000000000800b73e       0x26 ./Drivers/STM32L5xx_HAL_Driver/Src/stm32l5xx_ll_sdmmc.o
                0x000000000800b73e                SDMMC_GetResponse
 .text.SDMMC_ConfigData
                0x000000000800b764       0x58 ./Drivers/STM32L5xx_HAL_Driver/Src/stm32l5xx_ll_sdmmc.o
                0x000000000800b764                SDMMC_ConfigData
 .text.SDMMC_CmdBlockLength
                0x000000000800b7bc       0x46 ./Drivers/STM32L5xx_HAL_Driver/Src/stm32l5xx_ll_sdmmc.o
                0x000000000800b7bc                SDMMC_CmdBlockLength
 .text.SDMMC_CmdReadSingleBlock
                0x000000000800b802       0x46 ./Drivers/STM32L5xx_HAL_Driver/Src/stm32l5xx_ll_sdmmc.o
                0x000000000800b802                SDMMC_CmdReadSingleBlock
 .text.SDMMC_CmdReadMultiBlock
                0x000000000800b848       0x46 ./Drivers/STM32L5xx_HAL_Driver/Src/stm32l5xx_ll_sdmmc.o
                0x000000000800b848                SDMMC_CmdReadMultiBlock
 .text.SDMMC_CmdWriteSingleBlock
                0x000000000800b88e       0x46 ./Drivers/STM32L5xx_HAL_Driver/Src/stm32l5xx_ll_sdmmc.o
                0x000000000800b88e                SDMMC_CmdWriteSingleBlock
 .text.SDMMC_CmdWriteMultiBlock
                0x000000000800b8d4       0x46 ./Drivers/STM32L5xx_HAL_Driver/Src/stm32l5xx_ll_sdmmc.o
                0x000000000800b8d4                SDMMC_CmdWriteMultiBlock
 *fill*         0x000000000800b91a        0x2 
 .text.SDMMC_CmdStopTransfer
                0x000000000800b91c       0x78 ./Drivers/STM32L5xx_HAL_Driver/Src/stm32l5xx_ll_sdmmc.o
                0x000000000800b91c                SDMMC_CmdStopTransfer
 .text.SDMMC_CmdSelDesel
                0x000000000800b994       0x46 ./Drivers/STM32L5xx_HAL_Driver/Src/stm32l5xx_ll_sdmmc.o
                0x000000000800b994                SDMMC_CmdSelDesel
 .text.SDMMC_CmdGoIdleState
                0x000000000800b9da       0x3c ./Drivers/STM32L5xx_HAL_Driver/Src/stm32l5xx_ll_sdmmc.o
                0x000000000800b9da                SDMMC_CmdGoIdleState
 .text.SDMMC_CmdOperCond
                0x000000000800ba16       0x40 ./Drivers/STM32L5xx_HAL_Driver/Src/stm32l5xx_ll_sdmmc.o
                0x000000000800ba16                SDMMC_CmdOperCond
 .text.SDMMC_CmdAppCommand
                0x000000000800ba56       0x46 ./Drivers/STM32L5xx_HAL_Driver/Src/stm32l5xx_ll_sdmmc.o
                0x000000000800ba56                SDMMC_CmdAppCommand
 .text.SDMMC_CmdAppOperCommand
                0x000000000800ba9c       0x40 ./Drivers/STM32L5xx_HAL_Driver/Src/stm32l5xx_ll_sdmmc.o
                0x000000000800ba9c                SDMMC_CmdAppOperCommand
 .text.SDMMC_CmdBusWidth
                0x000000000800badc       0x46 ./Drivers/STM32L5xx_HAL_Driver/Src/stm32l5xx_ll_sdmmc.o
                0x000000000800badc                SDMMC_CmdBusWidth
 .text.SDMMC_CmdSendSCR
                0x000000000800bb22       0x44 ./Drivers/STM32L5xx_HAL_Driver/Src/stm32l5xx_ll_sdmmc.o
                0x000000000800bb22                SDMMC_CmdSendSCR
 .text.SDMMC_CmdSendCID
                0x000000000800bb66       0x3e ./Drivers/STM32L5xx_HAL_Driver/Src/stm32l5xx_ll_sdmmc.o
                0x000000000800bb66                SDMMC_CmdSendCID
 .text.SDMMC_CmdSendCSD
                0x000000000800bba4       0x40 ./Drivers/STM32L5xx_HAL_Driver/Src/stm32l5xx_ll_sdmmc.o
                0x000000000800bba4                SDMMC_CmdSendCSD
 .text.SDMMC_CmdSetRelAdd
                0x000000000800bbe4       0x44 ./Drivers/STM32L5xx_HAL_Driver/Src/stm32l5xx_ll_sdmmc.o
                0x000000000800bbe4                SDMMC_CmdSetRelAdd
 .text.SDMMC_CmdSendStatus
                0x000000000800bc28       0x46 ./Drivers/STM32L5xx_HAL_Driver/Src/stm32l5xx_ll_sdmmc.o
                0x000000000800bc28                SDMMC_CmdSendStatus
 .text.SDMMC_CmdStatusRegister
                0x000000000800bc6e       0x44 ./Drivers/STM32L5xx_HAL_Driver/Src/stm32l5xx_ll_sdmmc.o
                0x000000000800bc6e                SDMMC_CmdStatusRegister
 *fill*         0x000000000800bcb2        0x2 
 .text.SDMMC_GetCmdResp1
                0x000000000800bcb4      0x1e4 ./Drivers/STM32L5xx_HAL_Driver/Src/stm32l5xx_ll_sdmmc.o
                0x000000000800bcb4                SDMMC_GetCmdResp1
 .text.SDMMC_GetCmdResp2
                0x000000000800be98       0x94 ./Drivers/STM32L5xx_HAL_Driver/Src/stm32l5xx_ll_sdmmc.o
                0x000000000800be98                SDMMC_GetCmdResp2
 .text.SDMMC_GetCmdResp3
                0x000000000800bf2c       0x80 ./Drivers/STM32L5xx_HAL_Driver/Src/stm32l5xx_ll_sdmmc.o
                0x000000000800bf2c                SDMMC_GetCmdResp3
 .text.SDMMC_GetCmdResp6
                0x000000000800bfac       0xf0 ./Drivers/STM32L5xx_HAL_Driver/Src/stm32l5xx_ll_sdmmc.o
                0x000000000800bfac                SDMMC_GetCmdResp6
 .text.SDMMC_GetCmdResp7
                0x000000000800c09c       0x9c ./Drivers/STM32L5xx_HAL_Driver/Src/stm32l5xx_ll_sdmmc.o
                0x000000000800c09c                SDMMC_GetCmdResp7
 .text.SDMMC_GetCmdError
                0x000000000800c138       0x5c ./Drivers/STM32L5xx_HAL_Driver/Src/stm32l5xx_ll_sdmmc.o
 .text.MX_FATFS_Init
                0x000000000800c194       0x30 ./FATFS/App/app_fatfs.o
                0x000000000800c194                MX_FATFS_Init
 .text.get_fattime
                0x000000000800c1c4       0x10 ./FATFS/App/app_fatfs.o
                0x000000000800c1c4                get_fattime
 .text.SD_initialize
                0x000000000800c1d4       0xcc ./FATFS/Target/sd_diskio.o
                0x000000000800c1d4                SD_initialize
 .text.SD_status
                0x000000000800c2a0       0x2c ./FATFS/Target/sd_diskio.o
                0x000000000800c2a0                SD_status
 .text.SD_read  0x000000000800c2cc       0x70 ./FATFS/Target/sd_diskio.o
                0x000000000800c2cc                SD_read
 .text.SD_write
                0x000000000800c33c       0x64 ./FATFS/Target/sd_diskio.o
                0x000000000800c33c                SD_write
 .text.SD_ioctl
                0x000000000800c3a0       0xb8 ./FATFS/Target/sd_diskio.o
                0x000000000800c3a0                SD_ioctl
 .text.disk_status
                0x000000000800c458       0x34 ./Middlewares/Third_Party/FatFs/src/diskio.o
                0x000000000800c458                disk_status
 .text.disk_initialize
                0x000000000800c48c       0x4c ./Middlewares/Third_Party/FatFs/src/diskio.o
                0x000000000800c48c                disk_initialize
 .text.disk_read
                0x000000000800c4d8       0x40 ./Middlewares/Third_Party/FatFs/src/diskio.o
                0x000000000800c4d8                disk_read
 .text.disk_write
                0x000000000800c518       0x40 ./Middlewares/Third_Party/FatFs/src/diskio.o
                0x000000000800c518                disk_write
 .text.disk_ioctl
                0x000000000800c558       0x3c ./Middlewares/Third_Party/FatFs/src/diskio.o
                0x000000000800c558                disk_ioctl
 .text.ld_word  0x000000000800c594       0x30 ./Middlewares/Third_Party/FatFs/src/ff.o
 .text.ld_dword
                0x000000000800c5c4       0x46 ./Middlewares/Third_Party/FatFs/src/ff.o
 .text.ld_qword
                0x000000000800c60a      0x1b6 ./Middlewares/Third_Party/FatFs/src/ff.o
 .text.st_word  0x000000000800c7c0       0x36 ./Middlewares/Third_Party/FatFs/src/ff.o
 .text.st_dword
                0x000000000800c7f6       0x58 ./Middlewares/Third_Party/FatFs/src/ff.o
 .text.st_qword
                0x000000000800c84e      0x110 ./Middlewares/Third_Party/FatFs/src/ff.o
 .text.mem_cpy  0x000000000800c95e       0x42 ./Middlewares/Third_Party/FatFs/src/ff.o
 .text.mem_set  0x000000000800c9a0       0x36 ./Middlewares/Third_Party/FatFs/src/ff.o
 .text.mem_cmp  0x000000000800c9d6       0x4e ./Middlewares/Third_Party/FatFs/src/ff.o
 .text.chk_chr  0x000000000800ca24       0x36 ./Middlewares/Third_Party/FatFs/src/ff.o
 .text.lock_fs  0x000000000800ca5a       0x2c ./Middlewares/Third_Party/FatFs/src/ff.o
 .text.unlock_fs
                0x000000000800ca86       0x36 ./Middlewares/Third_Party/FatFs/src/ff.o
 .text.chk_lock
                0x000000000800cabc       0xb8 ./Middlewares/Third_Party/FatFs/src/ff.o
 .text.enq_lock
                0x000000000800cb74       0x44 ./Middlewares/Third_Party/FatFs/src/ff.o
 .text.inc_lock
                0x000000000800cbb8      0x11c ./Middlewares/Third_Party/FatFs/src/ff.o
 .text.dec_lock
                0x000000000800ccd4       0x78 ./Middlewares/Third_Party/FatFs/src/ff.o
 .text.clear_lock
                0x000000000800cd4c       0x48 ./Middlewares/Third_Party/FatFs/src/ff.o
 .text.sync_window
                0x000000000800cd94       0x88 ./Middlewares/Third_Party/FatFs/src/ff.o
 .text.move_window
                0x000000000800ce1c       0x5a ./Middlewares/Third_Party/FatFs/src/ff.o
 *fill*         0x000000000800ce76        0x2 
 .text.sync_fs  0x000000000800ce78       0xdc ./Middlewares/Third_Party/FatFs/src/ff.o
 .text.clust2sect
                0x000000000800cf54       0x3e ./Middlewares/Third_Party/FatFs/src/ff.o
 *fill*         0x000000000800cf92        0x2 
 .text.get_fat  0x000000000800cf94      0x234 ./Middlewares/Third_Party/FatFs/src/ff.o
 .text.put_fat  0x000000000800d1c8      0x1e0 ./Middlewares/Third_Party/FatFs/src/ff.o
 .text.find_bitmap
                0x000000000800d3a8       0xf8 ./Middlewares/Third_Party/FatFs/src/ff.o
 .text.change_bitmap
                0x000000000800d4a0       0xd4 ./Middlewares/Third_Party/FatFs/src/ff.o
 .text.fill_first_frag
                0x000000000800d574       0x5e ./Middlewares/Third_Party/FatFs/src/ff.o
 .text.fill_last_frag
                0x000000000800d5d2       0x62 ./Middlewares/Third_Party/FatFs/src/ff.o
 .text.remove_chain
                0x000000000800d634      0x168 ./Middlewares/Third_Party/FatFs/src/ff.o
 .text.create_chain
                0x000000000800d79c      0x202 ./Middlewares/Third_Party/FatFs/src/ff.o
 .text.clmt_clust
                0x000000000800d99e       0x88 ./Middlewares/Third_Party/FatFs/src/ff.o
 .text.dir_sdi  0x000000000800da26      0x10c ./Middlewares/Third_Party/FatFs/src/ff.o
 .text.dir_next
                0x000000000800db32      0x1aa ./Middlewares/Third_Party/FatFs/src/ff.o
 .text.dir_alloc
                0x000000000800dcdc       0xb8 ./Middlewares/Third_Party/FatFs/src/ff.o
 .text.ld_clust
                0x000000000800dd94       0x3e ./Middlewares/Third_Party/FatFs/src/ff.o
 .text.st_clust
                0x000000000800ddd2       0x40 ./Middlewares/Third_Party/FatFs/src/ff.o
 *fill*         0x000000000800de12        0x2 
 .text.cmp_lfn  0x000000000800de14       0xe0 ./Middlewares/Third_Party/FatFs/src/ff.o
 .text.pick_lfn
                0x000000000800def4       0xc8 ./Middlewares/Third_Party/FatFs/src/ff.o
 .text.put_lfn  0x000000000800dfbc       0xd0 ./Middlewares/Third_Party/FatFs/src/ff.o
 .text.gen_numname
                0x000000000800e08c      0x11c ./Middlewares/Third_Party/FatFs/src/ff.o
 .text.sum_sfn  0x000000000800e1a8       0x42 ./Middlewares/Third_Party/FatFs/src/ff.o
 .text.xdir_sum
                0x000000000800e1ea       0x66 ./Middlewares/Third_Party/FatFs/src/ff.o
 .text.xname_sum
                0x000000000800e250       0x68 ./Middlewares/Third_Party/FatFs/src/ff.o
 .text.load_xdir
                0x000000000800e2b8      0x17c ./Middlewares/Third_Party/FatFs/src/ff.o
 .text.load_obj_dir
                0x000000000800e434       0x6c ./Middlewares/Third_Party/FatFs/src/ff.o
 .text.store_xdir
                0x000000000800e4a0       0xb6 ./Middlewares/Third_Party/FatFs/src/ff.o
 .text.create_xdir
                0x000000000800e556       0xce ./Middlewares/Third_Party/FatFs/src/ff.o
 .text.dir_read
                0x000000000800e624      0x18e ./Middlewares/Third_Party/FatFs/src/ff.o
 .text.dir_find
                0x000000000800e7b2      0x252 ./Middlewares/Third_Party/FatFs/src/ff.o
 .text.dir_register
                0x000000000800ea04      0x34c ./Middlewares/Third_Party/FatFs/src/ff.o
 .text.create_name
                0x000000000800ed50      0x370 ./Middlewares/Third_Party/FatFs/src/ff.o
 .text.follow_path
                0x000000000800f0c0      0x152 ./Middlewares/Third_Party/FatFs/src/ff.o
 .text.get_ldnumber
                0x000000000800f212       0x88 ./Middlewares/Third_Party/FatFs/src/ff.o
 *fill*         0x000000000800f29a        0x2 
 .text.check_fs
                0x000000000800f29c       0xc8 ./Middlewares/Third_Party/FatFs/src/ff.o
 .text.find_volume
                0x000000000800f364      0x6b4 ./Middlewares/Third_Party/FatFs/src/ff.o
 .text.validate
                0x000000000800fa18       0x8e ./Middlewares/Third_Party/FatFs/src/ff.o
 *fill*         0x000000000800faa6        0x2 
 .text.f_mount  0x000000000800faa8       0xc8 ./Middlewares/Third_Party/FatFs/src/ff.o
                0x000000000800faa8                f_mount
 .text.f_open   0x000000000800fb70      0x5d4 ./Middlewares/Third_Party/FatFs/src/ff.o
                0x000000000800fb70                f_open
 .text.f_write  0x0000000008010144      0x3c6 ./Middlewares/Third_Party/FatFs/src/ff.o
                0x0000000008010144                f_write
 .text.f_sync   0x000000000801050a      0x286 ./Middlewares/Third_Party/FatFs/src/ff.o
                0x000000000801050a                f_sync
 .text.f_close  0x0000000008010790       0x5e ./Middlewares/Third_Party/FatFs/src/ff.o
                0x0000000008010790                f_close
 *fill*         0x00000000080107ee        0x2 
 .text.FATFS_LinkDriverEx
                0x00000000080107f0       0x98 ./Middlewares/Third_Party/FatFs/src/ff_gen_drv.o
                0x00000000080107f0                FATFS_LinkDriverEx
 .text.FATFS_LinkDriver
                0x0000000008010888       0x1e ./Middlewares/Third_Party/FatFs/src/ff_gen_drv.o
                0x0000000008010888                FATFS_LinkDriver
 *fill*         0x00000000080108a6        0x2 
 .text.ff_convert
                0x00000000080108a8       0x78 ./Middlewares/Third_Party/FatFs/src/option/ccsbcs.o
                0x00000000080108a8                ff_convert
 .text.ff_wtoupper
                0x0000000008010920      0x114 ./Middlewares/Third_Party/FatFs/src/option/ccsbcs.o
                0x0000000008010920                ff_wtoupper
 .text.ff_cre_syncobj
                0x0000000008010a34       0x36 ./Middlewares/Third_Party/FatFs/src/option/syscall.o
                0x0000000008010a34                ff_cre_syncobj
 .text.ff_del_syncobj
                0x0000000008010a6a       0x18 ./Middlewares/Third_Party/FatFs/src/option/syscall.o
                0x0000000008010a6a                ff_del_syncobj
 .text.ff_req_grant
                0x0000000008010a82       0x2a ./Middlewares/Third_Party/FatFs/src/option/syscall.o
                0x0000000008010a82                ff_req_grant
 .text.ff_rel_grant
                0x0000000008010aac       0x16 ./Middlewares/Third_Party/FatFs/src/option/syscall.o
                0x0000000008010aac                ff_rel_grant
 .text.ff_memalloc
                0x0000000008010ac2       0x18 ./Middlewares/Third_Party/FatFs/src/option/syscall.o
                0x0000000008010ac2                ff_memalloc
 .text.ff_memfree
                0x0000000008010ada       0x16 ./Middlewares/Third_Party/FatFs/src/option/syscall.o
                0x0000000008010ada                ff_memfree
 .text.__NVIC_SetPriority
                0x0000000008010af0       0x54 ./Middlewares/Third_Party/FreeRTOS/Source/CMSIS_RTOS_V2/cmsis_os2.o
 .text.SysTick_Handler
                0x0000000008010b44       0x20 ./Middlewares/Third_Party/FreeRTOS/Source/CMSIS_RTOS_V2/cmsis_os2.o
                0x0000000008010b44                SysTick_Handler
 .text.SVC_Setup
                0x0000000008010b64       0x12 ./Middlewares/Third_Party/FreeRTOS/Source/CMSIS_RTOS_V2/cmsis_os2.o
 *fill*         0x0000000008010b76        0x2 
 .text.osKernelInitialize
                0x0000000008010b78       0x48 ./Middlewares/Third_Party/FreeRTOS/Source/CMSIS_RTOS_V2/cmsis_os2.o
                0x0000000008010b78                osKernelInitialize
 .text.osKernelStart
                0x0000000008010bc0       0x4c ./Middlewares/Third_Party/FreeRTOS/Source/CMSIS_RTOS_V2/cmsis_os2.o
                0x0000000008010bc0                osKernelStart
 .text.osThreadNew
                0x0000000008010c0c      0x124 ./Middlewares/Third_Party/FreeRTOS/Source/CMSIS_RTOS_V2/cmsis_os2.o
                0x0000000008010c0c                osThreadNew
 .text.osDelay  0x0000000008010d30       0x36 ./Middlewares/Third_Party/FreeRTOS/Source/CMSIS_RTOS_V2/cmsis_os2.o
                0x0000000008010d30                osDelay
 .text.TimerCallback
                0x0000000008010d66       0x2a ./Middlewares/Third_Party/FreeRTOS/Source/CMSIS_RTOS_V2/cmsis_os2.o
 .text.osTimerNew
                0x0000000008010d90       0xf8 ./Middlewares/Third_Party/FreeRTOS/Source/CMSIS_RTOS_V2/cmsis_os2.o
                0x0000000008010d90                osTimerNew
 .text.osTimerStart
                0x0000000008010e88       0x5c ./Middlewares/Third_Party/FreeRTOS/Source/CMSIS_RTOS_V2/cmsis_os2.o
                0x0000000008010e88                osTimerStart
 .text.osTimerStop
                0x0000000008010ee4       0x6e ./Middlewares/Third_Party/FreeRTOS/Source/CMSIS_RTOS_V2/cmsis_os2.o
                0x0000000008010ee4                osTimerStop
 .text.osSemaphoreNew
                0x0000000008010f52      0x112 ./Middlewares/Third_Party/FreeRTOS/Source/CMSIS_RTOS_V2/cmsis_os2.o
                0x0000000008010f52                osSemaphoreNew
 .text.osSemaphoreAcquire
                0x0000000008011064       0x9c ./Middlewares/Third_Party/FreeRTOS/Source/CMSIS_RTOS_V2/cmsis_os2.o
                0x0000000008011064                osSemaphoreAcquire
 .text.osSemaphoreRelease
                0x0000000008011100       0x80 ./Middlewares/Third_Party/FreeRTOS/Source/CMSIS_RTOS_V2/cmsis_os2.o
                0x0000000008011100                osSemaphoreRelease
 .text.osSemaphoreDelete
                0x0000000008011180       0x48 ./Middlewares/Third_Party/FreeRTOS/Source/CMSIS_RTOS_V2/cmsis_os2.o
                0x0000000008011180                osSemaphoreDelete
 .text.vApplicationGetIdleTaskMemory
                0x00000000080111c8       0x34 ./Middlewares/Third_Party/FreeRTOS/Source/CMSIS_RTOS_V2/cmsis_os2.o
                0x00000000080111c8                vApplicationGetIdleTaskMemory
 .text.vApplicationGetTimerTaskMemory
                0x00000000080111fc       0x34 ./Middlewares/Third_Party/FreeRTOS/Source/CMSIS_RTOS_V2/cmsis_os2.o
                0x00000000080111fc                vApplicationGetTimerTaskMemory
 .text.vListInitialise
                0x0000000008011230       0x40 ./Middlewares/Third_Party/FreeRTOS/Source/list.o
                0x0000000008011230                vListInitialise
 .text.vListInitialiseItem
                0x0000000008011270       0x1a ./Middlewares/Third_Party/FreeRTOS/Source/list.o
                0x0000000008011270                vListInitialiseItem
 .text.vListInsertEnd
                0x000000000801128a       0x48 ./Middlewares/Third_Party/FreeRTOS/Source/list.o
                0x000000000801128a                vListInsertEnd
 .text.vListInsert
                0x00000000080112d2       0x72 ./Middlewares/Third_Party/FreeRTOS/Source/list.o
                0x00000000080112d2                vListInsert
 .text.uxListRemove
                0x0000000008011344       0x54 ./Middlewares/Third_Party/FreeRTOS/Source/list.o
                0x0000000008011344                uxListRemove
 .text.xQueueGenericReset
                0x0000000008011398       0xb0 ./Middlewares/Third_Party/FreeRTOS/Source/queue.o
                0x0000000008011398                xQueueGenericReset
 .text.xQueueGenericCreateStatic
                0x0000000008011448       0xa0 ./Middlewares/Third_Party/FreeRTOS/Source/queue.o
                0x0000000008011448                xQueueGenericCreateStatic
 .text.xQueueGenericCreate
                0x00000000080114e8       0x64 ./Middlewares/Third_Party/FreeRTOS/Source/queue.o
                0x00000000080114e8                xQueueGenericCreate
 .text.prvInitialiseNewQueue
                0x000000000801154c       0x46 ./Middlewares/Third_Party/FreeRTOS/Source/queue.o
 .text.xQueueCreateCountingSemaphoreStatic
                0x0000000008011592       0x4e ./Middlewares/Third_Party/FreeRTOS/Source/queue.o
                0x0000000008011592                xQueueCreateCountingSemaphoreStatic
 .text.xQueueCreateCountingSemaphore
                0x00000000080115e0       0x46 ./Middlewares/Third_Party/FreeRTOS/Source/queue.o
                0x00000000080115e0                xQueueCreateCountingSemaphore
 .text.xQueueGenericSend
                0x0000000008011626      0x192 ./Middlewares/Third_Party/FreeRTOS/Source/queue.o
                0x0000000008011626                xQueueGenericSend
 .text.xQueueGenericSendFromISR
                0x00000000080117b8       0xe2 ./Middlewares/Third_Party/FreeRTOS/Source/queue.o
                0x00000000080117b8                xQueueGenericSendFromISR
 .text.xQueueGiveFromISR
                0x000000000801189a       0xc6 ./Middlewares/Third_Party/FreeRTOS/Source/queue.o
                0x000000000801189a                xQueueGiveFromISR
 .text.xQueueReceive
                0x0000000008011960      0x172 ./Middlewares/Third_Party/FreeRTOS/Source/queue.o
                0x0000000008011960                xQueueReceive
 .text.xQueueSemaphoreTake
                0x0000000008011ad2      0x1ba ./Middlewares/Third_Party/FreeRTOS/Source/queue.o
                0x0000000008011ad2                xQueueSemaphoreTake
 .text.xQueueReceiveFromISR
                0x0000000008011c8c       0xbc ./Middlewares/Third_Party/FreeRTOS/Source/queue.o
                0x0000000008011c8c                xQueueReceiveFromISR
 .text.vQueueDelete
                0x0000000008011d48       0x36 ./Middlewares/Third_Party/FreeRTOS/Source/queue.o
                0x0000000008011d48                vQueueDelete
 .text.prvGetDisinheritPriorityAfterTimeout
                0x0000000008011d7e       0x30 ./Middlewares/Third_Party/FreeRTOS/Source/queue.o
 .text.prvCopyDataToQueue
                0x0000000008011dae       0xd4 ./Middlewares/Third_Party/FreeRTOS/Source/queue.o
 .text.prvCopyDataFromQueue
                0x0000000008011e82       0x4c ./Middlewares/Third_Party/FreeRTOS/Source/queue.o
 .text.prvUnlockQueue
                0x0000000008011ece       0xa4 ./Middlewares/Third_Party/FreeRTOS/Source/queue.o
 .text.prvIsQueueEmpty
                0x0000000008011f72       0x2c ./Middlewares/Third_Party/FreeRTOS/Source/queue.o
 .text.prvIsQueueFull
                0x0000000008011f9e       0x30 ./Middlewares/Third_Party/FreeRTOS/Source/queue.o
 *fill*         0x0000000008011fce        0x2 
 .text.vQueueAddToRegistry
                0x0000000008011fd0       0x54 ./Middlewares/Third_Party/FreeRTOS/Source/queue.o
                0x0000000008011fd0                vQueueAddToRegistry
 .text.vQueueUnregisterQueue
                0x0000000008012024       0x54 ./Middlewares/Third_Party/FreeRTOS/Source/queue.o
                0x0000000008012024                vQueueUnregisterQueue
 .text.vQueueWaitForMessageRestricted
                0x0000000008012078       0x68 ./Middlewares/Third_Party/FreeRTOS/Source/queue.o
                0x0000000008012078                vQueueWaitForMessageRestricted
 .text.xTaskCreateStatic
                0x00000000080120e0       0x8a ./Middlewares/Third_Party/FreeRTOS/Source/tasks.o
                0x00000000080120e0                xTaskCreateStatic
 .text.xTaskCreate
                0x000000000801216a       0x8a ./Middlewares/Third_Party/FreeRTOS/Source/tasks.o
                0x000000000801216a                xTaskCreate
 .text.prvInitialiseNewTask
                0x00000000080121f4      0x140 ./Middlewares/Third_Party/FreeRTOS/Source/tasks.o
 .text.prvAddNewTaskToReadyList
                0x0000000008012334       0xd0 ./Middlewares/Third_Party/FreeRTOS/Source/tasks.o
 .text.vTaskDelay
                0x0000000008012404       0x48 ./Middlewares/Third_Party/FreeRTOS/Source/tasks.o
                0x0000000008012404                vTaskDelay
 .text.vTaskStartScheduler
                0x000000000801244c       0xc0 ./Middlewares/Third_Party/FreeRTOS/Source/tasks.o
                0x000000000801244c                vTaskStartScheduler
 .text.vTaskSuspendAll
                0x000000000801250c       0x1c ./Middlewares/Third_Party/FreeRTOS/Source/tasks.o
                0x000000000801250c                vTaskSuspendAll
 .text.xTaskResumeAll
                0x0000000008012528      0x11c ./Middlewares/Third_Party/FreeRTOS/Source/tasks.o
                0x0000000008012528                xTaskResumeAll
 .text.xTaskGetTickCount
                0x0000000008012644       0x20 ./Middlewares/Third_Party/FreeRTOS/Source/tasks.o
                0x0000000008012644                xTaskGetTickCount
 .text.xTaskIncrementTick
                0x0000000008012664      0x164 ./Middlewares/Third_Party/FreeRTOS/Source/tasks.o
                0x0000000008012664                xTaskIncrementTick
 .text.vTaskSwitchContext
                0x00000000080127c8       0xb4 ./Middlewares/Third_Party/FreeRTOS/Source/tasks.o
                0x00000000080127c8                vTaskSwitchContext
 .text.vTaskPlaceOnEventList
                0x000000000801287c       0x38 ./Middlewares/Third_Party/FreeRTOS/Source/tasks.o
                0x000000000801287c                vTaskPlaceOnEventList
 .text.vTaskPlaceOnEventListRestricted
                0x00000000080128b4       0x48 ./Middlewares/Third_Party/FreeRTOS/Source/tasks.o
                0x00000000080128b4                vTaskPlaceOnEventListRestricted
 .text.xTaskRemoveFromEventList
                0x00000000080128fc       0xb8 ./Middlewares/Third_Party/FreeRTOS/Source/tasks.o
                0x00000000080128fc                xTaskRemoveFromEventList
 .text.vTaskInternalSetTimeOutState
                0x00000000080129b4       0x2c ./Middlewares/Third_Party/FreeRTOS/Source/tasks.o
                0x00000000080129b4                vTaskInternalSetTimeOutState
 .text.xTaskCheckForTimeOut
                0x00000000080129e0       0xa4 ./Middlewares/Third_Party/FreeRTOS/Source/tasks.o
                0x00000000080129e0                xTaskCheckForTimeOut
 .text.vTaskMissedYield
                0x0000000008012a84       0x18 ./Middlewares/Third_Party/FreeRTOS/Source/tasks.o
                0x0000000008012a84                vTaskMissedYield
 .text.prvIdleTask
                0x0000000008012a9c       0x20 ./Middlewares/Third_Party/FreeRTOS/Source/tasks.o
 .text.prvInitialiseTaskLists
                0x0000000008012abc       0x80 ./Middlewares/Third_Party/FreeRTOS/Source/tasks.o
 .text.prvCheckTasksWaitingTermination
                0x0000000008012b3c       0x5c ./Middlewares/Third_Party/FreeRTOS/Source/tasks.o
 .text.prvDeleteTCB
                0x0000000008012b98       0x58 ./Middlewares/Third_Party/FreeRTOS/Source/tasks.o
 .text.prvResetNextTaskUnblockTime
                0x0000000008012bf0       0x40 ./Middlewares/Third_Party/FreeRTOS/Source/tasks.o
 .text.xTaskGetSchedulerState
                0x0000000008012c30       0x3c ./Middlewares/Third_Party/FreeRTOS/Source/tasks.o
                0x0000000008012c30                xTaskGetSchedulerState
 .text.xTaskPriorityInherit
                0x0000000008012c6c       0xd0 ./Middlewares/Third_Party/FreeRTOS/Source/tasks.o
                0x0000000008012c6c                xTaskPriorityInherit
 .text.xTaskPriorityDisinherit
                0x0000000008012d3c       0xbc ./Middlewares/Third_Party/FreeRTOS/Source/tasks.o
                0x0000000008012d3c                xTaskPriorityDisinherit
 .text.vTaskPriorityDisinheritAfterTimeout
                0x0000000008012df8       0xe4 ./Middlewares/Third_Party/FreeRTOS/Source/tasks.o
                0x0000000008012df8                vTaskPriorityDisinheritAfterTimeout
 .text.pvTaskIncrementMutexHeldCount
                0x0000000008012edc       0x28 ./Middlewares/Third_Party/FreeRTOS/Source/tasks.o
                0x0000000008012edc                pvTaskIncrementMutexHeldCount
 .text.prvAddCurrentTaskToDelayedList
                0x0000000008012f04       0xa8 ./Middlewares/Third_Party/FreeRTOS/Source/tasks.o
 .text.xTimerCreateTimerTask
                0x0000000008012fac       0x80 ./Middlewares/Third_Party/FreeRTOS/Source/timers.o
                0x0000000008012fac                xTimerCreateTimerTask
 .text.xTimerCreate
                0x000000000801302c       0x42 ./Middlewares/Third_Party/FreeRTOS/Source/timers.o
                0x000000000801302c                xTimerCreate
 .text.xTimerCreateStatic
                0x000000000801306e       0x5c ./Middlewares/Third_Party/FreeRTOS/Source/timers.o
                0x000000000801306e                xTimerCreateStatic
 .text.prvInitialiseNewTimer
                0x00000000080130ca       0x66 ./Middlewares/Third_Party/FreeRTOS/Source/timers.o
 .text.xTimerGenericCommand
                0x0000000008013130       0x8c ./Middlewares/Third_Party/FreeRTOS/Source/timers.o
                0x0000000008013130                xTimerGenericCommand
 .text.prvProcessExpiredTimer
                0x00000000080131bc       0x88 ./Middlewares/Third_Party/FreeRTOS/Source/timers.o
 .text.prvTimerTask
                0x0000000008013244       0x24 ./Middlewares/Third_Party/FreeRTOS/Source/timers.o
 .text.prvProcessTimerOrBlockTask
                0x0000000008013268       0x8c ./Middlewares/Third_Party/FreeRTOS/Source/timers.o
 .text.prvGetNextExpireTime
                0x00000000080132f4       0x48 ./Middlewares/Third_Party/FreeRTOS/Source/timers.o
 .text.prvSampleTimeNow
                0x000000000801333c       0x40 ./Middlewares/Third_Party/FreeRTOS/Source/timers.o
 .text.prvInsertTimerInActiveList
                0x000000000801337c       0x84 ./Middlewares/Third_Party/FreeRTOS/Source/timers.o
 .text.prvProcessReceivedCommands
                0x0000000008013400      0x194 ./Middlewares/Third_Party/FreeRTOS/Source/timers.o
 .text.prvSwitchTimerLists
                0x0000000008013594       0xb8 ./Middlewares/Third_Party/FreeRTOS/Source/timers.o
 .text.prvCheckForValidListAndQueue
                0x000000000801364c       0x80 ./Middlewares/Third_Party/FreeRTOS/Source/timers.o
 .text.xTimerIsTimerActive
                0x00000000080136cc       0x42 ./Middlewares/Third_Party/FreeRTOS/Source/timers.o
                0x00000000080136cc                xTimerIsTimerActive
 .text.pvTimerGetTimerID
                0x000000000801370e       0x30 ./Middlewares/Third_Party/FreeRTOS/Source/timers.o
                0x000000000801370e                pvTimerGetTimerID
 *fill*         0x000000000801373e        0x2 
 .text.vPortSetupTimerInterrupt
                0x0000000008013740       0x48 ./Middlewares/Third_Party/FreeRTOS/Source/portable/GCC/ARM_CM33_NTZ/non_secure/port.o
                0x0000000008013740                vPortSetupTimerInterrupt
 .text.prvTaskExitError
                0x0000000008013788       0x34 ./Middlewares/Third_Party/FreeRTOS/Source/portable/GCC/ARM_CM33_NTZ/non_secure/port.o
 .text.vPortYield
                0x00000000080137bc       0x24 ./Middlewares/Third_Party/FreeRTOS/Source/portable/GCC/ARM_CM33_NTZ/non_secure/port.o
                0x00000000080137bc                vPortYield
 .text.vPortEnterCritical
                0x00000000080137e0       0x24 ./Middlewares/Third_Party/FreeRTOS/Source/portable/GCC/ARM_CM33_NTZ/non_secure/port.o
                0x00000000080137e0                vPortEnterCritical
 .text.vPortExitCritical
                0x0000000008013804       0x34 ./Middlewares/Third_Party/FreeRTOS/Source/portable/GCC/ARM_CM33_NTZ/non_secure/port.o
                0x0000000008013804                vPortExitCritical
 .text.xPortSysTickHandler
                0x0000000008013838       0x30 ./Middlewares/Third_Party/FreeRTOS/Source/portable/GCC/ARM_CM33_NTZ/non_secure/port.o
                0x0000000008013838                xPortSysTickHandler
 .text.vPortSVCHandler_C
                0x0000000008013868       0x30 ./Middlewares/Third_Party/FreeRTOS/Source/portable/GCC/ARM_CM33_NTZ/non_secure/port.o
                0x0000000008013868                vPortSVCHandler_C
 .text.pxPortInitialiseStack
                0x0000000008013898      0x114 ./Middlewares/Third_Party/FreeRTOS/Source/portable/GCC/ARM_CM33_NTZ/non_secure/port.o
                0x0000000008013898                pxPortInitialiseStack
 .text.xPortStartScheduler
                0x00000000080139ac       0x40 ./Middlewares/Third_Party/FreeRTOS/Source/portable/GCC/ARM_CM33_NTZ/non_secure/port.o
                0x00000000080139ac                xPortStartScheduler
 *fill*         0x00000000080139ec        0x4 
 .text.vRestoreContextOfFirstTask
                0x00000000080139f0       0x28 ./Middlewares/Third_Party/FreeRTOS/Source/portable/GCC/ARM_CM33_NTZ/non_secure/portasm.o
                0x00000000080139f0                vRestoreContextOfFirstTask
 *fill*         0x0000000008013a18        0x8 
 .text.vStartFirstTask
                0x0000000008013a20       0x28 ./Middlewares/Third_Party/FreeRTOS/Source/portable/GCC/ARM_CM33_NTZ/non_secure/portasm.o
                0x0000000008013a20                vStartFirstTask
 .text.ulSetInterruptMask
                0x0000000008013a48       0x1a ./Middlewares/Third_Party/FreeRTOS/Source/portable/GCC/ARM_CM33_NTZ/non_secure/portasm.o
                0x0000000008013a48                ulSetInterruptMask
 .text.vClearInterruptMask
                0x0000000008013a62       0x10 ./Middlewares/Third_Party/FreeRTOS/Source/portable/GCC/ARM_CM33_NTZ/non_secure/portasm.o
                0x0000000008013a62                vClearInterruptMask
 *fill*         0x0000000008013a72        0xe 
 .text.PendSV_Handler
                0x0000000008013a80       0x58 ./Middlewares/Third_Party/FreeRTOS/Source/portable/GCC/ARM_CM33_NTZ/non_secure/portasm.o
                0x0000000008013a80                PendSV_Handler
 *fill*         0x0000000008013ad8        0x8 
 .text.SVC_Handler
                0x0000000008013ae0       0x28 ./Middlewares/Third_Party/FreeRTOS/Source/portable/GCC/ARM_CM33_NTZ/non_secure/portasm.o
                0x0000000008013ae0                SVC_Handler
 .text.pvPortMalloc
                0x0000000008013b08      0x168 ./Middlewares/Third_Party/FreeRTOS/Source/portable/MemMang/heap_4.o
                0x0000000008013b08                pvPortMalloc
 .text.vPortFree
                0x0000000008013c70       0xa4 ./Middlewares/Third_Party/FreeRTOS/Source/portable/MemMang/heap_4.o
                0x0000000008013c70                vPortFree
 .text.prvHeapInit
                0x0000000008013d14       0xc4 ./Middlewares/Third_Party/FreeRTOS/Source/portable/MemMang/heap_4.o
 .text.prvInsertBlockIntoFreeList
                0x0000000008013dd8       0xb4 ./Middlewares/Third_Party/FreeRTOS/Source/portable/MemMang/heap_4.o
 .text.__errno  0x0000000008013e8c        0xc c:/st/stm32cubeide/stm32cubeide/plugins/com.st.stm32cube.ide.mcu.externaltools.gnu-tools-for-stm32.10.3-2021.10.win32_1.0.200.202301161003/tools/bin/../lib/gcc/arm-none-eabi/10.3.1/../../../../arm-none-eabi/lib/thumb/v8-m.main+fp/hard\libc_nano.a(lib_a-errno.o)
                0x0000000008013e8c                __errno
 .text.std      0x0000000008013e98       0x48 c:/st/stm32cubeide/stm32cubeide/plugins/com.st.stm32cube.ide.mcu.externaltools.gnu-tools-for-stm32.10.3-2021.10.win32_1.0.200.202301161003/tools/bin/../lib/gcc/arm-none-eabi/10.3.1/../../../../arm-none-eabi/lib/thumb/v8-m.main+fp/hard\libc_nano.a(lib_a-findfp.o)
 .text._cleanup_r
                0x0000000008013ee0        0xc c:/st/stm32cubeide/stm32cubeide/plugins/com.st.stm32cube.ide.mcu.externaltools.gnu-tools-for-stm32.10.3-2021.10.win32_1.0.200.202301161003/tools/bin/../lib/gcc/arm-none-eabi/10.3.1/../../../../arm-none-eabi/lib/thumb/v8-m.main+fp/hard\libc_nano.a(lib_a-findfp.o)
                0x0000000008013ee0                _cleanup_r
 .text.__sfmoreglue
                0x0000000008013eec       0x2c c:/st/stm32cubeide/stm32cubeide/plugins/com.st.stm32cube.ide.mcu.externaltools.gnu-tools-for-stm32.10.3-2021.10.win32_1.0.200.202301161003/tools/bin/../lib/gcc/arm-none-eabi/10.3.1/../../../../arm-none-eabi/lib/thumb/v8-m.main+fp/hard\libc_nano.a(lib_a-findfp.o)
                0x0000000008013eec                __sfmoreglue
 .text.__sfp_lock_acquire
                0x0000000008013f18        0xc c:/st/stm32cubeide/stm32cubeide/plugins/com.st.stm32cube.ide.mcu.externaltools.gnu-tools-for-stm32.10.3-2021.10.win32_1.0.200.202301161003/tools/bin/../lib/gcc/arm-none-eabi/10.3.1/../../../../arm-none-eabi/lib/thumb/v8-m.main+fp/hard\libc_nano.a(lib_a-findfp.o)
                0x0000000008013f18                __sfp_lock_acquire
 .text.__sfp_lock_release
                0x0000000008013f24        0xc c:/st/stm32cubeide/stm32cubeide/plugins/com.st.stm32cube.ide.mcu.externaltools.gnu-tools-for-stm32.10.3-2021.10.win32_1.0.200.202301161003/tools/bin/../lib/gcc/arm-none-eabi/10.3.1/../../../../arm-none-eabi/lib/thumb/v8-m.main+fp/hard\libc_nano.a(lib_a-findfp.o)
                0x0000000008013f24                __sfp_lock_release
 .text.__sinit_lock_acquire
                0x0000000008013f30        0xc c:/st/stm32cubeide/stm32cubeide/plugins/com.st.stm32cube.ide.mcu.externaltools.gnu-tools-for-stm32.10.3-2021.10.win32_1.0.200.202301161003/tools/bin/../lib/gcc/arm-none-eabi/10.3.1/../../../../arm-none-eabi/lib/thumb/v8-m.main+fp/hard\libc_nano.a(lib_a-findfp.o)
                0x0000000008013f30                __sinit_lock_acquire
 .text.__sinit_lock_release
                0x0000000008013f3c        0xc c:/st/stm32cubeide/stm32cubeide/plugins/com.st.stm32cube.ide.mcu.externaltools.gnu-tools-for-stm32.10.3-2021.10.win32_1.0.200.202301161003/tools/bin/../lib/gcc/arm-none-eabi/10.3.1/../../../../arm-none-eabi/lib/thumb/v8-m.main+fp/hard\libc_nano.a(lib_a-findfp.o)
                0x0000000008013f3c                __sinit_lock_release
 .text.__sinit  0x0000000008013f48       0x70 c:/st/stm32cubeide/stm32cubeide/plugins/com.st.stm32cube.ide.mcu.externaltools.gnu-tools-for-stm32.10.3-2021.10.win32_1.0.200.202301161003/tools/bin/../lib/gcc/arm-none-eabi/10.3.1/../../../../arm-none-eabi/lib/thumb/v8-m.main+fp/hard\libc_nano.a(lib_a-findfp.o)
                0x0000000008013f48                __sinit
 .text.__sfp    0x0000000008013fb8       0x8c c:/st/stm32cubeide/stm32cubeide/plugins/com.st.stm32cube.ide.mcu.externaltools.gnu-tools-for-stm32.10.3-2021.10.win32_1.0.200.202301161003/tools/bin/../lib/gcc/arm-none-eabi/10.3.1/../../../../arm-none-eabi/lib/thumb/v8-m.main+fp/hard\libc_nano.a(lib_a-findfp.o)
                0x0000000008013fb8                __sfp
 .text._fwalk_reent
                0x0000000008014044       0x3e c:/st/stm32cubeide/stm32cubeide/plugins/com.st.stm32cube.ide.mcu.externaltools.gnu-tools-for-stm32.10.3-2021.10.win32_1.0.200.202301161003/tools/bin/../lib/gcc/arm-none-eabi/10.3.1/../../../../arm-none-eabi/lib/thumb/v8-m.main+fp/hard\libc_nano.a(lib_a-fwalk.o)
                0x0000000008014044                _fwalk_reent
 *fill*         0x0000000008014082        0x2 
 .text.__libc_init_array
                0x0000000008014084       0x48 c:/st/stm32cubeide/stm32cubeide/plugins/com.st.stm32cube.ide.mcu.externaltools.gnu-tools-for-stm32.10.3-2021.10.win32_1.0.200.202301161003/tools/bin/../lib/gcc/arm-none-eabi/10.3.1/../../../../arm-none-eabi/lib/thumb/v8-m.main+fp/hard\libc_nano.a(lib_a-init.o)
                0x0000000008014084                __libc_init_array
 .text.__retarget_lock_init_recursive
                0x00000000080140cc        0x2 c:/st/stm32cubeide/stm32cubeide/plugins/com.st.stm32cube.ide.mcu.externaltools.gnu-tools-for-stm32.10.3-2021.10.win32_1.0.200.202301161003/tools/bin/../lib/gcc/arm-none-eabi/10.3.1/../../../../arm-none-eabi/lib/thumb/v8-m.main+fp/hard\libc_nano.a(lib_a-lock.o)
                0x00000000080140cc                __retarget_lock_init_recursive
 .text.__retarget_lock_acquire_recursive
                0x00000000080140ce        0x2 c:/st/stm32cubeide/stm32cubeide/plugins/com.st.stm32cube.ide.mcu.externaltools.gnu-tools-for-stm32.10.3-2021.10.win32_1.0.200.202301161003/tools/bin/../lib/gcc/arm-none-eabi/10.3.1/../../../../arm-none-eabi/lib/thumb/v8-m.main+fp/hard\libc_nano.a(lib_a-lock.o)
                0x00000000080140ce                __retarget_lock_acquire_recursive
 .text.__retarget_lock_release_recursive
                0x00000000080140d0        0x2 c:/st/stm32cubeide/stm32cubeide/plugins/com.st.stm32cube.ide.mcu.externaltools.gnu-tools-for-stm32.10.3-2021.10.win32_1.0.200.202301161003/tools/bin/../lib/gcc/arm-none-eabi/10.3.1/../../../../arm-none-eabi/lib/thumb/v8-m.main+fp/hard\libc_nano.a(lib_a-lock.o)
                0x00000000080140d0                __retarget_lock_release_recursive
 .text.memcpy   0x00000000080140d2       0x1a c:/st/stm32cubeide/stm32cubeide/plugins/com.st.stm32cube.ide.mcu.externaltools.gnu-tools-for-stm32.10.3-2021.10.win32_1.0.200.202301161003/tools/bin/../lib/gcc/arm-none-eabi/10.3.1/../../../../arm-none-eabi/lib/thumb/v8-m.main+fp/hard\libc_nano.a(lib_a-memcpy-stub.o)
                0x00000000080140d2                memcpy
 .text.memset   0x00000000080140ec       0x10 c:/st/stm32cubeide/stm32cubeide/plugins/com.st.stm32cube.ide.mcu.externaltools.gnu-tools-for-stm32.10.3-2021.10.win32_1.0.200.202301161003/tools/bin/../lib/gcc/arm-none-eabi/10.3.1/../../../../arm-none-eabi/lib/thumb/v8-m.main+fp/hard\libc_nano.a(lib_a-memset.o)
                0x00000000080140ec                memset
 .text.sbrk_aligned
                0x00000000080140fc       0x40 c:/st/stm32cubeide/stm32cubeide/plugins/com.st.stm32cube.ide.mcu.externaltools.gnu-tools-for-stm32.10.3-2021.10.win32_1.0.200.202301161003/tools/bin/../lib/gcc/arm-none-eabi/10.3.1/../../../../arm-none-eabi/lib/thumb/v8-m.main+fp/hard\libc_nano.a(lib_a-nano-mallocr.o)
 .text._malloc_r
                0x000000000801413c       0xe8 c:/st/stm32cubeide/stm32cubeide/plugins/com.st.stm32cube.ide.mcu.externaltools.gnu-tools-for-stm32.10.3-2021.10.win32_1.0.200.202301161003/tools/bin/../lib/gcc/arm-none-eabi/10.3.1/../../../../arm-none-eabi/lib/thumb/v8-m.main+fp/hard\libc_nano.a(lib_a-nano-mallocr.o)
                0x000000000801413c                _malloc_r
 .text.cleanup_glue