Archive member included to satisfy reference by file (symbol)

c:/st/stm32cubeide/stm32cubeide/plugins/com.st.stm32cube.ide.mcu.externaltools.gnu-tools-for-stm32.10.3-2021.10.win32_1.0.200.202301161003/tools/bin/../lib/gcc/arm-none-eabi/10.3.1/../../../../arm-none-eabi/lib/thumb/v8-m.main+fp/hard\libc_nano.a(lib_a-errno.o)
                              ./Core/Src/syscalls.o (__errno)
c:/st/stm32cubeide/stm32cubeide/plugins/com.st.stm32cube.ide.mcu.externaltools.gnu-tools-for-stm32.10.3-2021.10.win32_1.0.200.202301161003/tools/bin/../lib/gcc/arm-none-eabi/10.3.1/../../../../arm-none-eabi/lib/thumb/v8-m.main+fp/hard\libc_nano.a(lib_a-exit.o)
                              c:/st/stm32cubeide/stm32cubeide/plugins/com.st.stm32cube.ide.mcu.externaltools.gnu-tools-for-stm32.10.3-2021.10.win32_1.0.200.202301161003/tools/bin/../lib/gcc/arm-none-eabi/10.3.1/../../../../arm-none-eabi/lib/thumb/v8-m.main+fp/hard/crt0.o (exit)
c:/st/stm32cubeide/stm32cubeide/plugins/com.st.stm32cube.ide.mcu.externaltools.gnu-tools-for-stm32.10.3-2021.10.win32_1.0.200.202301161003/tools/bin/../lib/gcc/arm-none-eabi/10.3.1/../../../../arm-none-eabi/lib/thumb/v8-m.main+fp/hard\libc_nano.a(lib_a-impure.o)
                              c:/st/stm32cubeide/stm32cubeide/plugins/com.st.stm32cube.ide.mcu.externaltools.gnu-tools-for-stm32.10.3-2021.10.win32_1.0.200.202301161003/tools/bin/../lib/gcc/arm-none-eabi/10.3.1/../../../../arm-none-eabi/lib/thumb/v8-m.main+fp/hard\libc_nano.a(lib_a-exit.o) (_global_impure_ptr)
c:/st/stm32cubeide/stm32cubeide/plugins/com.st.stm32cube.ide.mcu.externaltools.gnu-tools-for-stm32.10.3-2021.10.win32_1.0.200.202301161003/tools/bin/../lib/gcc/arm-none-eabi/10.3.1/../../../../arm-none-eabi/lib/thumb/v8-m.main+fp/hard\libc_nano.a(lib_a-init.o)
                              c:/st/stm32cubeide/stm32cubeide/plugins/com.st.stm32cube.ide.mcu.externaltools.gnu-tools-for-stm32.10.3-2021.10.win32_1.0.200.202301161003/tools/bin/../lib/gcc/arm-none-eabi/10.3.1/../../../../arm-none-eabi/lib/thumb/v8-m.main+fp/hard/crt0.o (__libc_init_array)
c:/st/stm32cubeide/stm32cubeide/plugins/com.st.stm32cube.ide.mcu.externaltools.gnu-tools-for-stm32.10.3-2021.10.win32_1.0.200.202301161003/tools/bin/../lib/gcc/arm-none-eabi/10.3.1/../../../../arm-none-eabi/lib/thumb/v8-m.main+fp/hard\libc_nano.a(lib_a-malloc.o)
                              ./Middlewares/Third_Party/FatFs/src/option/syscall.o (malloc)
c:/st/stm32cubeide/stm32cubeide/plugins/com.st.stm32cube.ide.mcu.externaltools.gnu-tools-for-stm32.10.3-2021.10.win32_1.0.200.202301161003/tools/bin/../lib/gcc/arm-none-eabi/10.3.1/../../../../arm-none-eabi/lib/thumb/v8-m.main+fp/hard\libc_nano.a(lib_a-memset.o)
                              c:/st/stm32cubeide/stm32cubeide/plugins/com.st.stm32cube.ide.mcu.externaltools.gnu-tools-for-stm32.10.3-2021.10.win32_1.0.200.202301161003/tools/bin/../lib/gcc/arm-none-eabi/10.3.1/../../../../arm-none-eabi/lib/thumb/v8-m.main+fp/hard/crt0.o (memset)
c:/st/stm32cubeide/stm32cubeide/plugins/com.st.stm32cube.ide.mcu.externaltools.gnu-tools-for-stm32.10.3-2021.10.win32_1.0.200.202301161003/tools/bin/../lib/gcc/arm-none-eabi/10.3.1/../../../../arm-none-eabi/lib/thumb/v8-m.main+fp/hard\libc_nano.a(lib_a-nano-freer.o)
                              c:/st/stm32cubeide/stm32cubeide/plugins/com.st.stm32cube.ide.mcu.externaltools.gnu-tools-for-stm32.10.3-2021.10.win32_1.0.200.202301161003/tools/bin/../lib/gcc/arm-none-eabi/10.3.1/../../../../arm-none-eabi/lib/thumb/v8-m.main+fp/hard\libc_nano.a(lib_a-malloc.o) (_free_r)
c:/st/stm32cubeide/stm32cubeide/plugins/com.st.stm32cube.ide.mcu.externaltools.gnu-tools-for-stm32.10.3-2021.10.win32_1.0.200.202301161003/tools/bin/../lib/gcc/arm-none-eabi/10.3.1/../../../../arm-none-eabi/lib/thumb/v8-m.main+fp/hard\libc_nano.a(lib_a-nano-mallocr.o)
                              c:/st/stm32cubeide/stm32cubeide/plugins/com.st.stm32cube.ide.mcu.externaltools.gnu-tools-for-stm32.10.3-2021.10.win32_1.0.200.202301161003/tools/bin/../lib/gcc/arm-none-eabi/10.3.1/../../../../arm-none-eabi/lib/thumb/v8-m.main+fp/hard\libc_nano.a(lib_a-malloc.o) (_malloc_r)
c:/st/stm32cubeide/stm32cubeide/plugins/com.st.stm32cube.ide.mcu.externaltools.gnu-tools-for-stm32.10.3-2021.10.win32_1.0.200.202301161003/tools/bin/../lib/gcc/arm-none-eabi/10.3.1/../../../../arm-none-eabi/lib/thumb/v8-m.main+fp/hard\libc_nano.a(lib_a-sbrkr.o)
                              c:/st/stm32cubeide/stm32cubeide/plugins/com.st.stm32cube.ide.mcu.externaltools.gnu-tools-for-stm32.10.3-2021.10.win32_1.0.200.202301161003/tools/bin/../lib/gcc/arm-none-eabi/10.3.1/../../../../arm-none-eabi/lib/thumb/v8-m.main+fp/hard\libc_nano.a(lib_a-nano-mallocr.o) (_sbrk_r)
c:/st/stm32cubeide/stm32cubeide/plugins/com.st.stm32cube.ide.mcu.externaltools.gnu-tools-for-stm32.10.3-2021.10.win32_1.0.200.202301161003/tools/bin/../lib/gcc/arm-none-eabi/10.3.1/../../../../arm-none-eabi/lib/thumb/v8-m.main+fp/hard\libc_nano.a(lib_a-sprintf.o)
                              ./Core/Src/dbg.o (sprintf)
[...]
Memory Configuration

Name             Origin             Length             Attributes
RAM              0x0000000020000000 0x0000000000030000 xrw
RAM2             0x0000000020030000 0x0000000000010000 xrw
FLASH            0x0000000008000000 0x0000000000080000 xr
*default*        0x0000000000000000 0xffffffffffffffff

Linker script and memory map

LOAD c:/st/stm32cubeide/stm32cubeide/plugins/com.st.stm32cube.ide.mcu.externaltools.gnu-tools-for-stm32.10.3-2021.10.win32_1.0.200.202301161003/tools/bin/../lib/gcc/arm-none-eabi/10.3.1/thumb/v8-m.main+fp/hard/crti.o
LOAD c:/st/stm32cubeide/stm32cubeide/plugins/com.st.stm32cube.ide.mcu.externaltools.gnu-tools-for-stm32.10.3-2021.10.win32_1.0.200.202301161003/tools/bin/../lib/gcc/arm-none-eabi/10.3.1/thumb/v8-m.main+fp/hard/crtbegin.o
LOAD c:/st/stm32cubeide/stm32cubeide/plugins/com.st.stm32cube.ide.mcu.externaltools.gnu-tools-for-stm32.10.3-2021.10.win32_1.0.200.202301161003/tools/bin/../lib/gcc/arm-none-eabi/10.3.1/../../../../arm-none-eabi/lib/thumb/v8-m.main+fp/hard/crt0.o
LOAD ./Core/Src/dbg.o
LOAD ./Core/Src/main.o
LOAD ./Core/Src/stm32l5xx_hal_msp.o
LOAD ./Core/Src/stm32l5xx_it.o
LOAD ./Core/Src/syscalls.o
LOAD ./Core/Src/sysmem.o
LOAD ./Core/Src/system_stm32l5xx.o
LOAD ./Core/Startup/startup_stm32l552vetx.o
LOAD ./Drivers/STM32L5xx_HAL_Driver/Src/stm32l5xx_hal.o
LOAD ./Drivers/STM32L5xx_HAL_Driver/Src/stm32l5xx_hal_cortex.o
LOAD ./Drivers/STM32L5xx_HAL_Driver/Src/stm32l5xx_hal_dma.o
LOAD ./Drivers/STM32L5xx_HAL_Driver/Src/stm32l5xx_hal_dma_ex.o
LOAD ./Drivers/STM32L5xx_HAL_Driver/Src/stm32l5xx_hal_exti.o
LOAD ./Drivers/STM32L5xx_HAL_Driver/Src/stm32l5xx_hal_flash.o
LOAD ./Drivers/STM32L5xx_HAL_Driver/Src/stm32l5xx_hal_flash_ex.o
LOAD ./Drivers/STM32L5xx_HAL_Driver/Src/stm32l5xx_hal_flash_ramfunc.o
LOAD ./Drivers/STM32L5xx_HAL_Driver/Src/stm32l5xx_hal_gpio.o
LOAD ./Drivers/STM32L5xx_HAL_Driver/Src/stm32l5xx_hal_i2c.o
LOAD ./Drivers/STM32L5xx_HAL_Driver/Src/stm32l5xx_hal_i2c_ex.o
LOAD ./Drivers/STM32L5xx_HAL_Driver/Src/stm32l5xx_hal_icache.o
LOAD ./Drivers/STM32L5xx_HAL_Driver/Src/stm32l5xx_hal_ospi.o
LOAD ./Drivers/STM32L5xx_HAL_Driver/Src/stm32l5xx_hal_pwr.o
LOAD ./Drivers/STM32L5xx_HAL_Driver/Src/stm32l5xx_hal_pwr_ex.o
LOAD ./Drivers/STM32L5xx_HAL_Driver/Src/stm32l5xx_hal_rcc.o
LOAD ./Drivers/STM32L5xx_HAL_Driver/Src/stm32l5xx_hal_rcc_ex.o
LOAD ./Drivers/STM32L5xx_HAL_Driver/Src/stm32l5xx_hal_rtc.o
LOAD ./Drivers/STM32L5xx_HAL_Driver/Src/stm32l5xx_hal_rtc_ex.o
LOAD ./Drivers/STM32L5xx_HAL_Driver/Src/stm32l5xx_hal_sd.o
LOAD ./Drivers/STM32L5xx_HAL_Driver/Src/stm32l5xx_hal_sd_ex.o
LOAD ./Drivers/STM32L5xx_HAL_Driver/Src/stm32l5xx_hal_tim.o
LOAD ./Drivers/STM32L5xx_HAL_Driver/Src/stm32l5xx_hal_tim_ex.o
LOAD ./Drivers/STM32L5xx_HAL_Driver/Src/stm32l5xx_hal_uart.o
LOAD ./Drivers/STM32L5xx_HAL_Driver/Src/stm32l5xx_hal_uart_ex.o
LOAD ./Drivers/STM32L5xx_HAL_Driver/Src/stm32l5xx_ll_sdmmc.o
LOAD ./FATFS/App/app_fatfs.o
LOAD ./FATFS/Target/sd_diskio.o
LOAD ./Middlewares/Third_Party/FatFs/src/diskio.o
LOAD ./Middlewares/Third_Party/FatFs/src/ff.o
LOAD ./Middlewares/Third_Party/FatFs/src/ff_gen_drv.o
LOAD ./Middlewares/Third_Party/FatFs/src/option/ccsbcs.o
LOAD ./Middlewares/Third_Party/FatFs/src/option/syscall.o
START GROUP
LOAD c:/st/stm32cubeide/stm32cubeide/plugins/com.st.stm32cube.ide.mcu.externaltools.gnu-tools-for-stm32.10.3-2021.10.win32_1.0.200.202301161003/tools/bin/../lib/gcc/arm-none-eabi/10.3.1/../../../../arm-none-eabi/lib/thumb/v8-m.main+fp/hard\libc_nano.a
LOAD c:/st/stm32cubeide/stm32cubeide/plugins/com.st.stm32cube.ide.mcu.externaltools.gnu-tools-for-stm32.10.3-2021.10.win32_1.0.200.202301161003/tools/bin/../lib/gcc/arm-none-eabi/10.3.1/../../../../arm-none-eabi/lib/thumb/v8-m.main+fp/hard\libm.a
END GROUP
START GROUP
LOAD c:/st/stm32cubeide/stm32cubeide/plugins/com.st.stm32cube.ide.mcu.externaltools.gnu-tools-for-stm32.10.3-2021.10.win32_1.0.200.202301161003/tools/bin/../lib/gcc/arm-none-eabi/10.3.1/thumb/v8-m.main+fp/hard\libgcc.a
LOAD c:/st/stm32cubeide/stm32cubeide/plugins/com.st.stm32cube.ide.mcu.externaltools.gnu-tools-for-stm32.10.3-2021.10.win32_1.0.200.202301161003/tools/bin/../lib/gcc/arm-none-eabi/10.3.1/../../../../arm-none-eabi/lib/thumb/v8-m.main+fp/hard\libc_nano.a
END GROUP
START GROUP
LOAD c:/st/stm32cubeide/stm32cubeide/plugins/com.st.stm32cube.ide.mcu.externaltools.gnu-tools-for-stm32.10.3-2021.10.win32_1.0.200.202301161003/tools/bin/../lib/gcc/arm-none-eabi/10.3.1/thumb/v8-m.main+fp/hard\libgcc.a
LOAD c:/st/stm32cubeide/stm32cubeide/plugins/com.st.stm32cube.ide.mcu.externaltools.gnu-tools-for-stm32.10.3-2021.10.win32_1.0.200.202301161003/tools/bin/../lib/gcc/arm-none-eabi/10.3.1/../../../../arm-none-eabi/lib/thumb/v8-m.main+fp/hard\libc_nano.a
LOAD c:/st/stm32cubeide/stm32cubeide/plugins/com.st.stm32cube.ide.mcu.externaltools.gnu-tools-for-stm32.10.3-2021.10.win32_1.0.200.202301161003/tools/bin/../lib/gcc/arm-none-eabi/10.3.1/../../../../arm-none-eabi/lib/thumb/v8-m.main+fp/hard\libnosys.a
END GROUP
START GROUP
LOAD c:/st/stm32cubeide/stm32cubeide/plugins/com.st.stm32cube.ide.mcu.externaltools.gnu-tools-for-stm32.10.3-2021.10.win32_1.0.200.202301161003/tools/bin/../lib/gcc/arm-none-eabi/10.3.1/thumb/v8-m.main+fp/hard\libgcc.a
LOAD c:/st/stm32cubeide/stm32cubeide/plugins/com.st.stm32cube.ide.mcu.externaltools.gnu-tools-for-stm32.10.3-2021.10.win32_1.0.200.202301161003/tools/bin/../lib/gcc/arm-none-eabi/10.3.1/../../../../arm-none-eabi/lib/thumb/v8-m.main+fp/hard\libc_nano.a
LOAD c:/st/stm32cubeide/stm32cubeide/plugins/com.st.stm32cube.ide.mcu.externaltools.gnu-tools-for-stm32.10.3-2021.10.win32_1.0.200.202301161003/tools/bin/../lib/gcc/arm-none-eabi/10.3.1/../../../../arm-none-eabi/lib/thumb/v8-m.main+fp/hard\libnosys.a
END GROUP
LOAD c:/st/stm32cubeide/stm32cubeide/plugins/com.st.stm32cube.ide.mcu.externaltools.gnu-tools-for-stm32.10.3-2021.10.win32_1.0.200.202301161003/tools/bin/../lib/gcc/arm-none-eabi/10.3.1/thumb/v8-m.main+fp/hard/crtend.o
LOAD c:/st/stm32cubeide/stm32cubeide/plugins/com.st.stm32cube.ide.mcu.externaltools.gnu-tools-for-stm32.10.3-2021.10.win32_1.0.200.202301161003/tools/bin/../lib/gcc/arm-none-eabi/10.3.1/thumb/v8-m.main+fp/hard/crtn.o
                0x0000000020030000                _estack = (ORIGIN (RAM) + LENGTH (RAM))
                0x0000000000000200                _Min_Heap_Size = 0x200
                0x0000000000000800                _Min_Stack_Size = 0x800

.isr_vector     0x0000000008000000      0x1f4
                0x0000000008000000                . = ALIGN (0x4)
 *(.isr_vector)
 .isr_vector    0x0000000008000000      0x1f4 ./Core/Startup/startup_stm32l552vetx.o
                0x0000000008000000                g_pfnVectors
                0x00000000080001f4                . = ALIGN (0x4)

.text           0x00000000080001f4     0xe5c8
                0x00000000080001f4                . = ALIGN (0x4)
 *(.text)
 .text          0x00000000080001f4       0x40 c:/st/stm32cubeide/stm32cubeide/plugins/com.st.stm32cube.ide.mcu.externaltools.gnu-tools-for-stm32.10.3-2021.10.win32_1.0.200.202301161003/tools/bin/../lib/gcc/arm-none-eabi/10.3.1/thumb/v8-m.main+fp/hard/crtbegin.o
 .text          0x0000000008000234       0x10 c:/st/stm32cubeide/stm32cubeide/plugins/com.st.stm32cube.ide.mcu.externaltools.gnu-tools-for-stm32.10.3-2021.10.win32_1.0.200.202301161003/tools/bin/../lib/gcc/arm-none-eabi/10.3.1/../../../../arm-none-eabi/lib/thumb/v8-m.main+fp/hard\libc_nano.a(lib_a-strlen.o)
                0x0000000008000234                strlen
 .text          0x0000000008000244       0x30 c:/st/stm32cubeide/stm32cubeide/plugins/com.st.stm32cube.ide.mcu.externaltools.gnu-tools-for-stm32.10.3-2021.10.win32_1.0.200.202301161003/tools/bin/../lib/gcc/arm-none-eabi/10.3.1/thumb/v8-m.main+fp/hard\libgcc.a(_aeabi_uldivmod.o)
                0x0000000008000244                __aeabi_uldivmod
 .text          0x0000000008000274      0x2ec c:/st/stm32cubeide/stm32cubeide/plugins/com.st.stm32cube.ide.mcu.externaltools.gnu-tools-for-stm32.10.3-2021.10.win32_1.0.200.202301161003/tools/bin/../lib/gcc/arm-none-eabi/10.3.1/thumb/v8-m.main+fp/hard\libgcc.a(_udivmoddi4.o)
                0x0000000008000274                __udivmoddi4
 .text          0x0000000008000560        0x4 c:/st/stm32cubeide/stm32cubeide/plugins/com.st.stm32cube.ide.mcu.externaltools.gnu-tools-for-stm32.10.3-2021.10.win32_1.0.200.202301161003/tools/bin/../lib/gcc/arm-none-eabi/10.3.1/thumb/v8-m.main+fp/hard\libgcc.a(_dvmd_tls.o)
                0x0000000008000560                __aeabi_idiv0
                0x0000000008000560                __aeabi_ldiv0
 *(.text*)
 .text.print_str
                0x0000000008000564       0x40 ./Core/Src/dbg.o
                0x0000000008000564                print_str
 .text.main     0x00000000080005a4      0x244 ./Core/Src/main.o
                0x00000000080005a4                main
 .text.SystemClock_Config
                0x00000000080007e8       0xb8 ./Core/Src/main.o
                0x00000000080007e8                SystemClock_Config
 .text.MX_ICACHE_Init
                0x00000000080008a0       0x16 ./Core/Src/main.o
 *fill*         0x00000000080008b6        0x2 
 .text.MX_OCTOSPI1_Init
                0x00000000080008b8       0x7c ./Core/Src/main.o
 .text.MX_RTC_Init
                0x0000000008000934       0xf8 ./Core/Src/main.o
 .text.MX_SDMMC1_SD_Init
                0x0000000008000a2c       0x3c ./Core/Src/main.o
 .text.MX_USART1_UART_Init
                0x0000000008000a68       0x98 ./Core/Src/main.o
 .text.MX_DMA_Init
                0x0000000008000b00       0x54 ./Core/Src/main.o
 .text.MX_GPIO_Init
                0x0000000008000b54       0x90 ./Core/Src/main.o
 .text.HAL_SD_TxCpltCallback
                0x0000000008000be4       0x20 ./Core/Src/main.o
                0x0000000008000be4                HAL_SD_TxCpltCallback
 .text.HAL_SD_RxCpltCallback
                0x0000000008000c04       0x20 ./Core/Src/main.o
                0x0000000008000c04                HAL_SD_RxCpltCallback
 .text.Error_Handler
                0x0000000008000c24       0x20 ./Core/Src/main.o
                0x0000000008000c24                Error_Handler
 .text.HAL_MspInit
                0x0000000008000c44       0x48 ./Core/Src/stm32l5xx_hal_msp.o
                0x0000000008000c44                HAL_MspInit
 .text.HAL_OSPI_MspInit
                0x0000000008000c8c       0xd0 ./Core/Src/stm32l5xx_hal_msp.o
                0x0000000008000c8c                HAL_OSPI_MspInit
 .text.HAL_RTC_MspInit
                0x0000000008000d5c       0x7c ./Core/Src/stm32l5xx_hal_msp.o
                0x0000000008000d5c                HAL_RTC_MspInit
 .text.HAL_SD_MspInit
                0x0000000008000dd8      0x118 ./Core/Src/stm32l5xx_hal_msp.o
                0x0000000008000dd8                HAL_SD_MspInit
 .text.HAL_UART_MspInit
                0x0000000008000ef0      0x138 ./Core/Src/stm32l5xx_hal_msp.o
                0x0000000008000ef0                HAL_UART_MspInit
 .text.NMI_Handler
                0x0000000008001028        0x6 ./Core/Src/stm32l5xx_it.o
                0x0000000008001028                NMI_Handler
 .text.HardFault_Handler
                0x000000000800102e        0x6 ./Core/Src/stm32l5xx_it.o
                0x000000000800102e                HardFault_Handler
 .text.MemManage_Handler
                0x0000000008001034        0x6 ./Core/Src/stm32l5xx_it.o
                0x0000000008001034                MemManage_Handler
 .text.BusFault_Handler
                0x000000000800103a        0x6 ./Core/Src/stm32l5xx_it.o
                0x000000000800103a                BusFault_Handler
 .text.UsageFault_Handler
                0x0000000008001040        0x6 ./Core/Src/stm32l5xx_it.o
                0x0000000008001040                UsageFault_Handler
 .text.SVC_Handler
                0x0000000008001046        0xe ./Core/Src/stm32l5xx_it.o
                0x0000000008001046                SVC_Handler
 .text.DebugMon_Handler
                0x0000000008001054        0xe ./Core/Src/stm32l5xx_it.o
                0x0000000008001054                DebugMon_Handler
 .text.PendSV_Handler
                0x0000000008001062        0xe ./Core/Src/stm32l5xx_it.o
                0x0000000008001062                PendSV_Handler
 .text.SysTick_Handler
                0x0000000008001070        0xc ./Core/Src/stm32l5xx_it.o
                0x0000000008001070                SysTick_Handler
 .text.DMA1_Channel1_IRQHandler
                0x000000000800107c       0x14 ./Core/Src/stm32l5xx_it.o
                0x000000000800107c                DMA1_Channel1_IRQHandler
 .text.USART1_IRQHandler
                0x0000000008001090       0x14 ./Core/Src/stm32l5xx_it.o
                0x0000000008001090                USART1_IRQHandler
 .text.OCTOSPI1_IRQHandler
                0x00000000080010a4       0x14 ./Core/Src/stm32l5xx_it.o
                0x00000000080010a4                OCTOSPI1_IRQHandler
 .text.SDMMC1_IRQHandler
                0x00000000080010b8       0x14 ./Core/Src/stm32l5xx_it.o
                0x00000000080010b8                SDMMC1_IRQHandler
 .text._sbrk    0x00000000080010cc       0x6c ./Core/Src/sysmem.o
                0x00000000080010cc                _sbrk
 .text.SystemInit
                0x0000000008001138       0x24 ./Core/Src/system_stm32l5xx.o
                0x0000000008001138                SystemInit
 .text.SystemCoreClockUpdate
                0x000000000800115c      0x15c ./Core/Src/system_stm32l5xx.o
                0x000000000800115c                SystemCoreClockUpdate
 .text.Reset_Handler
                0x00000000080012b8       0x50 ./Core/Startup/startup_stm32l552vetx.o
                0x00000000080012b8                Reset_Handler
 .text.Default_Handler
                0x0000000008001308        0x2 ./Core/Startup/startup_stm32l552vetx.o
                0x0000000008001308                EXTI2_IRQHandler
                0x0000000008001308                TIM8_TRG_COM_IRQHandler
                0x0000000008001308                TIM8_CC_IRQHandler
                0x0000000008001308                EXTI5_IRQHandler
                0x0000000008001308                FLASH_S_IRQHandler
                0x0000000008001308                EXTI13_IRQHandler
                0x0000000008001308                TIM1_CC_IRQHandler
                0x0000000008001308                TSC_IRQHandler
                0x0000000008001308                TAMP_IRQHandler
                0x0000000008001308                TIM6_IRQHandler
                0x0000000008001308                EXTI12_IRQHandler
                0x0000000008001308                DMA2_Channel8_IRQHandler
                0x0000000008001308                EXTI3_IRQHandler
                0x0000000008001308                EXTI8_IRQHandler
                0x0000000008001308                LPTIM2_IRQHandler
                0x0000000008001308                DFSDM1_FLT1_IRQHandler
                0x0000000008001308                USB_FS_IRQHandler
                0x0000000008001308                I2C3_ER_IRQHandler
                0x0000000008001308                DFSDM1_FLT2_IRQHandler
                0x0000000008001308                DMAMUX1_IRQHandler
                0x0000000008001308                LPTIM3_IRQHandler
                0x0000000008001308                EXTI0_IRQHandler
                0x0000000008001308                I2C2_EV_IRQHandler
                0x0000000008001308                FPU_IRQHandler
                0x0000000008001308                FDCAN1_IT1_IRQHandler
                0x0000000008001308                ADC1_2_IRQHandler
                0x0000000008001308                SPI1_IRQHandler
                0x0000000008001308                TIM8_UP_IRQHandler
                0x0000000008001308                RCC_S_IRQHandler
                0x0000000008001308                DMA2_Channel2_IRQHandler
                0x0000000008001308                DMA1_Channel4_IRQHandler
                0x0000000008001308                SAI2_IRQHandler
                0x0000000008001308                DFSDM1_FLT3_IRQHandler
                0x0000000008001308                EXTI15_IRQHandler
                0x0000000008001308                TIM17_IRQHandler
                0x0000000008001308                USART3_IRQHandler
                0x0000000008001308                RTC_IRQHandler
                0x0000000008001308                EXTI9_IRQHandler
                0x0000000008001308                DMA1_Channel7_IRQHandler
                0x0000000008001308                UART5_IRQHandler
                0x0000000008001308                TIM4_IRQHandler
                0x0000000008001308                DMA2_Channel1_IRQHandler
                0x0000000008001308                I2C1_EV_IRQHandler
                0x0000000008001308                DMA1_Channel6_IRQHandler
                0x0000000008001308                TIM16_IRQHandler
                0x0000000008001308                UART4_IRQHandler
                0x0000000008001308                DMA2_Channel4_IRQHandler
                0x0000000008001308                SecureFault_Handler
                0x0000000008001308                TIM3_IRQHandler
                0x0000000008001308                RCC_IRQHandler
                0x0000000008001308                TIM1_TRG_COM_IRQHandler
                0x0000000008001308                Default_Handler
                0x0000000008001308                DMA2_Channel7_IRQHandler
                0x0000000008001308                DMA1_Channel8_IRQHandler
                0x0000000008001308                TIM7_IRQHandler
                0x0000000008001308                TIM5_IRQHandler
                0x0000000008001308                UCPD1_IRQHandler
                0x0000000008001308                TIM15_IRQHandler
                0x0000000008001308                I2C3_EV_IRQHandler
                0x0000000008001308                PVD_PVM_IRQHandler
                0x0000000008001308                SPI2_IRQHandler
                0x0000000008001308                EXTI14_IRQHandler
                0x0000000008001308                EXTI11_IRQHandler
                0x0000000008001308                DMA2_Channel5_IRQHandler
                0x0000000008001308                CRS_IRQHandler
                0x0000000008001308                DMA1_Channel5_IRQHandler
                0x0000000008001308                EXTI4_IRQHandler
                0x0000000008001308                RTC_S_IRQHandler
                0x0000000008001308                RNG_IRQHandler
                0x0000000008001308                DMAMUX1_S_IRQHandler
                0x0000000008001308                DMA1_Channel3_IRQHandler
                0x0000000008001308                COMP_IRQHandler
                0x0000000008001308                TIM1_UP_IRQHandler
                0x0000000008001308                WWDG_IRQHandler
                0x0000000008001308                I2C4_EV_IRQHandler
                0x0000000008001308                LPUART1_IRQHandler
                0x0000000008001308                DMA2_Channel6_IRQHandler
                0x0000000008001308                FDCAN1_IT0_IRQHandler
                0x0000000008001308                TIM2_IRQHandler
                0x0000000008001308                TAMP_S_IRQHandler
                0x0000000008001308                EXTI7_IRQHandler
                0x0000000008001308                TIM1_BRK_IRQHandler
                0x0000000008001308                DAC_IRQHandler
                0x0000000008001308                EXTI1_IRQHandler
                0x0000000008001308                GTZC_IRQHandler
                0x0000000008001308                USART2_IRQHandler
                0x0000000008001308                DFSDM1_FLT0_IRQHandler
                0x0000000008001308                I2C2_ER_IRQHandler
                0x0000000008001308                DMA1_Channel2_IRQHandler
                0x0000000008001308                TIM8_BRK_IRQHandler
                0x0000000008001308                FLASH_IRQHandler
                0x0000000008001308                EXTI10_IRQHandler
                0x0000000008001308                SPI3_IRQHandler
                0x0000000008001308                I2C1_ER_IRQHandler
                0x0000000008001308                FMC_IRQHandler
                0x0000000008001308                EXTI6_IRQHandler
                0x0000000008001308                LPTIM1_IRQHandler
                0x0000000008001308                I2C4_ER_IRQHandler
                0x0000000008001308                ICACHE_IRQHandler
                0x0000000008001308                SAI1_IRQHandler
                0x0000000008001308                HASH_IRQHandler
                0x0000000008001308                DMA2_Channel3_IRQHandler
 .text.HAL_Init
                0x000000000800130a       0x34 ./Drivers/STM32L5xx_HAL_Driver/Src/stm32l5xx_hal.o
                0x000000000800130a                HAL_Init
 *fill*         0x000000000800133e        0x2 
 .text.HAL_InitTick
                0x0000000008001340       0x78 ./Drivers/STM32L5xx_HAL_Driver/Src/stm32l5xx_hal.o
                0x0000000008001340                HAL_InitTick
 .text.HAL_IncTick
                0x00000000080013b8       0x28 ./Drivers/STM32L5xx_HAL_Driver/Src/stm32l5xx_hal.o
                0x00000000080013b8                HAL_IncTick
 .text.HAL_GetTick
                0x00000000080013e0       0x18 ./Drivers/STM32L5xx_HAL_Driver/Src/stm32l5xx_hal.o
                0x00000000080013e0                HAL_GetTick
 .text.HAL_Delay
                0x00000000080013f8       0x48 ./Drivers/STM32L5xx_HAL_Driver/Src/stm32l5xx_hal.o
                0x00000000080013f8                HAL_Delay
 .text.__NVIC_SetPriorityGrouping
                0x0000000008001440       0x48 ./Drivers/STM32L5xx_HAL_Driver/Src/stm32l5xx_hal_cortex.o
 .text.__NVIC_GetPriorityGrouping
                0x0000000008001488       0x1c ./Drivers/STM32L5xx_HAL_Driver/Src/stm32l5xx_hal_cortex.o
 .text.__NVIC_EnableIRQ
                0x00000000080014a4       0x3c ./Drivers/STM32L5xx_HAL_Driver/Src/stm32l5xx_hal_cortex.o
 .text.__NVIC_SetPriority
                0x00000000080014e0       0x54 ./Drivers/STM32L5xx_HAL_Driver/Src/stm32l5xx_hal_cortex.o
 .text.NVIC_EncodePriority
                0x0000000008001534       0x66 ./Drivers/STM32L5xx_HAL_Driver/Src/stm32l5xx_hal_cortex.o
 *fill*         0x000000000800159a        0x2 
 .text.SysTick_Config
                0x000000000800159c       0x44 ./Drivers/STM32L5xx_HAL_Driver/Src/stm32l5xx_hal_cortex.o
 .text.HAL_NVIC_SetPriorityGrouping
                0x00000000080015e0       0x16 ./Drivers/STM32L5xx_HAL_Driver/Src/stm32l5xx_hal_cortex.o
                0x00000000080015e0                HAL_NVIC_SetPriorityGrouping
 .text.HAL_NVIC_SetPriority
                0x00000000080015f6       0x34 ./Drivers/STM32L5xx_HAL_Driver/Src/stm32l5xx_hal_cortex.o
                0x00000000080015f6                HAL_NVIC_SetPriority
 .text.HAL_NVIC_EnableIRQ
                0x000000000800162a       0x1c ./Drivers/STM32L5xx_HAL_Driver/Src/stm32l5xx_hal_cortex.o
                0x000000000800162a                HAL_NVIC_EnableIRQ
 .text.HAL_SYSTICK_Config
                0x0000000008001646       0x18 ./Drivers/STM32L5xx_HAL_Driver/Src/stm32l5xx_hal_cortex.o
                0x0000000008001646                HAL_SYSTICK_Config
 *fill*         0x000000000800165e        0x2 
 .text.HAL_DMA_Init
                0x0000000008001660      0x150 ./Drivers/STM32L5xx_HAL_Driver/Src/stm32l5xx_hal_dma.o
                0x0000000008001660                HAL_DMA_Init
 .text.HAL_DMA_Start_IT
                0x00000000080017b0       0xf6 ./Drivers/STM32L5xx_HAL_Driver/Src/stm32l5xx_hal_dma.o
                0x00000000080017b0                HAL_DMA_Start_IT
 .text.HAL_DMA_Abort
                0x00000000080018a6       0xb8 ./Drivers/STM32L5xx_HAL_Driver/Src/stm32l5xx_hal_dma.o
                0x00000000080018a6                HAL_DMA_Abort
 .text.HAL_DMA_Abort_IT
                0x000000000800195e       0xbe ./Drivers/STM32L5xx_HAL_Driver/Src/stm32l5xx_hal_dma.o
                0x000000000800195e                HAL_DMA_Abort_IT
 .text.HAL_DMA_IRQHandler
                0x0000000008001a1c      0x200 ./Drivers/STM32L5xx_HAL_Driver/Src/stm32l5xx_hal_dma.o
                0x0000000008001a1c                HAL_DMA_IRQHandler
 .text.HAL_DMA_ConfigChannelAttributes
                0x0000000008001c1c       0x60 ./Drivers/STM32L5xx_HAL_Driver/Src/stm32l5xx_hal_dma.o
                0x0000000008001c1c                HAL_DMA_ConfigChannelAttributes
 .text.DMA_SetConfig
                0x0000000008001c7c       0x7c ./Drivers/STM32L5xx_HAL_Driver/Src/stm32l5xx_hal_dma.o
 .text.DMA_CalcDMAMUXChannelBaseAndMask
                0x0000000008001cf8       0x7c ./Drivers/STM32L5xx_HAL_Driver/Src/stm32l5xx_hal_dma.o
 .text.DMA_CalcDMAMUXRequestGenBaseAndMask
                0x0000000008001d74       0x48 ./Drivers/STM32L5xx_HAL_Driver/Src/stm32l5xx_hal_dma.o
 .text.HAL_GPIO_Init
                0x0000000008001dbc      0x300 ./Drivers/STM32L5xx_HAL_Driver/Src/stm32l5xx_hal_gpio.o
                0x0000000008001dbc                HAL_GPIO_Init
 .text.HAL_ICACHE_Enable
                0x00000000080020bc       0x20 ./Drivers/STM32L5xx_HAL_Driver/Src/stm32l5xx_hal_icache.o
                0x00000000080020bc                HAL_ICACHE_Enable
 .text.HAL_OSPI_Init
                0x00000000080020dc      0x174 ./Drivers/STM32L5xx_HAL_Driver/Src/stm32l5xx_hal_ospi.o
                0x00000000080020dc                HAL_OSPI_Init
 .text.HAL_OSPI_IRQHandler
                0x0000000008002250      0x284 ./Drivers/STM32L5xx_HAL_Driver/Src/stm32l5xx_hal_ospi.o
                0x0000000008002250                HAL_OSPI_IRQHandler
 .text.HAL_OSPI_ErrorCallback
                0x00000000080024d4       0x14 ./Drivers/STM32L5xx_HAL_Driver/Src/stm32l5xx_hal_ospi.o
                0x00000000080024d4                HAL_OSPI_ErrorCallback
 .text.HAL_OSPI_AbortCpltCallback
                0x00000000080024e8       0x14 ./Drivers/STM32L5xx_HAL_Driver/Src/stm32l5xx_hal_ospi.o
                0x00000000080024e8                HAL_OSPI_AbortCpltCallback
 .text.HAL_OSPI_FifoThresholdCallback
                0x00000000080024fc       0x14 ./Drivers/STM32L5xx_HAL_Driver/Src/stm32l5xx_hal_ospi.o
                0x00000000080024fc                HAL_OSPI_FifoThresholdCallback
 .text.HAL_OSPI_CmdCpltCallback
                0x0000000008002510       0x14 ./Drivers/STM32L5xx_HAL_Driver/Src/stm32l5xx_hal_ospi.o
                0x0000000008002510                HAL_OSPI_CmdCpltCallback
 .text.HAL_OSPI_RxCpltCallback
                0x0000000008002524       0x14 ./Drivers/STM32L5xx_HAL_Driver/Src/stm32l5xx_hal_ospi.o
                0x0000000008002524                HAL_OSPI_RxCpltCallback
 .text.HAL_OSPI_TxCpltCallback
                0x0000000008002538       0x14 ./Drivers/STM32L5xx_HAL_Driver/Src/stm32l5xx_hal_ospi.o
                0x0000000008002538                HAL_OSPI_TxCpltCallback
 .text.HAL_OSPI_StatusMatchCallback
                0x000000000800254c       0x14 ./Drivers/STM32L5xx_HAL_Driver/Src/stm32l5xx_hal_ospi.o
                0x000000000800254c                HAL_OSPI_StatusMatchCallback
 .text.HAL_OSPI_TimeOutCallback
                0x0000000008002560       0x14 ./Drivers/STM32L5xx_HAL_Driver/Src/stm32l5xx_hal_ospi.o
                0x0000000008002560                HAL_OSPI_TimeOutCallback
 .text.HAL_OSPI_SetTimeout
                0x0000000008002574       0x1e ./Drivers/STM32L5xx_HAL_Driver/Src/stm32l5xx_hal_ospi.o
                0x0000000008002574                HAL_OSPI_SetTimeout
 .text.OSPI_DMAAbortCplt
                0x0000000008002592       0x78 ./Drivers/STM32L5xx_HAL_Driver/Src/stm32l5xx_hal_ospi.o
 .text.OSPI_WaitFlagStateUntilTimeout
                0x000000000800260a       0x6e ./Drivers/STM32L5xx_HAL_Driver/Src/stm32l5xx_hal_ospi.o
 .text.HAL_PWR_EnableBkUpAccess
                0x0000000008002678       0x20 ./Drivers/STM32L5xx_HAL_Driver/Src/stm32l5xx_hal_pwr.o
                0x0000000008002678                HAL_PWR_EnableBkUpAccess
 .text.HAL_PWREx_GetVoltageRange
                0x0000000008002698       0x1c ./Drivers/STM32L5xx_HAL_Driver/Src/stm32l5xx_hal_pwr_ex.o
                0x0000000008002698                HAL_PWREx_GetVoltageRange
 .text.HAL_PWREx_ControlVoltageScaling
                0x00000000080026b4       0xb8 ./Drivers/STM32L5xx_HAL_Driver/Src/stm32l5xx_hal_pwr_ex.o
                0x00000000080026b4                HAL_PWREx_ControlVoltageScaling
 .text.HAL_PWREx_DisableUCPDDeadBattery
                0x000000000800276c       0x20 ./Drivers/STM32L5xx_HAL_Driver/Src/stm32l5xx_hal_pwr_ex.o
                0x000000000800276c                HAL_PWREx_DisableUCPDDeadBattery
 .text.HAL_PWREx_SMPS_GetEffectiveMode
                0x000000000800278c       0x48 ./Drivers/STM32L5xx_HAL_Driver/Src/stm32l5xx_hal_pwr_ex.o
                0x000000000800278c                HAL_PWREx_SMPS_GetEffectiveMode
 .text.HAL_RCC_OscConfig
                0x00000000080027d4      0x9ac ./Drivers/STM32L5xx_HAL_Driver/Src/stm32l5xx_hal_rcc.o
                0x00000000080027d4                HAL_RCC_OscConfig
 .text.HAL_RCC_ClockConfig
                0x0000000008003180      0x270 ./Drivers/STM32L5xx_HAL_Driver/Src/stm32l5xx_hal_rcc.o
                0x0000000008003180                HAL_RCC_ClockConfig
 .text.HAL_RCC_GetSysClockFreq
                0x00000000080033f0      0x13c ./Drivers/STM32L5xx_HAL_Driver/Src/stm32l5xx_hal_rcc.o
                0x00000000080033f0                HAL_RCC_GetSysClockFreq
 .text.HAL_RCC_GetHCLKFreq
                0x000000000800352c       0x28 ./Drivers/STM32L5xx_HAL_Driver/Src/stm32l5xx_hal_rcc.o
                0x000000000800352c                HAL_RCC_GetHCLKFreq
 .text.HAL_RCC_GetPCLK1Freq
                0x0000000008003554       0x28 ./Drivers/STM32L5xx_HAL_Driver/Src/stm32l5xx_hal_rcc.o
                0x0000000008003554                HAL_RCC_GetPCLK1Freq
 .text.HAL_RCC_GetPCLK2Freq
                0x000000000800357c       0x28 ./Drivers/STM32L5xx_HAL_Driver/Src/stm32l5xx_hal_rcc.o
                0x000000000800357c                HAL_RCC_GetPCLK2Freq
 .text.RCC_SetFlashLatencyFromMSIRange
                0x00000000080035a4       0xc8 ./Drivers/STM32L5xx_HAL_Driver/Src/stm32l5xx_hal_rcc.o
 .text.RCC_GetSysClockFreqFromPLLSource
                0x000000000800366c       0xdc ./Drivers/STM32L5xx_HAL_Driver/Src/stm32l5xx_hal_rcc.o
 .text.HAL_RCCEx_PeriphCLKConfig
                0x0000000008003748      0x708 ./Drivers/STM32L5xx_HAL_Driver/Src/stm32l5xx_hal_rcc_ex.o
                0x0000000008003748                HAL_RCCEx_PeriphCLKConfig
 .text.HAL_RCCEx_GetPeriphCLKFreq
                0x0000000008003e50      0xf44 ./Drivers/STM32L5xx_HAL_Driver/Src/stm32l5xx_hal_rcc_ex.o
                0x0000000008003e50                HAL_RCCEx_GetPeriphCLKFreq
 .text.RCCEx_PLLSAI1_Config
                0x0000000008004d94      0x1cc ./Drivers/STM32L5xx_HAL_Driver/Src/stm32l5xx_hal_rcc_ex.o
 .text.RCCEx_PLLSAI2_Config
                0x0000000008004f60      0x158 ./Drivers/STM32L5xx_HAL_Driver/Src/stm32l5xx_hal_rcc_ex.o
 .text.RCCEx_PLLSAI1_GetVCOFreq
                0x00000000080050b8       0xb4 ./Drivers/STM32L5xx_HAL_Driver/Src/stm32l5xx_hal_rcc_ex.o
 .text.RCCEx_PLLSAI2_GetVCOFreq
                0x000000000800516c       0xb4 ./Drivers/STM32L5xx_HAL_Driver/Src/stm32l5xx_hal_rcc_ex.o
 .text.RCCEx_GetSAIxPeriphCLKFreq
                0x0000000008005220      0x200 ./Drivers/STM32L5xx_HAL_Driver/Src/stm32l5xx_hal_rcc_ex.o
 .text.HAL_RTC_Init
                0x0000000008005420       0xf0 ./Drivers/STM32L5xx_HAL_Driver/Src/stm32l5xx_hal_rtc.o
                0x0000000008005420                HAL_RTC_Init
 .text.HAL_RTC_SetTime
                0x0000000008005510      0x12c ./Drivers/STM32L5xx_HAL_Driver/Src/stm32l5xx_hal_rtc.o
                0x0000000008005510                HAL_RTC_SetTime
 .text.HAL_RTC_GetTime
                0x000000000800563c       0xb8 ./Drivers/STM32L5xx_HAL_Driver/Src/stm32l5xx_hal_rtc.o
                0x000000000800563c                HAL_RTC_GetTime
 .text.HAL_RTC_SetDate
                0x00000000080056f4      0x10c ./Drivers/STM32L5xx_HAL_Driver/Src/stm32l5xx_hal_rtc.o
                0x00000000080056f4                HAL_RTC_SetDate
 .text.HAL_RTC_GetDate
                0x0000000008005800       0x9c ./Drivers/STM32L5xx_HAL_Driver/Src/stm32l5xx_hal_rtc.o
                0x0000000008005800                HAL_RTC_GetDate
 .text.HAL_RTC_WaitForSynchro
                0x000000000800589c       0x48 ./Drivers/STM32L5xx_HAL_Driver/Src/stm32l5xx_hal_rtc.o
                0x000000000800589c                HAL_RTC_WaitForSynchro
 .text.RTC_EnterInitMode
                0x00000000080058e4       0x68 ./Drivers/STM32L5xx_HAL_Driver/Src/stm32l5xx_hal_rtc.o
                0x00000000080058e4                RTC_EnterInitMode
 .text.RTC_ExitInitMode
                0x000000000800594c       0x7c ./Drivers/STM32L5xx_HAL_Driver/Src/stm32l5xx_hal_rtc.o
                0x000000000800594c                RTC_ExitInitMode
 .text.RTC_ByteToBcd2
                0x00000000080059c8       0x40 ./Drivers/STM32L5xx_HAL_Driver/Src/stm32l5xx_hal_rtc.o
                0x00000000080059c8                RTC_ByteToBcd2
 .text.RTC_Bcd2ToByte
                0x0000000008005a08       0x38 ./Drivers/STM32L5xx_HAL_Driver/Src/stm32l5xx_hal_rtc.o
                0x0000000008005a08                RTC_Bcd2ToByte
 .text.HAL_RTCEx_PrivilegeModeSet
                0x0000000008005a40       0x58 ./Drivers/STM32L5xx_HAL_Driver/Src/stm32l5xx_hal_rtc_ex.o
                0x0000000008005a40                HAL_RTCEx_PrivilegeModeSet
 .text.HAL_SD_Init
                0x0000000008005a98      0x106 ./Drivers/STM32L5xx_HAL_Driver/Src/stm32l5xx_hal_sd.o
                0x0000000008005a98                HAL_SD_Init
 *fill*         0x0000000008005b9e        0x2 
 .text.HAL_SD_InitCard
                0x0000000008005ba0      0x128 ./Drivers/STM32L5xx_HAL_Driver/Src/stm32l5xx_hal_sd.o
                0x0000000008005ba0                HAL_SD_InitCard
 .text.HAL_SD_ReadBlocks_DMA
                0x0000000008005cc8      0x150 ./Drivers/STM32L5xx_HAL_Driver/Src/stm32l5xx_hal_sd.o
                0x0000000008005cc8                HAL_SD_ReadBlocks_DMA
 .text.HAL_SD_WriteBlocks_DMA
                0x0000000008005e18      0x150 ./Drivers/STM32L5xx_HAL_Driver/Src/stm32l5xx_hal_sd.o
                0x0000000008005e18                HAL_SD_WriteBlocks_DMA
 .text.HAL_SD_IRQHandler
                0x0000000008005f68      0x36c ./Drivers/STM32L5xx_HAL_Driver/Src/stm32l5xx_hal_sd.o
                0x0000000008005f68                HAL_SD_IRQHandler
 .text.HAL_SD_ErrorCallback
                0x00000000080062d4       0x14 ./Drivers/STM32L5xx_HAL_Driver/Src/stm32l5xx_hal_sd.o
                0x00000000080062d4                HAL_SD_ErrorCallback
 .text.HAL_SD_GetCardCSD
                0x00000000080062e8      0x348 ./Drivers/STM32L5xx_HAL_Driver/Src/stm32l5xx_hal_sd.o
                0x00000000080062e8                HAL_SD_GetCardCSD
 .text.HAL_SD_GetCardStatus
                0x0000000008006630      0x17c ./Drivers/STM32L5xx_HAL_Driver/Src/stm32l5xx_hal_sd.o
                0x0000000008006630                HAL_SD_GetCardStatus
 .text.HAL_SD_GetCardInfo
                0x00000000080067ac       0x58 ./Drivers/STM32L5xx_HAL_Driver/Src/stm32l5xx_hal_sd.o
                0x00000000080067ac                HAL_SD_GetCardInfo
 .text.HAL_SD_ConfigWideBusOperation
                0x0000000008006804      0x220 ./Drivers/STM32L5xx_HAL_Driver/Src/stm32l5xx_hal_sd.o
                0x0000000008006804                HAL_SD_ConfigWideBusOperation
 .text.HAL_SD_GetCardState
                0x0000000008006a24       0x40 ./Drivers/STM32L5xx_HAL_Driver/Src/stm32l5xx_hal_sd.o
                0x0000000008006a24                HAL_SD_GetCardState
 .text.SD_InitCard
                0x0000000008006a64      0x19c ./Drivers/STM32L5xx_HAL_Driver/Src/stm32l5xx_hal_sd.o
 .text.SD_PowerON
                0x0000000008006c00      0x11c ./Drivers/STM32L5xx_HAL_Driver/Src/stm32l5xx_hal_sd.o
 .text.SD_SendSDStatus
                0x0000000008006d1c      0x1a0 ./Drivers/STM32L5xx_HAL_Driver/Src/stm32l5xx_hal_sd.o
 .text.SD_SendStatus
                0x0000000008006ebc       0x50 ./Drivers/STM32L5xx_HAL_Driver/Src/stm32l5xx_hal_sd.o
 .text.SD_WideBus_Enable
                0x0000000008006f0c       0x96 ./Drivers/STM32L5xx_HAL_Driver/Src/stm32l5xx_hal_sd.o
 .text.SD_WideBus_Disable
                0x0000000008006fa2       0x96 ./Drivers/STM32L5xx_HAL_Driver/Src/stm32l5xx_hal_sd.o
 .text.SD_FindSCR
                0x0000000008007038      0x1a0 ./Drivers/STM32L5xx_HAL_Driver/Src/stm32l5xx_hal_sd.o
 .text.SD_Read_IT
                0x00000000080071d8       0x8c ./Drivers/STM32L5xx_HAL_Driver/Src/stm32l5xx_hal_sd.o
 .text.SD_Write_IT
                0x0000000008007264       0x94 ./Drivers/STM32L5xx_HAL_Driver/Src/stm32l5xx_hal_sd.o
 .text.HAL_SDEx_Read_DMADoubleBuf0CpltCallback
                0x00000000080072f8       0x14 ./Drivers/STM32L5xx_HAL_Driver/Src/stm32l5xx_hal_sd.o
                0x00000000080072f8                HAL_SDEx_Read_DMADoubleBuf0CpltCallback
 .text.HAL_SDEx_Read_DMADoubleBuf1CpltCallback
                0x000000000800730c       0x14 ./Drivers/STM32L5xx_HAL_Driver/Src/stm32l5xx_hal_sd.o
                0x000000000800730c                HAL_SDEx_Read_DMADoubleBuf1CpltCallback
 .text.HAL_SDEx_Write_DMADoubleBuf0CpltCallback
                0x0000000008007320       0x14 ./Drivers/STM32L5xx_HAL_Driver/Src/stm32l5xx_hal_sd.o
                0x0000000008007320                HAL_SDEx_Write_DMADoubleBuf0CpltCallback
 .text.HAL_SDEx_Write_DMADoubleBuf1CpltCallback
                0x0000000008007334       0x14 ./Drivers/STM32L5xx_HAL_Driver/Src/stm32l5xx_hal_sd.o
                0x0000000008007334                HAL_SDEx_Write_DMADoubleBuf1CpltCallback
 .text.HAL_UART_Init
                0x0000000008007348       0xa0 ./Drivers/STM32L5xx_HAL_Driver/Src/stm32l5xx_hal_uart.o
                0x0000000008007348                HAL_UART_Init
 .text.HAL_UART_Transmit
                0x00000000080073e8      0x11c ./Drivers/STM32L5xx_HAL_Driver/Src/stm32l5xx_hal_uart.o
                0x00000000080073e8                HAL_UART_Transmit
 .text.HAL_UART_Transmit_DMA
                0x0000000008007504      0x100 ./Drivers/STM32L5xx_HAL_Driver/Src/stm32l5xx_hal_uart.o
                0x0000000008007504                HAL_UART_Transmit_DMA
 .text.HAL_UART_IRQHandler
                0x0000000008007604      0x648 ./Drivers/STM32L5xx_HAL_Driver/Src/stm32l5xx_hal_uart.o
                0x0000000008007604                HAL_UART_IRQHandler
 .text.HAL_UART_TxCpltCallback
                0x0000000008007c4c       0x14 ./Drivers/STM32L5xx_HAL_Driver/Src/stm32l5xx_hal_uart.o
                0x0000000008007c4c                HAL_UART_TxCpltCallback
 .text.HAL_UART_TxHalfCpltCallback
                0x0000000008007c60       0x14 ./Drivers/STM32L5xx_HAL_Driver/Src/stm32l5xx_hal_uart.o
                0x0000000008007c60                HAL_UART_TxHalfCpltCallback
 .text.HAL_UART_ErrorCallback
                0x0000000008007c74       0x14 ./Drivers/STM32L5xx_HAL_Driver/Src/stm32l5xx_hal_uart.o
                0x0000000008007c74                HAL_UART_ErrorCallback
 .text.HAL_UARTEx_RxEventCallback
                0x0000000008007c88       0x18 ./Drivers/STM32L5xx_HAL_Driver/Src/stm32l5xx_hal_uart.o
                0x0000000008007c88                HAL_UARTEx_RxEventCallback
 .text.UART_SetConfig
                0x0000000008007ca0      0x600 ./Drivers/STM32L5xx_HAL_Driver/Src/stm32l5xx_hal_uart.o
                0x0000000008007ca0                UART_SetConfig
 .text.UART_AdvFeatureConfig
                0x00000000080082a0      0x144 ./Drivers/STM32L5xx_HAL_Driver/Src/stm32l5xx_hal_uart.o
                0x00000000080082a0                UART_AdvFeatureConfig
 .text.UART_CheckIdleState
                0x00000000080083e4      0x154 ./Drivers/STM32L5xx_HAL_Driver/Src/stm32l5xx_hal_uart.o
                0x00000000080083e4                UART_CheckIdleState
 .text.UART_WaitOnFlagUntilTimeout
                0x0000000008008538       0xce ./Drivers/STM32L5xx_HAL_Driver/Src/stm32l5xx_hal_uart.o
                0x0000000008008538                UART_WaitOnFlagUntilTimeout
 .text.UART_EndTxTransfer
                0x0000000008008606       0x82 ./Drivers/STM32L5xx_HAL_Driver/Src/stm32l5xx_hal_uart.o
 .text.UART_EndRxTransfer
                0x0000000008008688       0xcc ./Drivers/STM32L5xx_HAL_Driver/Src/stm32l5xx_hal_uart.o
 .text.UART_DMATransmitCplt
                0x0000000008008754       0x9a ./Drivers/STM32L5xx_HAL_Driver/Src/stm32l5xx_hal_uart.o
 .text.UART_DMATxHalfCplt
                0x00000000080087ee       0x1c ./Drivers/STM32L5xx_HAL_Driver/Src/stm32l5xx_hal_uart.o
 .text.UART_DMAError
                0x000000000800880a       0x80 ./Drivers/STM32L5xx_HAL_Driver/Src/stm32l5xx_hal_uart.o
 .text.UART_DMAAbortOnError
                0x000000000800888a       0x2c ./Drivers/STM32L5xx_HAL_Driver/Src/stm32l5xx_hal_uart.o
 .text.UART_EndTransmit_IT
                0x00000000080088b6       0x56 ./Drivers/STM32L5xx_HAL_Driver/Src/stm32l5xx_hal_uart.o
 .text.HAL_UARTEx_WakeupCallback
                0x000000000800890c       0x14 ./Drivers/STM32L5xx_HAL_Driver/Src/stm32l5xx_hal_uart_ex.o
                0x000000000800890c                HAL_UARTEx_WakeupCallback
 .text.HAL_UARTEx_RxFifoFullCallback
                0x0000000008008920       0x14 ./Drivers/STM32L5xx_HAL_Driver/Src/stm32l5xx_hal_uart_ex.o
                0x0000000008008920                HAL_UARTEx_RxFifoFullCallback
 .text.HAL_UARTEx_TxFifoEmptyCallback
                0x0000000008008934       0x14 ./Drivers/STM32L5xx_HAL_Driver/Src/stm32l5xx_hal_uart_ex.o
                0x0000000008008934                HAL_UARTEx_TxFifoEmptyCallback
 .text.HAL_UARTEx_DisableFifoMode
                0x0000000008008948       0x72 ./Drivers/STM32L5xx_HAL_Driver/Src/stm32l5xx_hal_uart_ex.o
                0x0000000008008948                HAL_UARTEx_DisableFifoMode
 .text.HAL_UARTEx_SetTxFifoThreshold
                0x00000000080089ba       0x7c ./Drivers/STM32L5xx_HAL_Driver/Src/stm32l5xx_hal_uart_ex.o
                0x00000000080089ba                HAL_UARTEx_SetTxFifoThreshold
 .text.HAL_UARTEx_SetRxFifoThreshold
                0x0000000008008a36       0x7c ./Drivers/STM32L5xx_HAL_Driver/Src/stm32l5xx_hal_uart_ex.o
                0x0000000008008a36                HAL_UARTEx_SetRxFifoThreshold
 *fill*         0x0000000008008ab2        0x2 
 .text.UARTEx_SetNbDataToProcess
                0x0000000008008ab4       0x9c ./Drivers/STM32L5xx_HAL_Driver/Src/stm32l5xx_hal_uart_ex.o
 .text.SDMMC_Init
                0x0000000008008b50       0x54 ./Drivers/STM32L5xx_HAL_Driver/Src/stm32l5xx_ll_sdmmc.o
                0x0000000008008b50                SDMMC_Init
 .text.SDMMC_ReadFIFO
                0x0000000008008ba4       0x1a ./Drivers/STM32L5xx_HAL_Driver/Src/stm32l5xx_ll_sdmmc.o
                0x0000000008008ba4                SDMMC_ReadFIFO
 .text.SDMMC_WriteFIFO
                0x0000000008008bbe       0x22 ./Drivers/STM32L5xx_HAL_Driver/Src/stm32l5xx_ll_sdmmc.o
                0x0000000008008bbe                SDMMC_WriteFIFO
 .text.SDMMC_PowerState_ON
                0x0000000008008be0       0x22 ./Drivers/STM32L5xx_HAL_Driver/Src/stm32l5xx_ll_sdmmc.o
                0x0000000008008be0                SDMMC_PowerState_ON
 .text.SDMMC_GetPowerState
                0x0000000008008c02       0x1c ./Drivers/STM32L5xx_HAL_Driver/Src/stm32l5xx_ll_sdmmc.o
                0x0000000008008c02                SDMMC_GetPowerState
 *fill*         0x0000000008008c1e        0x2 
 .text.SDMMC_SendCommand
                0x0000000008008c20       0x54 ./Drivers/STM32L5xx_HAL_Driver/Src/stm32l5xx_ll_sdmmc.o
                0x0000000008008c20                SDMMC_SendCommand
 .text.SDMMC_GetCommandResponse
                0x0000000008008c74       0x1a ./Drivers/STM32L5xx_HAL_Driver/Src/stm32l5xx_ll_sdmmc.o
                0x0000000008008c74                SDMMC_GetCommandResponse
 .text.SDMMC_GetResponse
                0x0000000008008c8e       0x26 ./Drivers/STM32L5xx_HAL_Driver/Src/stm32l5xx_ll_sdmmc.o
                0x0000000008008c8e                SDMMC_GetResponse
 .text.SDMMC_ConfigData
                0x0000000008008cb4       0x58 ./Drivers/STM32L5xx_HAL_Driver/Src/stm32l5xx_ll_sdmmc.o
                0x0000000008008cb4                SDMMC_ConfigData
 .text.SDMMC_CmdBlockLength
                0x0000000008008d0c       0x46 ./Drivers/STM32L5xx_HAL_Driver/Src/stm32l5xx_ll_sdmmc.o
                0x0000000008008d0c                SDMMC_CmdBlockLength
 .text.SDMMC_CmdReadSingleBlock
                0x0000000008008d52       0x46 ./Drivers/STM32L5xx_HAL_Driver/Src/stm32l5xx_ll_sdmmc.o
                0x0000000008008d52                SDMMC_CmdReadSingleBlock
 .text.SDMMC_CmdReadMultiBlock
                0x0000000008008d98       0x46 ./Drivers/STM32L5xx_HAL_Driver/Src/stm32l5xx_ll_sdmmc.o
                0x0000000008008d98                SDMMC_CmdReadMultiBlock
 .text.SDMMC_CmdWriteSingleBlock
                0x0000000008008dde       0x46 ./Drivers/STM32L5xx_HAL_Driver/Src/stm32l5xx_ll_sdmmc.o
                0x0000000008008dde                SDMMC_CmdWriteSingleBlock
 .text.SDMMC_CmdWriteMultiBlock
                0x0000000008008e24       0x46 ./Drivers/STM32L5xx_HAL_Driver/Src/stm32l5xx_ll_sdmmc.o
                0x0000000008008e24                SDMMC_CmdWriteMultiBlock
 *fill*         0x0000000008008e6a        0x2 
 .text.SDMMC_CmdStopTransfer
                0x0000000008008e6c       0x78 ./Drivers/STM32L5xx_HAL_Driver/Src/stm32l5xx_ll_sdmmc.o
                0x0000000008008e6c                SDMMC_CmdStopTransfer
 .text.SDMMC_CmdSelDesel
                0x0000000008008ee4       0x46 ./Drivers/STM32L5xx_HAL_Driver/Src/stm32l5xx_ll_sdmmc.o
                0x0000000008008ee4                SDMMC_CmdSelDesel
 .text.SDMMC_CmdGoIdleState
                0x0000000008008f2a       0x3c ./Drivers/STM32L5xx_HAL_Driver/Src/stm32l5xx_ll_sdmmc.o
                0x0000000008008f2a                SDMMC_CmdGoIdleState
 .text.SDMMC_CmdOperCond
                0x0000000008008f66       0x40 ./Drivers/STM32L5xx_HAL_Driver/Src/stm32l5xx_ll_sdmmc.o
                0x0000000008008f66                SDMMC_CmdOperCond
 .text.SDMMC_CmdAppCommand
                0x0000000008008fa6       0x46 ./Drivers/STM32L5xx_HAL_Driver/Src/stm32l5xx_ll_sdmmc.o
                0x0000000008008fa6                SDMMC_CmdAppCommand
 .text.SDMMC_CmdAppOperCommand
                0x0000000008008fec       0x40 ./Drivers/STM32L5xx_HAL_Driver/Src/stm32l5xx_ll_sdmmc.o
                0x0000000008008fec                SDMMC_CmdAppOperCommand
 .text.SDMMC_CmdBusWidth
                0x000000000800902c       0x46 ./Drivers/STM32L5xx_HAL_Driver/Src/stm32l5xx_ll_sdmmc.o
                0x000000000800902c                SDMMC_CmdBusWidth
 .text.SDMMC_CmdSendSCR
                0x0000000008009072       0x44 ./Drivers/STM32L5xx_HAL_Driver/Src/stm32l5xx_ll_sdmmc.o
                0x0000000008009072                SDMMC_CmdSendSCR
 .text.SDMMC_CmdSendCID
                0x00000000080090b6       0x3e ./Drivers/STM32L5xx_HAL_Driver/Src/stm32l5xx_ll_sdmmc.o
                0x00000000080090b6                SDMMC_CmdSendCID
 .text.SDMMC_CmdSendCSD
                0x00000000080090f4       0x40 ./Drivers/STM32L5xx_HAL_Driver/Src/stm32l5xx_ll_sdmmc.o
                0x00000000080090f4                SDMMC_CmdSendCSD
 .text.SDMMC_CmdSetRelAdd
                0x0000000008009134       0x44 ./Drivers/STM32L5xx_HAL_Driver/Src/stm32l5xx_ll_sdmmc.o
                0x0000000008009134                SDMMC_CmdSetRelAdd
 .text.SDMMC_CmdSendStatus
                0x0000000008009178       0x46 ./Drivers/STM32L5xx_HAL_Driver/Src/stm32l5xx_ll_sdmmc.o
                0x0000000008009178                SDMMC_CmdSendStatus
 .text.SDMMC_CmdStatusRegister
                0x00000000080091be       0x44 ./Drivers/STM32L5xx_HAL_Driver/Src/stm32l5xx_ll_sdmmc.o
                0x00000000080091be                SDMMC_CmdStatusRegister
 *fill*         0x0000000008009202        0x2 
 .text.SDMMC_GetCmdResp1
                0x0000000008009204      0x1e4 ./Drivers/STM32L5xx_HAL_Driver/Src/stm32l5xx_ll_sdmmc.o
                0x0000000008009204                SDMMC_GetCmdResp1
 .text.SDMMC_GetCmdResp2
                0x00000000080093e8       0x94 ./Drivers/STM32L5xx_HAL_Driver/Src/stm32l5xx_ll_sdmmc.o
                0x00000000080093e8                SDMMC_GetCmdResp2
 .text.SDMMC_GetCmdResp3
                0x000000000800947c       0x80 ./Drivers/STM32L5xx_HAL_Driver/Src/stm32l5xx_ll_sdmmc.o
                0x000000000800947c                SDMMC_GetCmdResp3
 .text.SDMMC_GetCmdResp6
                0x00000000080094fc       0xf0 ./Drivers/STM32L5xx_HAL_Driver/Src/stm32l5xx_ll_sdmmc.o
                0x00000000080094fc                SDMMC_GetCmdResp6
 .text.SDMMC_GetCmdResp7
                0x00000000080095ec       0x9c ./Drivers/STM32L5xx_HAL_Driver/Src/stm32l5xx_ll_sdmmc.o
                0x00000000080095ec                SDMMC_GetCmdResp7
 .text.SDMMC_GetCmdError
                0x0000000008009688       0x5c ./Drivers/STM32L5xx_HAL_Driver/Src/stm32l5xx_ll_sdmmc.o
 .text.MX_FATFS_Init
                0x00000000080096e4       0x30 ./FATFS/App/app_fatfs.o
                0x00000000080096e4                MX_FATFS_Init
 .text.get_fattime
                0x0000000008009714       0x10 ./FATFS/App/app_fatfs.o
                0x0000000008009714                get_fattime
 .text.SD_initialize
                0x0000000008009724       0x90 ./FATFS/Target/sd_diskio.o
                0x0000000008009724                SD_initialize
 .text.SD_status
                0x00000000080097b4       0x2c ./FATFS/Target/sd_diskio.o
                0x00000000080097b4                SD_status
 .text.SD_read  0x00000000080097e0       0x7c ./FATFS/Target/sd_diskio.o
                0x00000000080097e0                SD_read
 .text.SD_write
                0x000000000800985c       0x7c ./FATFS/Target/sd_diskio.o
                0x000000000800985c                SD_write
 .text.SD_ioctl
                0x00000000080098d8       0xb8 ./FATFS/Target/sd_diskio.o
                0x00000000080098d8                SD_ioctl
 .text.disk_status
                0x0000000008009990       0x34 ./Middlewares/Third_Party/FatFs/src/diskio.o
                0x0000000008009990                disk_status
 .text.disk_initialize
                0x00000000080099c4       0x4c ./Middlewares/Third_Party/FatFs/src/diskio.o
                0x00000000080099c4                disk_initialize
 .text.disk_read
                0x0000000008009a10       0x40 ./Middlewares/Third_Party/FatFs/src/diskio.o
                0x0000000008009a10                disk_read
 .text.disk_write
                0x0000000008009a50       0x40 ./Middlewares/Third_Party/FatFs/src/diskio.o
                0x0000000008009a50                disk_write
 .text.disk_ioctl
                0x0000000008009a90       0x3c ./Middlewares/Third_Party/FatFs/src/diskio.o
                0x0000000008009a90                disk_ioctl
 .text.ld_word  0x0000000008009acc       0x30 ./Middlewares/Third_Party/FatFs/src/ff.o
 .text.ld_dword
                0x0000000008009afc       0x46 ./Middlewares/Third_Party/FatFs/src/ff.o
 .text.ld_qword
                0x0000000008009b42      0x1b6 ./Middlewares/Third_Party/FatFs/src/ff.o
 .text.st_word  0x0000000008009cf8       0x36 ./Middlewares/Third_Party/FatFs/src/ff.o
 .text.st_dword
                0x0000000008009d2e       0x58 ./Middlewares/Third_Party/FatFs/src/ff.o
 .text.st_qword
                0x0000000008009d86      0x110 ./Middlewares/Third_Party/FatFs/src/ff.o
 .text.mem_cpy  0x0000000008009e96       0x42 ./Middlewares/Third_Party/FatFs/src/ff.o
 .text.mem_set  0x0000000008009ed8       0x36 ./Middlewares/Third_Party/FatFs/src/ff.o
 .text.mem_cmp  0x0000000008009f0e       0x4e ./Middlewares/Third_Party/FatFs/src/ff.o
 .text.chk_chr  0x0000000008009f5c       0x36 ./Middlewares/Third_Party/FatFs/src/ff.o
 *fill*         0x0000000008009f92        0x2 
 .text.chk_lock
                0x0000000008009f94       0xb8 ./Middlewares/Third_Party/FatFs/src/ff.o
 .text.enq_lock
                0x000000000800a04c       0x44 ./Middlewares/Third_Party/FatFs/src/ff.o
 .text.inc_lock
                0x000000000800a090      0x11c ./Middlewares/Third_Party/FatFs/src/ff.o
 .text.dec_lock
                0x000000000800a1ac       0x78 ./Middlewares/Third_Party/FatFs/src/ff.o
 .text.clear_lock
                0x000000000800a224       0x48 ./Middlewares/Third_Party/FatFs/src/ff.o
 .text.sync_window
                0x000000000800a26c       0x88 ./Middlewares/Third_Party/FatFs/src/ff.o
 .text.move_window
                0x000000000800a2f4       0x5a ./Middlewares/Third_Party/FatFs/src/ff.o
 *fill*         0x000000000800a34e        0x2 
 .text.sync_fs  0x000000000800a350       0xdc ./Middlewares/Third_Party/FatFs/src/ff.o
 .text.clust2sect
                0x000000000800a42c       0x3e ./Middlewares/Third_Party/FatFs/src/ff.o
 *fill*         0x000000000800a46a        0x2 
 .text.get_fat  0x000000000800a46c      0x234 ./Middlewares/Third_Party/FatFs/src/ff.o
 .text.put_fat  0x000000000800a6a0      0x1e0 ./Middlewares/Third_Party/FatFs/src/ff.o
 .text.find_bitmap
                0x000000000800a880       0xf8 ./Middlewares/Third_Party/FatFs/src/ff.o
 .text.change_bitmap
                0x000000000800a978       0xd4 ./Middlewares/Third_Party/FatFs/src/ff.o
 .text.fill_first_frag
                0x000000000800aa4c       0x5e ./Middlewares/Third_Party/FatFs/src/ff.o
 .text.fill_last_frag
                0x000000000800aaaa       0x62 ./Middlewares/Third_Party/FatFs/src/ff.o
 .text.remove_chain
                0x000000000800ab0c      0x168 ./Middlewares/Third_Party/FatFs/src/ff.o
 .text.create_chain
                0x000000000800ac74      0x202 ./Middlewares/Third_Party/FatFs/src/ff.o
 .text.clmt_clust
                0x000000000800ae76       0x88 ./Middlewares/Third_Party/FatFs/src/ff.o
 .text.dir_sdi  0x000000000800aefe      0x10c ./Middlewares/Third_Party/FatFs/src/ff.o
 .text.dir_next
                0x000000000800b00a      0x1aa ./Middlewares/Third_Party/FatFs/src/ff.o
 .text.dir_alloc
                0x000000000800b1b4       0xb8 ./Middlewares/Third_Party/FatFs/src/ff.o
 .text.ld_clust
                0x000000000800b26c       0x3e ./Middlewares/Third_Party/FatFs/src/ff.o
 .text.st_clust
                0x000000000800b2aa       0x40 ./Middlewares/Third_Party/FatFs/src/ff.o
 *fill*         0x000000000800b2ea        0x2 
 .text.cmp_lfn  0x000000000800b2ec       0xe0 ./Middlewares/Third_Party/FatFs/src/ff.o
 .text.pick_lfn
                0x000000000800b3cc       0xc8 ./Middlewares/Third_Party/FatFs/src/ff.o
 .text.put_lfn  0x000000000800b494       0xd0 ./Middlewares/Third_Party/FatFs/src/ff.o
 .text.gen_numname
                0x000000000800b564      0x11c ./Middlewares/Third_Party/FatFs/src/ff.o
 .text.sum_sfn  0x000000000800b680       0x42 ./Middlewares/Third_Party/FatFs/src/ff.o
 .text.xdir_sum
                0x000000000800b6c2       0x66 ./Middlewares/Third_Party/FatFs/src/ff.o
 .text.xname_sum
                0x000000000800b728       0x68 ./Middlewares/Third_Party/FatFs/src/ff.o
 .text.load_xdir
                0x000000000800b790      0x17c ./Middlewares/Third_Party/FatFs/src/ff.o
 .text.load_obj_dir
                0x000000000800b90c       0x6c ./Middlewares/Third_Party/FatFs/src/ff.o
 .text.store_xdir
                0x000000000800b978       0xb6 ./Middlewares/Third_Party/FatFs/src/ff.o
 .text.create_xdir
                0x000000000800ba2e       0xce ./Middlewares/Third_Party/FatFs/src/ff.o
 .text.dir_read
                0x000000000800bafc      0x18e ./Middlewares/Third_Party/FatFs/src/ff.o
 .text.dir_find
                0x000000000800bc8a      0x252 ./Middlewares/Third_Party/FatFs/src/ff.o
 .text.dir_register
                0x000000000800bedc      0x34c ./Middlewares/Third_Party/FatFs/src/ff.o
 .text.create_name
                0x000000000800c228      0x370 ./Middlewares/Third_Party/FatFs/src/ff.o
 .text.follow_path
                0x000000000800c598      0x152 ./Middlewares/Third_Party/FatFs/src/ff.o
 .text.get_ldnumber
                0x000000000800c6ea       0x88 ./Middlewares/Third_Party/FatFs/src/ff.o
 *fill*         0x000000000800c772        0x2 
 .text.check_fs
                0x000000000800c774       0xc8 ./Middlewares/Third_Party/FatFs/src/ff.o
 .text.find_volume
                0x000000000800c83c      0x6a4 ./Middlewares/Third_Party/FatFs/src/ff.o
 .text.validate
                0x000000000800cee0       0x6a ./Middlewares/Third_Party/FatFs/src/ff.o
 *fill*         0x000000000800cf4a        0x2 
 .text.f_mount  0x000000000800cf4c       0x8c ./Middlewares/Third_Party/FatFs/src/ff.o
                0x000000000800cf4c                f_mount
 .text.f_open   0x000000000800cfd8      0x5bc ./Middlewares/Third_Party/FatFs/src/ff.o
                0x000000000800cfd8                f_open
 .text.f_write  0x000000000800d594      0x368 ./Middlewares/Third_Party/FatFs/src/ff.o
                0x000000000800d594                f_write
 .text.f_sync   0x000000000800d8fc      0x264 ./Middlewares/Third_Party/FatFs/src/ff.o
                0x000000000800d8fc                f_sync
 .text.f_close  0x000000000800db60       0x54 ./Middlewares/Third_Party/FatFs/src/ff.o
                0x000000000800db60                f_close
 .text.FATFS_LinkDriverEx
                0x000000000800dbb4       0x98 ./Middlewares/Third_Party/FatFs/src/ff_gen_drv.o
                0x000000000800dbb4                FATFS_LinkDriverEx
 .text.FATFS_LinkDriver
                0x000000000800dc4c       0x1e ./Middlewares/Third_Party/FatFs/src/ff_gen_drv.o
                0x000000000800dc4c                FATFS_LinkDriver
 *fill*         0x000000000800dc6a        0x2 
 .text.ff_convert
                0x000000000800dc6c       0x78 ./Middlewares/Third_Party/FatFs/src/option/ccsbcs.o
                0x000000000800dc6c                ff_convert
 .text.ff_wtoupper
                0x000000000800dce4      0x114 ./Middlewares/Third_Party/FatFs/src/option/ccsbcs.o
                0x000000000800dce4                ff_wtoupper
 .text.ff_memalloc
                0x000000000800ddf8       0x18 ./Middlewares/Third_Party/FatFs/src/option/syscall.o
                0x000000000800ddf8                ff_memalloc
 .text.ff_memfree
                0x000000000800de10       0x16 ./Middlewares/Third_Party/FatFs/src/option/syscall.o
                0x000000000800de10                ff_memfree
 *fill*         0x000000000800de26        0x2 
 .text.__errno  0x000000000800de28        0xc c:/st/stm32cubeide/stm32cubeide/plugins/com.st.stm32cube.ide.mcu.externaltools.gnu-tools-for-stm32.10.3-2021.10.win32_1.0.200.202301161003/tools/bin/../lib/gcc/arm-none-eabi/10.3.1/../../../../arm-none-eabi/lib/thumb/v8-m.main+fp/hard\libc_nano.a(lib_a-errno.o)
                0x000000000800de28                __errno
 .text.__libc_init_array
                0x000000000800de34       0x48 c:/st/stm32cubeide/stm32cubeide/plugins/com.st.stm32cube.ide.mcu.externaltools.gnu-tools-for-stm32.10.3-2021.10.win32_1.0.200.202301161003/tools/bin/../lib/gcc/arm-none-eabi/10.3.1/../../../../arm-none-eabi/lib/thumb/v8-m.main+fp/hard\libc_nano.a(lib_a-init.o)
                0x000000000800de34                __libc_init_array
 .text.malloc   0x000000000800de7c       0x10 c:/st/stm32cubeide/stm32cubeide/plugins/com.st.stm32cube.ide.mcu.externaltools.gnu-tools-for-stm32.10.3-2021.10.win32_1.0.200.202301161003/tools/bin/../lib/gcc/arm-none-eabi/10.3.1/../../../../arm-none-eabi/lib/thumb/v8-m.main+fp/hard\libc_nano.a(lib_a-malloc.o)
                0x000000000800de7c                malloc
 .text.free     0x000000000800de8c       0x10 c:/st/stm32cubeide/stm32cubeide/plugins/com.st.stm32cube.ide.mcu.externaltools.gnu-tools-for-stm32.10.3-2021.10.win32_1.0.200.202301161003/tools/bin/../lib/gcc/arm-none-eabi/10.3.1/../../../../arm-none-eabi/lib/thumb/v8-m.main+fp/hard\libc_nano.a(lib_a-malloc.o)
                0x000000000800de8c                free
 .text.memset   0x000000000800de9c       0x10 c:/st/stm32cubeide/stm32cubeide/plugins/com.st.stm32cube.ide.mcu.externaltools.gnu-tools-for-stm32.10.3-2021.10.win32_1.0.200.202301161003/tools/bin/../lib/gcc/arm-none-eabi/10.3.1/../../../../arm-none-eabi/lib/thumb/v8-m.main+fp/hard\libc_nano.a(lib_a-memset.o)
                0x000000000800de9c                memset
 .text._free_r  0x000000000800deac       0x98 c:/st/stm32cubeide/stm32cubeide/plugins/com.st.stm32cube.ide.mcu.externaltools.gnu-tools-for-stm32.10.3-2021.10.win32_1.0.200.202301161003/tools/bin/../lib/gcc/arm-none-eabi/10.3.1/../../../../arm-none-eabi/lib/thumb/v8-m.main+fp/hard\libc_nano.a(lib_a-nano-freer.o)
                0x000000000800deac                _free_r
 .text.sbrk_aligned
                0x000000000800df44       0x40 c:/st/stm32cubeide/stm32cubeide/plugins/com.st.stm32cube.ide.mcu.externaltools.gnu-tools-for-stm32.10.3-2021.10.win32_1.0.200.202301161003/tools/bin/../lib/gcc/arm-none-eabi/10.3.1/../../../../arm-none-eabi/lib/thumb/v8-m.main+fp/hard\libc_nano.a(lib_a-nano-mallocr.o)
 .text._malloc_r
                0x000000000800df84       0xe8 c:/st/stm32cubeide/stm32cubeide/plugins/com.st.stm32cube.ide.mcu.externaltools.gnu-tools-for-stm32.10.3-2021.10.win32_1.0.200.202301161003/tools/bin/../lib/gcc/arm-none-eabi/10.3.1/../../../../arm-none-eabi/lib/thumb/v8-m.main+fp/hard\libc_nano.a(lib_a-nano-mallocr.o)
                0x000000000800df84                _malloc_r
 .text._sbrk_r  0x000000000800e06c       0x20 c:/st/stm32cubeide/stm32cubeide/plugins/com.st.stm32cube.ide.mcu.externaltools.gnu-tools-for-stm32.10.3-2021.10.win32_1.0.200.202301161003/tools/bin/../lib/gcc/arm-none-eabi/10.3.1/../../../../arm-none-eabi/lib/thumb/v8-m.main+fp/hard\libc_nano.a(lib_a-sbrkr.o)
                0x000000000800e06c                _sbrk_r
 .text.sprintf  0x000000000800e08c       0x40 c:/st/stm32cubeide/stm32cubeide/plugins/com.st.stm32cube.ide.mcu.externaltools.gnu-tools-for-stm32.10.3-2021.10.win32_1.0.200.202301161003/tools/bin/../lib/gcc/arm-none-eabi/10.3.1/../../../../arm-none-eabi/lib/thumb/v8-m.main+fp/hard\libc_nano.a(lib_a-sprintf.o)
                0x000000000800e08c                siprintf
                0x000000000800e08c                sprintf
 .text.__malloc_lock
                0x000000000800e0cc        0xc c:/st/stm32cubeide/stm32cubeide/plugins/com.st.stm32cube.ide.mcu.externaltools.gnu-tools-for-stm32.10.3-2021.10.win32_1.0.200.202301161003/tools/bin/../lib/gcc/arm-none-eabi/10.3.1/../../../../arm-none-eabi/lib/thumb/v8-m.main+fp/hard\libc_nano.a(lib_a-mlock.o)
                0x000000000800e0cc                __malloc_lock
 .text.__malloc_unlock
                0x000000000800e0d8        0xc c:/st/stm32cubeide/stm32cubeide/plugins/com.st.stm32cube.ide.mcu.externaltools.gnu-tools-for-stm32.10.3-2021.10.win32_1.0.200.202301161003/tools/bin/../lib/gcc/arm-none-eabi/10.3.1/../../../../arm-none-eabi/lib/thumb/v8-m.main+fp/hard\libc_nano.a(lib_a-mlock.o)
                0x000000000800e0d8                __malloc_unlock
 .text.__ssputs_r
                0x000000000800e0e4       0xb6 c:/st/stm32cubeide/stm32cubeide/plugins/com.st.stm32cube.ide.mcu.externaltools.gnu-tools-for-stm32.10.3-2021.10.win32_1.0.200.202301161003/tools/bin/../lib/gcc/arm-none-eabi/10.3.1/../../../../arm-none-eabi/lib/thumb/v8-m.main+fp/hard\libc_nano.a(lib_a-nano-svfprintf.o)
                0x000000000800e0e4                __ssputs_r
 *fill*         0x000000000800e19a        0x2 
 .text._svfprintf_r
                0x000000000800e19c      0x200 c:/st/stm32cubeide/stm32cubeide/plugins/com.st.stm32cube.ide.mcu.externaltools.gnu-tools-for-stm32.10.3-2021.10.win32_1.0.200.202301161003/tools/bin/../lib/gcc/arm-none-eabi/10.3.1/../../../../arm-none-eabi/lib/thumb/v8-m.main+fp/hard\libc_nano.a(lib_a-nano-svfprintf.o)
                0x000000000800e19c                _svfiprintf_r
                0x000000000800e19c                _svfprintf_r
 .text._printf_common
                0x000000000800e39c       0xe0 c:/st/stm32cubeide/stm32cubeide/plugins/com.st.stm32cube.ide.mcu.externaltools.gnu-tools-for-stm32.10.3-2021.10.win32_1.0.200.202301161003/tools/bin/../lib/gcc/arm-none-eabi/10.3.1/../../../../arm-none-eabi/lib/thumb/v8-m.main+fp/hard\libc_nano.a(lib_a-nano-vfprintf_i.o)
                0x000000000800e39c                _printf_common
 .text._printf_i
                0x000000000800e47c      0x24c c:/st/stm32cubeide/stm32cubeide/plugins/com.st.stm32cube.ide.mcu.externaltools.gnu-tools-for-stm32.10.3-2021.10.win32_1.0.200.202301161003/tools/bin/../lib/gcc/arm-none-eabi/10.3.1/../../../../arm-none-eabi/lib/thumb/v8-m.main+fp/hard\libc_nano.a(lib_a-nano-vfprintf_i.o)
                0x000000000800e47c                _printf_i
 .text.__retarget_lock_acquire_recursive
                0x000000000800e6c8        0x2 c:/st/stm32cubeide/stm32cubeide/plugins/com.st.stm32cube.ide.mcu.externaltools.gnu-tools-for-stm32.10.3-2021.10.win32_1.0.200.202301161003/tools/bin/../lib/gcc/arm-none-eabi/10.3.1/../../../../arm-none-eabi/lib/thumb/v8-m.main+fp/hard\libc_nano.a(lib_a-lock.o)
                0x000000000800e6c8                __retarget_lock_acquire_recursive
 .text.__retarget_lock_release_recursive
                0x000000000800e6ca        0x2 c:/st/stm32cubeide/stm32cubeide/plugins/com.st.stm32cube.ide.mcu.externaltools.gnu-tools-for-stm32.10.3-2021.10.win32_1.0.200.202301161003/tools/bin/../lib/gcc/arm-none-eabi/10.3.1/../../../../arm-none-eabi/lib/thumb/v8-m.main+fp/hard\libc_nano.a(lib_a-lock.o)
                0x000000000800e6ca                __retarget_lock_release_recursive
 .text.memchr   0x000000000800e6cc       0x1c c:/st/stm32cubeide/stm32cubeide/plugins/com.st.stm32cube.ide.mcu.externaltools.gnu-tools-for-stm32.10.3-2021.10.win32_1.0.200.202301161003/tools/bin/../lib/gcc/arm-none-eabi/10.3.1/../../../../arm-none-eabi/lib/thumb/v8-m.main+fp/hard\libc_nano.a(lib_a-memchr-stub.o)
                0x000000000800e6cc                memchr
 .text.memcpy   0x000000000800e6e8       0x1a c:/st/stm32cubeide/stm32cubeide/plugins/com.st.stm32cube.ide.mcu.externaltools.gnu-tools-for-stm32.10.3-2021.10.win32_1.0.200.202301161003/tools/bin/../lib/gcc/arm-none-eabi/10.3.1/../../../../arm-none-eabi/lib/thumb/v8-m.main+fp/hard\libc_nano.a(lib_a-memcpy-stub.o)
                0x000000000800e6e8                memcpy
 .text.memmove  0x000000000800e702       0x34 c:/st/stm32cubeide/stm32cubeide/plugins/com.st.stm32cube.ide.mcu.externaltools.gnu-tools-for-stm32.10.3-2021.10.win32_1.0.200.202301161003/tools/bin/../lib/gcc/arm-none-eabi/10.3.1/../../../../arm-none-eabi/lib/thumb/v8-m.main+fp/hard\libc_nano.a(lib_a-memmove.o)
                0x000000000800e702                memmove
 .text._realloc_r
                0x000000000800e736       0x5e c:/st/stm32cubeide/stm32cubeide/plugins/com.st.stm32cube.ide.mcu.externaltools.gnu-tools-for-stm32.10.3-2021.10.win32_1.0.200.202301161003/tools/bin/../lib/gcc/arm-none-eabi/10.3.1/../../../../arm-none-eabi/lib/thumb/v8-m.main+fp/hard\libc_nano.a(lib_a-nano-reallocr.o)
                0x000000000800e736                _realloc_r
 .text._malloc_usable_size_r
                0x000000000800e794       0x10 c:/st/stm32cubeide/stm32cubeide/plugins/com.st.stm32cube.ide.mcu.externaltools.gnu-tools-for-stm32.10.3-2021.10.win32_1.0.200.202301161003/tools/bin/../lib/gcc/arm-none-eabi/10.3.1/../../../../arm-none-eabi/lib/thumb/v8-m.main+fp/hard\libc_nano.a(lib_a-nano-msizer.o)
                0x000000000800e794                _malloc_usable_size_r
 *(.glue_7)
 .glue_7        0x000000000800e7a4        0x0 linker stubs
 *(.glue_7t)
 .glue_7t       0x000000000800e7a4        0x0 linker stubs
 *(.eh_frame)
 .eh_frame      0x000000000800e7a4        0x0 c:/st/stm32cubeide/stm32cubeide/plugins/com.st.stm32cube.ide.mcu.externaltools.gnu-tools-for-stm32.10.3-2021.10.win32_1.0.200.202301161003/tools/bin/../lib/gcc/arm-none-eabi/10.3.1/thumb/v8-m.main+fp/hard/crtbegin.o
 *(.init)
 .init          0x000000000800e7a4        0x4 c:/st/stm32cubeide/stm32cubeide/plugins/com.st.stm32cube.ide.mcu.externaltools.gnu-tools-for-stm32.10.3-2021.10.win32_1.0.200.202301161003/tools/bin/../lib/gcc/arm-none-eabi/10.3.1/thumb/v8-m.main+fp/hard/crti.o
                0x000000000800e7a4                _init
 .init          0x000000000800e7a8        0x8 c:/st/stm32cubeide/stm32cubeide/plugins/com.st.stm32cube.ide.mcu.externaltools.gnu-tools-for-stm32.10.3-2021.10.win32_1.0.200.202301161003/tools/bin/../lib/gcc/arm-none-eabi/10.3.1/thumb/v8-m.main+fp/hard/crtn.o
 *(.fini)
 .fini          0x000000000800e7b0        0x4 c:/st/stm32cubeide/stm32cubeide/plugins/com.st.stm32cube.ide.mcu.externaltools.gnu-tools-for-stm32.10.3-2021.10.win32_1.0.200.202301161003/tools/bin/../lib/gcc/arm-none-eabi/10.3.1/thumb/v8-m.main+fp/hard/crti.o
                0x000000000800e7b0                _fini
 .fini          0x000000000800e7b4        0x8 c:/st/stm32cubeide/stm32cubeide/plugins/com.st.stm32cube.ide.mcu.externaltools.gnu-tools-for-stm32.10.3-2021.10.win32_1.0.200.202301161003/tools/bin/../lib/gcc/arm-none-eabi/10.3.1/thumb/v8-m.main+fp/hard/crtn.o
                0x000000000800e7bc                . = ALIGN (0x4)
                0x000000000800e7bc                _etext = .

.vfp11_veneer   0x000000000800e7bc        0x0
 .vfp11_veneer  0x000000000800e7bc        0x0 linker stubs

.v4_bx          0x000000000800e7bc        0x0
 .v4_bx         0x000000000800e7bc        0x0 linker stubs

.iplt           0x000000000800e7bc        0x0
 .iplt          0x000000000800e7bc        0x0 c:/st/stm32cubeide/stm32cubeide/plugins/com.st.stm32cube.ide.mcu.externaltools.gnu-tools-for-stm32.10.3-2021.10.win32_1.0.200.202301161003/tools/bin/../lib/gcc/arm-none-eabi/10.3.1/thumb/v8-m.main+fp/hard/crtbegin.o

.rodata         0x000000000800e7bc      0x638
                0x000000000800e7bc                . = ALIGN (0x4)
 *(.rodata)
 .rodata        0x000000000800e7bc        0x7 ./Core/Src/dbg.o
 *fill*         0x000000000800e7c3        0x1 
 .rodata        0x000000000800e7c4       0x98 ./Core/Src/main.o
 .rodata        0x000000000800e85c       0x39 ./FATFS/Target/sd_diskio.o
 *fill*         0x000000000800e895        0x3 
 .rodata        0x000000000800e898       0x54 ./Middlewares/Third_Party/FatFs/src/ff.o
 *(.rodata*)
 .rodata.AHBPrescTable
                0x000000000800e8ec       0x10 ./Core/Src/system_stm32l5xx.o
                0x000000000800e8ec                AHBPrescTable
 .rodata.APBPrescTable
                0x000000000800e8fc        0x8 ./Core/Src/system_stm32l5xx.o
                0x000000000800e8fc                APBPrescTable
 .rodata.MSIRangeTable
                0x000000000800e904       0x40 ./Core/Src/system_stm32l5xx.o
                0x000000000800e904                MSIRangeTable
 .rodata.UARTPrescTable
                0x000000000800e944       0x18 ./Drivers/STM32L5xx_HAL_Driver/Src/stm32l5xx_hal_uart.o
                0x000000000800e944                UARTPrescTable
 .rodata.numerator.1
                0x000000000800e95c        0x8 ./Drivers/STM32L5xx_HAL_Driver/Src/stm32l5xx_hal_uart_ex.o
 .rodata.denominator.0
                0x000000000800e964        0x8 ./Drivers/STM32L5xx_HAL_Driver/Src/stm32l5xx_hal_uart_ex.o
 .rodata.SD_Driver
                0x000000000800e96c       0x14 ./FATFS/Target/sd_diskio.o
                0x000000000800e96c                SD_Driver
 .rodata.ExCvt  0x000000000800e980       0x80 ./Middlewares/Third_Party/FatFs/src/ff.o
 .rodata.LfnOfs
                0x000000000800ea00        0xd ./Middlewares/Third_Party/FatFs/src/ff.o
 *fill*         0x000000000800ea0d        0x3 
 .rodata.Tbl    0x000000000800ea10      0x100 ./Middlewares/Third_Party/FatFs/src/option/ccsbcs.o
 .rodata.cvt1.1
                0x000000000800eb10      0x1f2 ./Middlewares/Third_Party/FatFs/src/option/ccsbcs.o
 *fill*         0x000000000800ed02        0x2 
 .rodata.cvt2.0
                0x000000000800ed04       0xbc ./Middlewares/Third_Party/FatFs/src/option/ccsbcs.o
 .rodata._svfprintf_r.str1.1
                0x000000000800edc0       0x11 c:/st/stm32cubeide/stm32cubeide/plugins/com.st.stm32cube.ide.mcu.externaltools.gnu-tools-for-stm32.10.3-2021.10.win32_1.0.200.202301161003/tools/bin/../lib/gcc/arm-none-eabi/10.3.1/../../../../arm-none-eabi/lib/thumb/v8-m.main+fp/hard\libc_nano.a(lib_a-nano-svfprintf.o)
 .rodata._printf_i.str1.1
                0x000000000800edd1       0x22 c:/st/stm32cubeide/stm32cubeide/plugins/com.st.stm32cube.ide.mcu.externaltools.gnu-tools-for-stm32.10.3-2021.10.win32_1.0.200.202301161003/tools/bin/../lib/gcc/arm-none-eabi/10.3.1/../../../../arm-none-eabi/lib/thumb/v8-m.main+fp/hard\libc_nano.a(lib_a-nano-vfprintf_i.o)
                0x000000000800edf4                . = ALIGN (0x4)
 *fill*         0x000000000800edf3        0x1 

.ARM.extab      0x000000000800edf4        0x0
                0x000000000800edf4                . = ALIGN (0x4)
 *(.ARM.extab* .gnu.linkonce.armextab.*)
                0x000000000800edf4                . = ALIGN (0x4)

.ARM            0x000000000800edf4        0x8
                0x000000000800edf4                . = ALIGN (0x4)
                0x000000000800edf4                __exidx_start = .
 *(.ARM.exidx*)
 .ARM.exidx     0x000000000800edf4        0x8 c:/st/stm32cubeide/stm32cubeide/plugins/com.st.stm32cube.ide.mcu.externaltools.gnu-tools-for-stm32.10.3-2021.10.win32_1.0.200.202301161003/tools/bin/../lib/gcc/arm-none-eabi/10.3.1/thumb/v8-m.main+fp/hard\libgcc.a(_udivmoddi4.o)
                0x000000000800edfc                __exidx_end = .
                0x000000000800edfc                . = ALIGN (0x4)

.rel.dyn        0x000000000800edfc        0x0
 .rel.iplt      0x000000000800edfc        0x0 c:/st/stm32cubeide/stm32cubeide/plugins/com.st.stm32cube.ide.mcu.externaltools.gnu-tools-for-stm32.10.3-2021.10.win32_1.0.200.202301161003/tools/bin/../lib/gcc/arm-none-eabi/10.3.1/thumb/v8-m.main+fp/hard/crtbegin.o

.preinit_array  0x000000000800edfc        0x0
                0x000000000800edfc                . = ALIGN (0x4)
                0x000000000800edfc                PROVIDE (__preinit_array_start = .)
 *(.preinit_array*)
                0x000000000800edfc                PROVIDE (__preinit_array_end = .)
                0x000000000800edfc                . = ALIGN (0x4)

.init_array     0x000000000800edfc        0x4
                0x000000000800edfc                . = ALIGN (0x4)
                0x000000000800edfc                PROVIDE (__init_array_start = .)
 *(SORT_BY_NAME(.init_array.*))
 *(.init_array*)
 .init_array    0x000000000800edfc        0x4 c:/st/stm32cubeide/stm32cubeide/plugins/com.st.stm32cube.ide.mcu.externaltools.gnu-tools-for-stm32.10.3-2021.10.win32_1.0.200.202301161003/tools/bin/../lib/gcc/arm-none-eabi/10.3.1/thumb/v8-m.main+fp/hard/crtbegin.o
                0x000000000800ee00                PROVIDE (__init_array_end = .)
                0x000000000800ee00                . = ALIGN (0x4)

.fini_array     0x000000000800ee00        0x4
                0x000000000800ee00                . = ALIGN (0x4)
                [!provide]                        PROVIDE (__fini_array_start = .)
 *(SORT_BY_NAME(.fini_array.*))
 *(.fini_array*)
 .fini_array    0x000000000800ee00        0x4 c:/st/stm32cubeide/stm32cubeide/plugins/com.st.stm32cube.ide.mcu.externaltools.gnu-tools-for-stm32.10.3-2021.10.win32_1.0.200.202301161003/tools/bin/../lib/gcc/arm-none-eabi/10.3.1/thumb/v8-m.main+fp/hard/crtbegin.o
                [!provide]                        PROVIDE (__fini_array_end = .)
                0x000000000800ee04                . = ALIGN (0x4)
                0x000000000800ee04                _sidata = LOADADDR (.data)

.data           0x0000000020000000       0x70 load address 0x000000000800ee04
                0x0000000020000000                . = ALIGN (0x4)
                0x0000000020000000                _sdata = .
 *(.data)
 *(.data*)
 .data.SystemCoreClock
                0x0000000020000000        0x4 ./Core/Src/system_stm32l5xx.o
                0x0000000020000000                SystemCoreClock
 .data.uwTickPrio
                0x0000000020000004        0x4 ./Drivers/STM32L5xx_HAL_Driver/Src/stm32l5xx_hal.o
                0x0000000020000004                uwTickPrio
 .data.uwTickFreq
                0x0000000020000008        0x1 ./Drivers/STM32L5xx_HAL_Driver/Src/stm32l5xx_hal.o
                0x0000000020000008                uwTickFreq
 .data.Stat     0x0000000020000009        0x1 ./FATFS/Target/sd_diskio.o
 *fill*         0x000000002000000a        0x2 
 .data._impure_ptr
                0x000000002000000c        0x4 c:/st/stm32cubeide/stm32cubeide/plugins/com.st.stm32cube.ide.mcu.externaltools.gnu-tools-for-stm32.10.3-2021.10.win32_1.0.200.202301161003/tools/bin/../lib/gcc/arm-none-eabi/10.3.1/../../../../arm-none-eabi/lib/thumb/v8-m.main+fp/hard\libc_nano.a(lib_a-impure.o)
                0x000000002000000c                _impure_ptr
 .data.impure_data
                0x0000000020000010       0x60 c:/st/stm32cubeide/stm32cubeide/plugins/com.st.stm32cube.ide.mcu.externaltools.gnu-tools-for-stm32.10.3-2021.10.win32_1.0.200.202301161003/tools/bin/../lib/gcc/arm-none-eabi/10.3.1/../../../../arm-none-eabi/lib/thumb/v8-m.main+fp/hard\libc_nano.a(lib_a-impure.o)
 *(.RamFunc)
 *(.RamFunc*)
                0x0000000020000070                . = ALIGN (0x4)
                0x0000000020000070                _edata = .

.igot.plt       0x0000000020000070        0x0 load address 0x000000000800ee74
 .igot.plt      0x0000000020000070        0x0 c:/st/stm32cubeide/stm32cubeide/plugins/com.st.stm32cube.ide.mcu.externaltools.gnu-tools-for-stm32.10.3-2021.10.win32_1.0.200.202301161003/tools/bin/../lib/gcc/arm-none-eabi/10.3.1/thumb/v8-m.main+fp/hard/crtbegin.o
                0x0000000020000070                . = ALIGN (0x4)

.bss            0x0000000020000070      0x39c load address 0x000000000800ee74
                0x0000000020000070                _sbss = .
                0x0000000020000070                __bss_start__ = _sbss
 *(.bss)
 .bss           0x0000000020000070       0x1c c:/st/stm32cubeide/stm32cubeide/plugins/com.st.stm32cube.ide.mcu.externaltools.gnu-tools-for-stm32.10.3-2021.10.win32_1.0.200.202301161003/tools/bin/../lib/gcc/arm-none-eabi/10.3.1/thumb/v8-m.main+fp/hard/crtbegin.o
 *(.bss*)
 .bss.msg_formatted
                0x000000002000008c      0x12c ./Core/Src/dbg.o
                0x000000002000008c                msg_formatted
 .bss.hospi1    0x00000000200001b8       0x58 ./Core/Src/main.o
                0x00000000200001b8                hospi1
 .bss.hrtc      0x0000000020000210       0x28 ./Core/Src/main.o
                0x0000000020000210                hrtc
 .bss.hsd1      0x0000000020000238       0x7c ./Core/Src/main.o
                0x0000000020000238                hsd1
 .bss.huart1    0x00000000200002b4       0x94 ./Core/Src/main.o
                0x00000000200002b4                huart1
 .bss.hdma_usart1_tx
                0x0000000020000348       0x68 ./Core/Src/main.o
                0x0000000020000348                hdma_usart1_tx
 .bss.sd_dma_rx_semaphore
                0x00000000200003b0        0x4 ./Core/Src/main.o
                0x00000000200003b0                sd_dma_rx_semaphore
 .bss.sd_dma_tx_semaphore
                0x00000000200003b4        0x4 ./Core/Src/main.o
                0x00000000200003b4                sd_dma_tx_semaphore
 .bss.__sbrk_heap_end
                0x00000000200003b8        0x4 ./Core/Src/sysmem.o
 .bss.uwTick    0x00000000200003bc        0x4 ./Drivers/STM32L5xx_HAL_Driver/Src/stm32l5xx_hal.o
                0x00000000200003bc                uwTick
 .bss.SDPath    0x00000000200003c0        0x4 ./FATFS/App/app_fatfs.o
                0x00000000200003c0                SDPath
 .bss.Appli_state
                0x00000000200003c4        0x1 ./FATFS/App/app_fatfs.o
                0x00000000200003c4                Appli_state
 *fill*         0x00000000200003c5        0x3 
 .bss.FatFs     0x00000000200003c8        0x4 ./Middlewares/Third_Party/FatFs/src/ff.o
 .bss.Fsid      0x00000000200003cc        0x2 ./Middlewares/Third_Party/FatFs/src/ff.o
 *fill*         0x00000000200003ce        0x2 
 .bss.Files     0x00000000200003d0       0x20 ./Middlewares/Third_Party/FatFs/src/ff.o
 .bss.disk      0x00000000200003f0        0xc ./Middlewares/Third_Party/FatFs/src/ff_gen_drv.o
                0x00000000200003f0                disk
 .bss.__malloc_free_list
                0x00000000200003fc        0x4 c:/st/stm32cubeide/stm32cubeide/plugins/com.st.stm32cube.ide.mcu.externaltools.gnu-tools-for-stm32.10.3-2021.10.win32_1.0.200.202301161003/tools/bin/../lib/gcc/arm-none-eabi/10.3.1/../../../../arm-none-eabi/lib/thumb/v8-m.main+fp/hard\libc_nano.a(lib_a-nano-mallocr.o)
                0x00000000200003fc                __malloc_free_list
 .bss.__malloc_sbrk_start
                0x0000000020000400        0x4 c:/st/stm32cubeide/stm32cubeide/plugins/com.st.stm32cube.ide.mcu.externaltools.gnu-tools-for-stm32.10.3-2021.10.win32_1.0.200.202301161003/tools/bin/../lib/gcc/arm-none-eabi/10.3.1/../../../../arm-none-eabi/lib/thumb/v8-m.main+fp/hard\libc_nano.a(lib_a-nano-mallocr.o)
                0x0000000020000400                __malloc_sbrk_start
 .bss.errno     0x0000000020000404        0x4 c:/st/stm32cubeide/stm32cubeide/plugins/com.st.stm32cube.ide.mcu.externaltools.gnu-tools-for-stm32.10.3-2021.10.win32_1.0.200.202301161003/tools/bin/../lib/gcc/arm-none-eabi/10.3.1/../../../../arm-none-eabi/lib/thumb/v8-m.main+fp/hard\libc_nano.a(lib_a-reent.o)
                0x0000000020000404                errno
 .bss.__lock___malloc_recursive_mutex
                0x0000000020000408        0x1 c:/st/stm32cubeide/stm32cubeide/plugins/com.st.stm32cube.ide.mcu.externaltools.gnu-tools-for-stm32.10.3-2021.10.win32_1.0.200.202301161003/tools/bin/../lib/gcc/arm-none-eabi/10.3.1/../../../../arm-none-eabi/lib/thumb/v8-m.main+fp/hard\libc_nano.a(lib_a-lock.o)
                0x0000000020000408                __lock___malloc_recursive_mutex
 *(COMMON)
                0x000000002000040c                . = ALIGN (0x4)
 *fill*         0x0000000020000409        0x3 
                0x000000002000040c                _ebss = .
                0x000000002000040c                __bss_end__ = _ebss

._user_heap_stack
                0x000000002000040c      0xa04 load address 0x000000000800ee74
                0x0000000020000410                . = ALIGN (0x8)
 *fill*         0x000000002000040c        0x4 
                [!provide]                        PROVIDE (end = .)
                0x0000000020000410                PROVIDE (_end = .)
                0x0000000020000610                . = (. + _Min_Heap_Size)
 *fill*         0x0000000020000410      0x200 
                0x0000000020000e10                . = (. + _Min_Stack_Size)
 *fill*         0x0000000020000610      0x800 
                0x0000000020000e10                . = ALIGN (0x8)

/DISCARD/
 libc.a(*)
 libm.a(*)
 libgcc.a(*)

.ARM.attributes
                0x0000000000000000       0x36
 *(.ARM.attributes)
 .ARM.attributes
                0x0000000000000000       0x22 c:/st/stm32cubeide/stm32cubeide/plugins/com.st.stm32cube.ide.mcu.externaltools.gnu-tools-for-stm32.10.3-2021.10.win32_1.0.200.202301161003/tools/bin/../lib/gcc/arm-none-eabi/10.3.1/thumb/v8-m.main+fp/hard/crti.o
 .ARM.attributes
                0x0000000000000022       0x38 c:/st/stm32cubeide/stm32cubeide/plugins/com.st.stm32cube.ide.mcu.externaltools.gnu-tools-for-stm32.10.3-2021.10.win32_1.0.200.202301161003/tools/bin/../lib/gcc/arm-none-eabi/10.3.1/thumb/v8-m.main+fp/hard/crtbegin.o
 .ARM.attributes
                0x000000000000005a       0x3a ./Core/Src/dbg.o
 .ARM.attributes
                0x0000000000000094       0x3a ./Core/Src/main.o
 .ARM.attributes
                0x00000000000000ce       0x3a ./Core/Src/stm32l5xx_hal_msp.o
 .ARM.attributes
                0x0000000000000108       0x3a ./Core/Src/stm32l5xx_it.o
 .ARM.attributes
                0x0000000000000142       0x3a ./Core/Src/sysmem.o
 .ARM.attributes
                0x000000000000017c       0x3a ./Core/Src/system_stm32l5xx.o
 .ARM.attributes
                0x00000000000001b6       0x24 ./Core/Startup/startup_stm32l552vetx.o
 .ARM.attributes
                0x00000000000001da       0x3a ./Drivers/STM32L5xx_HAL_Driver/Src/stm32l5xx_hal.o
 .ARM.attributes
                0x0000000000000214       0x3a ./Drivers/STM32L5xx_HAL_Driver/Src/stm32l5xx_hal_cortex.o
 .ARM.attributes
                0x000000000000024e       0x3a ./Drivers/STM32L5xx_HAL_Driver/Src/stm32l5xx_hal_dma.o
 .ARM.attributes
                0x0000000000000288       0x3a ./Drivers/STM32L5xx_HAL_Driver/Src/stm32l5xx_hal_gpio.o
 .ARM.attributes
                0x00000000000002c2       0x3a ./Drivers/STM32L5xx_HAL_Driver/Src/stm32l5xx_hal_icache.o
 .ARM.attributes
                0x00000000000002fc       0x3a ./Drivers/STM32L5xx_HAL_Driver/Src/stm32l5xx_hal_ospi.o
 .ARM.attributes
                0x0000000000000336       0x3a ./Drivers/STM32L5xx_HAL_Driver/Src/stm32l5xx_hal_pwr.o
 .ARM.attributes
                0x0000000000000370       0x3a ./Drivers/STM32L5xx_HAL_Driver/Src/stm32l5xx_hal_pwr_ex.o
 .ARM.attributes
                0x00000000000003aa       0x3a ./Drivers/STM32L5xx_HAL_Driver/Src/stm32l5xx_hal_rcc.o
 .ARM.attributes
                0x00000000000003e4       0x3a ./Drivers/STM32L5xx_HAL_Driver/Src/stm32l5xx_hal_rcc_ex.o
 .ARM.attributes
                0x000000000000041e       0x3a ./Drivers/STM32L5xx_HAL_Driver/Src/stm32l5xx_hal_rtc.o
 .ARM.attributes
                0x0000000000000458       0x3a ./Drivers/STM32L5xx_HAL_Driver/Src/stm32l5xx_hal_rtc_ex.o
 .ARM.attributes
                0x0000000000000492       0x3a ./Drivers/STM32L5xx_HAL_Driver/Src/stm32l5xx_hal_sd.o
 .ARM.attributes
                0x00000000000004cc       0x3a ./Drivers/STM32L5xx_HAL_Driver/Src/stm32l5xx_hal_uart.o
 .ARM.attributes
                0x0000000000000506       0x3a ./Drivers/STM32L5xx_HAL_Driver/Src/stm32l5xx_hal_uart_ex.o
 .ARM.attributes
                0x0000000000000540       0x3a ./Drivers/STM32L5xx_HAL_Driver/Src/stm32l5xx_ll_sdmmc.o
 .ARM.attributes
                0x000000000000057a       0x3a ./FATFS/App/app_fatfs.o
 .ARM.attributes
                0x00000000000005b4       0x3a ./FATFS/Target/sd_diskio.o
 .ARM.attributes
                0x00000000000005ee       0x3a ./Middlewares/Third_Party/FatFs/src/diskio.o
 .ARM.attributes
                0x0000000000000628       0x3a ./Middlewares/Third_Party/FatFs/src/ff.o
 .ARM.attributes
                0x0000000000000662       0x3a ./Middlewares/Third_Party/FatFs/src/ff_gen_drv.o
 .ARM.attributes
                0x000000000000069c       0x3a ./Middlewares/Third_Party/FatFs/src/option/ccsbcs.o
 .ARM.attributes
                0x00000000000006d6       0x3a ./Middlewares/Third_Party/FatFs/src/option/syscall.o
 .ARM.attributes
                0x0000000000000710       0x38 c:/st/stm32cubeide/stm32cubeide/plugins/com.st.stm32cube.ide.mcu.externaltools.gnu-tools-for-stm32.10.3-2021.10.win32_1.0.200.202301161003/tools/bin/../lib/gcc/arm-none-eabi/10.3.1/../../../../arm-none-eabi/lib/thumb/v8-m.main+fp/hard\libc_nano.a(lib_a-errno.o)
 .ARM.attributes
                0x0000000000000748       0x38 c:/st/stm32cubeide/stm32cubeide/plugins/com.st.stm32cube.ide.mcu.externaltools.gnu-tools-for-stm32.10.3-2021.10.win32_1.0.200.202301161003/tools/bin/../lib/gcc/arm-none-eabi/10.3.1/../../../../arm-none-eabi/lib/thumb/v8-m.main+fp/hard\libc_nano.a(lib_a-impure.o)
 .ARM.attributes
                0x0000000000000780       0x38 c:/st/stm32cubeide/stm32cubeide/plugins/com.st.stm32cube.ide.mcu.externaltools.gnu-tools-for-stm32.10.3-2021.10.win32_1.0.200.202301161003/tools/bin/../lib/gcc/arm-none-eabi/10.3.1/../../../../arm-none-eabi/lib/thumb/v8-m.main+fp/hard\libc_nano.a(lib_a-init.o)
 .ARM.attributes
                0x00000000000007b8       0x38 c:/st/stm32cubeide/stm32cubeide/plugins/com.st.stm32cube.ide.mcu.externaltools.gnu-tools-for-stm32.10.3-2021.10.win32_1.0.200.202301161003/tools/bin/../lib/gcc/arm-none-eabi/10.3.1/../../../../arm-none-eabi/lib/thumb/v8-m.main+fp/hard\libc_nano.a(lib_a-malloc.o)
 .ARM.attributes
                0x00000000000007f0       0x38 c:/st/stm32cubeide/stm32cubeide/plugins/com.st.stm32cube.ide.mcu.externaltools.gnu-tools-for-stm32.10.3-2021.10.win32_1.0.200.202301161003/tools/bin/../lib/gcc/arm-none-eabi/10.3.1/../../../../arm-none-eabi/lib/thumb/v8-m.main+fp/hard\libc_nano.a(lib_a-memset.o)
 .ARM.attributes
                0x0000000000000828       0x38 c:/st/stm32cubeide/stm32cubeide/plugins/com.st.stm32cube.ide.mcu.externaltools.gnu-tools-for-stm32.10.3-2021.10.win32_1.0.200.202301161003/tools/bin/../lib/gcc/arm-none-eabi/10.3.1/../../../../arm-none-eabi/lib/thumb/v8-m.main+fp/hard\libc_nano.a(lib_a-nano-freer.o)
 .ARM.attributes
                0x0000000000000860       0x38 c:/st/stm32cubeide/stm32cubeide/plugins/com.st.stm32cube.ide.mcu.externaltools.gnu-tools-for-stm32.10.3-2021.10.win32_1.0.200.202301161003/tools/bin/../lib/gcc/arm-none-eabi/10.3.1/../../../../arm-none-eabi/lib/thumb/v8-m.main+fp/hard\libc_nano.a(lib_a-nano-mallocr.o)
 .ARM.attributes
                0x0000000000000898       0x38 c:/st/stm32cubeide/stm32cubeide/plugins/com.st.stm32cube.ide.mcu.externaltools.gnu-tools-for-stm32.10.3-2021.10.win32_1.0.200.202301161003/tools/bin/../lib/gcc/arm-none-eabi/10.3.1/../../../../arm-none-eabi/lib/thumb/v8-m.main+fp/hard\libc_nano.a(lib_a-sbrkr.o)
 .ARM.attributes
                0x00000000000008d0       0x38 c:/st/stm32cubeide/stm32cubeide/plugins/com.st.stm32cube.ide.mcu.externaltools.gnu-tools-for-stm32.10.3-2021.10.win32_1.0.200.202301161003/tools/bin/../lib/gcc/arm-none-eabi/10.3.1/../../../../arm-none-eabi/lib/thumb/v8-m.main+fp/hard\libc_nano.a(lib_a-sprintf.o)
 .ARM.attributes
                0x0000000000000908       0x17 c:/st/stm32cubeide/stm32cubeide/plugins/com.st.stm32cube.ide.mcu.externaltools.gnu-tools-for-stm32.10.3-2021.10.win32_1.0.200.202301161003/tools/bin/../lib/gcc/arm-none-eabi/10.3.1/../../../../arm-none-eabi/lib/thumb/v8-m.main+fp/hard\libc_nano.a(lib_a-strlen.o)
 .ARM.attributes
                0x000000000000091f       0x38 c:/st/stm32cubeide/stm32cubeide/plugins/com.st.stm32cube.ide.mcu.externaltools.gnu-tools-for-stm32.10.3-2021.10.win32_1.0.200.202301161003/tools/bin/../lib/gcc/arm-none-eabi/10.3.1/../../../../arm-none-eabi/lib/thumb/v8-m.main+fp/hard\libc_nano.a(lib_a-mlock.o)
 .ARM.attributes
                0x0000000000000957       0x38 c:/st/stm32cubeide/stm32cubeide/plugins/com.st.stm32cube.ide.mcu.externaltools.gnu-tools-for-stm32.10.3-2021.10.win32_1.0.200.202301161003/tools/bin/../lib/gcc/arm-none-eabi/10.3.1/../../../../arm-none-eabi/lib/thumb/v8-m.main+fp/hard\libc_nano.a(lib_a-nano-svfprintf.o)
 .ARM.attributes
                0x000000000000098f       0x38 c:/st/stm32cubeide/stm32cubeide/plugins/com.st.stm32cube.ide.mcu.externaltools.gnu-tools-for-stm32.10.3-2021.10.win32_1.0.200.202301161003/tools/bin/../lib/gcc/arm-none-eabi/10.3.1/../../../../arm-none-eabi/lib/thumb/v8-m.main+fp/hard\libc_nano.a(lib_a-nano-vfprintf_i.o)
 .ARM.attributes
                0x00000000000009c7       0x38 c:/st/stm32cubeide/stm32cubeide/plugins/com.st.stm32cube.ide.mcu.externaltools.gnu-tools-for-stm32.10.3-2021.10.win32_1.0.200.202301161003/tools/bin/../lib/gcc/arm-none-eabi/10.3.1/../../../../arm-none-eabi/lib/thumb/v8-m.main+fp/hard\libc_nano.a(lib_a-reent.o)
 .ARM.attributes
                0x00000000000009ff       0x38 c:/st/stm32cubeide/stm32cubeide/plugins/com.st.stm32cube.ide.mcu.externaltools.gnu-tools-for-stm32.10.3-2021.10.win32_1.0.200.202301161003/tools/bin/../lib/gcc/arm-none-eabi/10.3.1/../../../../arm-none-eabi/lib/thumb/v8-m.main+fp/hard\libc_nano.a(lib_a-lock.o)
 .ARM.attributes
                0x0000000000000a37       0x38 c:/st/stm32cubeide/stm32cubeide/plugins/com.st.stm32cube.ide.mcu.externaltools.gnu-tools-for-stm32.10.3-2021.10.win32_1.0.200.202301161003/tools/bin/../lib/gcc/arm-none-eabi/10.3.1/../../../../arm-none-eabi/lib/thumb/v8-m.main+fp/hard\libc_nano.a(lib_a-memchr-stub.o)
 .ARM.attributes
                0x0000000000000a6f       0x38 c:/st/stm32cubeide/stm32cubeide/plugins/com.st.stm32cube.ide.mcu.externaltools.gnu-tools-for-stm32.10.3-2021.10.win32_1.0.200.202301161003/tools/bin/../lib/gcc/arm-none-eabi/10.3.1/../../../../arm-none-eabi/lib/thumb/v8-m.main+fp/hard\libc_nano.a(lib_a-memcpy-stub.o)
 .ARM.attributes
                0x0000000000000aa7       0x38 c:/st/stm32cubeide/stm32cubeide/plugins/com.st.stm32cube.ide.mcu.externaltools.gnu-tools-for-stm32.10.3-2021.10.win32_1.0.200.202301161003/tools/bin/../lib/gcc/arm-none-eabi/10.3.1/../../../../arm-none-eabi/lib/thumb/v8-m.main+fp/hard\libc_nano.a(lib_a-memmove.o)
 .ARM.attributes
                0x0000000000000adf       0x38 c:/st/stm32cubeide/stm32cubeide/plugins/com.st.stm32cube.ide.mcu.externaltools.gnu-tools-for-stm32.10.3-2021.10.win32_1.0.200.202301161003/tools/bin/../lib/gcc/arm-none-eabi/10.3.1/../../../../arm-none-eabi/lib/thumb/v8-m.main+fp/hard\libc_nano.a(lib_a-nano-reallocr.o)
 .ARM.attributes
                0x0000000000000b17       0x38 c:/st/stm32cubeide/stm32cubeide/plugins/com.st.stm32cube.ide.mcu.externaltools.gnu-tools-for-stm32.10.3-2021.10.win32_1.0.200.202301161003/tools/bin/../lib/gcc/arm-none-eabi/10.3.1/../../../../arm-none-eabi/lib/thumb/v8-m.main+fp/hard\libc_nano.a(lib_a-nano-msizer.o)
 .ARM.attributes
                0x0000000000000b4f       0x22 c:/st/stm32cubeide/stm32cubeide/plugins/com.st.stm32cube.ide.mcu.externaltools.gnu-tools-for-stm32.10.3-2021.10.win32_1.0.200.202301161003/tools/bin/../lib/gcc/arm-none-eabi/10.3.1/thumb/v8-m.main+fp/hard\libgcc.a(_aeabi_uldivmod.o)
 .ARM.attributes
                0x0000000000000b71       0x38 c:/st/stm32cubeide/stm32cubeide/plugins/com.st.stm32cube.ide.mcu.externaltools.gnu-tools-for-stm32.10.3-2021.10.win32_1.0.200.202301161003/tools/bin/../lib/gcc/arm-none-eabi/10.3.1/thumb/v8-m.main+fp/hard\libgcc.a(_udivmoddi4.o)
 .ARM.attributes
                0x0000000000000ba9       0x22 c:/st/stm32cubeide/stm32cubeide/plugins/com.st.stm32cube.ide.mcu.externaltools.gnu-tools-for-stm32.10.3-2021.10.win32_1.0.200.202301161003/tools/bin/../lib/gcc/arm-none-eabi/10.3.1/thumb/v8-m.main+fp/hard\libgcc.a(_dvmd_tls.o)
 .ARM.attributes
                0x0000000000000bcb       0x22 c:/st/stm32cubeide/stm32cubeide/plugins/com.st.stm32cube.ide.mcu.externaltools.gnu-tools-for-stm32.10.3-2021.10.win32_1.0.200.202301161003/tools/bin/../lib/gcc/arm-none-eabi/10.3.1/thumb/v8-m.main+fp/hard/crtn.o