../Core/Src/main.c:158:5:main	8	static
../Core/Src/main.c:268:6:SystemClock_Config	104	static
../Core/Src/main.c:323:13:MX_I2C1_Init	8	static
../Core/Src/main.c:371:13:MX_I2C4_Init	8	static
../Core/Src/main.c:419:13:MX_ICACHE_Init	8	static
../Core/Src/main.c:447:13:MX_LPUART1_UART_Init	8	static
../Core/Src/main.c:495:13:MX_USART1_UART_Init	8	static
../Core/Src/main.c:543:13:MX_USART2_UART_Init	8	static
../Core/Src/main.c:591:13:MX_USART3_UART_Init	8	static
../Core/Src/main.c:639:13:MX_RTC_Init	32	static
../Core/Src/main.c:686:13:MX_SDMMC1_SD_Init	4	static
../Core/Src/main.c:712:13:MX_DMA_Init	16	static
../Core/Src/main.c:731:13:MX_GPIO_Init	56	static
../Core/Src/main.c:773:6:HAL_SD_TxCpltCallback	16	static
../Core/Src/main.c:780:6:HAL_SD_RxCpltCallback	16	static
../Core/Src/main.c:786:6:HAL_SD_ErrorCallback	16	static
../Core/Src/main.c:794:6:HAL_UART_RxCpltCallback	16	static
../Core/Src/main.c:826:6:StartDefaultTask	16	static
../Core/Src/main.c:848:6:sensors_f	96	static
../Core/Src/main.c:977:6:sensors_tmr_cb	16	static
../Core/Src/main.c:993:6:HAL_TIM_PeriodElapsedCallback	16	static
../Core/Src/main.c:1010:6:Error_Handler	8	static,ignoring_inline_asm
